I1215 18:53:37.002025 12658 AssetAttributesManager.cpp:117] Asset attributes (cubeSolid : cubeSolid) created and registered.
I1215 18:53:37.002048 12658 AssetAttributesManager.cpp:117] Asset attributes (cubeWireframe : cubeWireframe) created and registered.
WARNING: Logging before InitGoogleLogging() is written to STDERR
I1215 18:53:37.002103 12658 AssetAttributesManager.cpp:117] Asset attributes (cylinderSolid : cylinderSolid_rings_1_segments_12_halfLen_1_useTexCoords_false_useTangents_false_capEnds_true) created and registered.
I1215 18:53:37.002077 12659 ManagedContainerBase.cpp:19] ManagedContainerBase::convertFilenameToJSON : Filename : default changed to proposed JSON configuration filename : default.scene_dataset_config.json
I1215 18:53:37.002142 12659 AttributesManagerBase.h:283] AttributesManager<T>::createFromJsonOrDefaultInternal  (Dataset) : Proposing JSON name : default.scene_dataset_config.json from original name : default | This file  does not exist.
I1215 18:53:37.002161 12658 AssetAttributesManager.cpp:117] Asset attributes (cylinderWireframe : cylinderWireframe_rings_1_segments_32_halfLen_1) created and registered.
I1215 18:53:37.002197 12658 AssetAttributesManager.cpp:117] Asset attributes (icosphereSolid : icosphereSolid_subdivs_1) created and registered.
I1215 18:53:37.002224 12658 AssetAttributesManager.cpp:117] Asset attributes (icosphereWireframe : icosphereWireframe_subdivs_1) created and registered.
I1215 18:53:37.002260 12658 AssetAttributesManager.cpp:117] Asset attributes (uvSphereSolid : uvSphereSolid_rings_8_segments_16_useTexCoords_false_useTangents_false) created and registered.
I1215 18:53:37.002282 12659 AssetAttributesManager.cpp:117] Asset attributes (capsule3DSolid : capsule3DSolid_hemiRings_4_cylRings_1_segments_12_halfLen_0.75_useTexCoords_false_useTangents_false) created and registered.
I1215 18:53:37.002293 12658 AssetAttributesManager.cpp:117] Asset attributes (uvSphereWireframe : uvSphereWireframe_rings_16_segments_32) created and registered.
I1215 18:53:37.002314 12658 AssetAttributesManager.cpp:105] AssetAttributesManager::buildCtorFuncPtrMaps : Built default primitive asset templates : 12
I1215 18:53:37.002359 12659 AssetAttributesManager.cpp:117] Asset attributes (capsule3DWireframe : capsule3DWireframe_hemiRings_8_cylRings_1_segments_16_halfLen_1) created and registered.
I1215 18:53:37.002427 12659 AssetAttributesManager.cpp:117] Asset attributes (coneSolid : coneSolid_segments_12_halfLen_1.25_rings_1_useTexCoords_false_useTangents_false_capEnd_true) created and registered.
I1215 18:53:37.002476 12659 AssetAttributesManager.cpp:117] Asset attributes (coneWireframe : coneWireframe_segments_32_halfLen_1.25) created and registered.
I1215 18:53:37.002504 12659 AssetAttributesManager.cpp:117] Asset attributes (cubeSolid : cubeSolid) created and registered.
I1215 18:53:37.002526 12659 AssetAttributesManager.cpp:117] Asset attributes (cubeWireframe : cubeWireframe) created and registered.
I1215 18:53:37.002584 12659 AssetAttributesManager.cpp:117] Asset attributes (cylinderSolid : cylinderSolid_rings_1_segments_12_halfLen_1_useTexCoords_false_useTangents_false_capEnds_true) created and registered.
I1215 18:53:37.002635 12659 AssetAttributesManager.cpp:117] Asset attributes (cylinderWireframe : cylinderWireframe_rings_1_segments_32_halfLen_1) created and registered.
I1215 18:53:37.002671 12659 AssetAttributesManager.cpp:117] Asset attributes (icosphereSolid : icosphereSolid_subdivs_1) created and registered.
I1215 18:53:37.002699 12659 AssetAttributesManager.cpp:117] Asset attributes (icosphereWireframe : icosphereWireframe_subdivs_1) created and registered.
I1215 18:53:37.002748 12659 AssetAttributesManager.cpp:117] Asset attributes (uvSphereSolid : uvSphereSolid_rings_8_segments_16_useTexCoords_false_useTangents_false) created and registered.
I1215 18:53:37.002784 12659 AssetAttributesManager.cpp:117] Asset attributes (uvSphereWireframe : uvSphereWireframe_rings_16_segments_32) created and registered.
I1215 18:53:37.002801 12659 AssetAttributesManager.cpp:105] AssetAttributesManager::buildCtorFuncPtrMaps : Built default primitive asset templates : 12
I1215 18:53:37.002825 12660 SceneDatasetAttributesManager.cpp:23] File (default) not found, so new default dataset attributes created and registered.
I1215 18:53:37.002846 12660 MetadataMediator.cpp:47] MetadataMediator::createDataset : Dataset default successfully created.
I1215 18:53:37.002905 12655 AttributesManagerBase.h:283] AttributesManager<T>::createFromJsonOrDefaultInternal  (Physics Manager) : Proposing JSON name : ./data/default.physics_config.json from original name : ./data/default.physics_config.json | This file  does not exist.
I1215 18:53:37.002959 12655 PhysicsAttributesManager.cpp:27] File (./data/default.physics_config.json) not found, so new default physics manager attributes created and registered.
I1215 18:53:37.002981 12655 AbstractObjectAttributesManagerBase.h:175] AbstractObjectAttributesManager<T>::createObject  (Stage) : Making attributes with handle : data/scene_datasets/mp3d/x8F5xyUWy9e/x8F5xyUWy9e.glb
I1215 18:53:37.002996 12655 ManagedContainerBase.cpp:19] ManagedContainerBase::convertFilenameToJSON : Filename : data/scene_datasets/mp3d/x8F5xyUWy9e/x8F5xyUWy9e.glb changed to proposed JSON configuration filename : data/scene_datasets/mp3d/x8F5xyUWy9e/x8F5xyUWy9e.stage_config.json
I1215 18:53:37.003226 12658 SceneDatasetAttributesManager.cpp:23] File (default) not found, so new default dataset attributes created and registered.
I1215 18:53:37.003247 12658 MetadataMediator.cpp:47] MetadataMediator::createDataset : Dataset default successfully created.
I1215 18:53:37.003767 12659 SceneDatasetAttributesManager.cpp:23] File (default) not found, so new default dataset attributes created and registered.
I1215 18:53:37.003789 12659 MetadataMediator.cpp:47] MetadataMediator::createDataset : Dataset default successfully created.
I1215 18:53:37.003959 12656 AttributesManagerBase.h:283] AttributesManager<T>::createFromJsonOrDefaultInternal  (Physics Manager) : Proposing JSON name : ./data/default.physics_config.json from original name : ./data/default.physics_config.json | This file  does not exist.
I1215 18:53:37.004017 12656 PhysicsAttributesManager.cpp:27] File (./data/default.physics_config.json) not found, so new default physics manager attributes created and registered.
I1215 18:53:37.004038 12656 AbstractObjectAttributesManagerBase.h:175] AbstractObjectAttributesManager<T>::createObject  (Stage) : Making attributes with handle : data/scene_datasets/mp3d/X7HyMhZNoso/X7HyMhZNoso.glb
I1215 18:53:37.004051 12656 ManagedContainerBase.cpp:19] ManagedContainerBase::convertFilenameToJSON : Filename : data/scene_datasets/mp3d/X7HyMhZNoso/X7HyMhZNoso.glb changed to proposed JSON configuration filename : data/scene_datasets/mp3d/X7HyMhZNoso/X7HyMhZNoso.stage_config.json
I1215 18:53:37.004488 12662 AttributesManagerBase.h:283] AttributesManager<T>::createFromJsonOrDefaultInternal  (Physics Manager) : Proposing JSON name : ./data/default.physics_config.json from original name : ./data/default.physics_config.json | This file  does not exist.
2023-12-15 18:53:37,004 initializing sim Sim-dual
I1215 18:53:37.004541 12662 PhysicsAttributesManager.cpp:27] File (./data/default.physics_config.json) not found, so new default physics manager attributes created and registered.
I1215 18:53:37.004562 12662 AbstractObjectAttributesManagerBase.h:175] AbstractObjectAttributesManager<T>::createObject  (Stage) : Making attributes with handle : data/scene_datasets/mp3d/zsNo4HB9uLZ/zsNo4HB9uLZ.glb
I1215 18:53:37.004575 12662 ManagedContainerBase.cpp:19] ManagedContainerBase::convertFilenameToJSON : Filename : data/scene_datasets/mp3d/zsNo4HB9uLZ/zsNo4HB9uLZ.glb changed to proposed JSON configuration filename : data/scene_datasets/mp3d/zsNo4HB9uLZ/zsNo4HB9uLZ.stage_config.json
I1215 18:53:37.004693 12661 AttributesManagerBase.h:283] AttributesManager<T>::createFromJsonOrDefaultInternal  (Physics Manager) : Proposing JSON name : ./data/default.physics_config.json from original name : ./data/default.physics_config.json | This file  does not exist.
I1215 18:53:37.004750 12661 PhysicsAttributesManager.cpp:27] File (./data/default.physics_config.json) not found, so new default physics manager attributes created and registered.
I1215 18:53:37.004770 12661 AbstractObjectAttributesManagerBase.h:175] AbstractObjectAttributesManager<T>::createObject  (Stage) : Making attributes with handle : data/scene_datasets/mp3d/pLe4wQe7qrG/pLe4wQe7qrG.glb
I1215 18:53:37.004783 12661 ManagedContainerBase.cpp:19] ManagedContainerBase::convertFilenameToJSON : Filename : data/scene_datasets/mp3d/pLe4wQe7qrG/pLe4wQe7qrG.glb changed to proposed JSON configuration filename : data/scene_datasets/mp3d/pLe4wQe7qrG/pLe4wQe7qrG.stage_config.json
WARNING: Logging before InitGoogleLogging() is written to STDERR
I1215 18:53:37.005800 12657 ManagedContainerBase.cpp:19] ManagedContainerBase::convertFilenameToJSON : Filename : default changed to proposed JSON configuration filename : default.scene_dataset_config.json
I1215 18:53:37.005854 12657 AttributesManagerBase.h:283] AttributesManager<T>::createFromJsonOrDefaultInternal  (Dataset) : Proposing JSON name : default.scene_dataset_config.json from original name : default | This file  does not exist.
I1215 18:53:37.005992 12657 AssetAttributesManager.cpp:117] Asset attributes (capsule3DSolid : capsule3DSolid_hemiRings_4_cylRings_1_segments_12_halfLen_0.75_useTexCoords_false_useTangents_false) created and registered.
I1215 18:53:37.006069 12657 AssetAttributesManager.cpp:117] Asset attributes (capsule3DWireframe : capsule3DWireframe_hemiRings_8_cylRings_1_segments_16_halfLen_1) created and registered.
I1215 18:53:37.006134 12657 AssetAttributesManager.cpp:117] Asset attributes (coneSolid : coneSolid_segments_12_halfLen_1.25_rings_1_useTexCoords_false_useTangents_false_capEnd_true) created and registered.
I1215 18:53:37.006183 12657 AssetAttributesManager.cpp:117] Asset attributes (coneWireframe : coneWireframe_segments_32_halfLen_1.25) created and registered.
I1215 18:53:37.006212 12657 AssetAttributesManager.cpp:117] Asset attributes (cubeSolid : cubeSolid) created and registered.
I1215 18:53:37.006234 12657 AssetAttributesManager.cpp:117] Asset attributes (cubeWireframe : cubeWireframe) created and registered.
I1215 18:53:37.006294 12657 AssetAttributesManager.cpp:117] Asset attributes (cylinderSolid : cylinderSolid_rings_1_segments_12_halfLen_1_useTexCoords_false_useTangents_false_capEnds_true) created and registered.
I1215 18:53:37.006343 12657 AssetAttributesManager.cpp:117] Asset attributes (cylinderWireframe : cylinderWireframe_rings_1_segments_32_halfLen_1) created and registered.
I1215 18:53:37.006378 12657 AssetAttributesManager.cpp:117] Asset attributes (icosphereSolid : icosphereSolid_subdivs_1) created and registered.
I1215 18:53:37.006408 12657 AssetAttributesManager.cpp:117] Asset attributes (icosphereWireframe : icosphereWireframe_subdivs_1) created and registered.
I1215 18:53:37.006446 12657 AssetAttributesManager.cpp:117] Asset attributes (uvSphereSolid : uvSphereSolid_rings_8_segments_16_useTexCoords_false_useTangents_false) created and registered.
I1215 18:53:37.006480 12657 AssetAttributesManager.cpp:117] Asset attributes (uvSphereWireframe : uvSphereWireframe_rings_16_segments_32) created and registered.
I1215 18:53:37.006500 12657 AssetAttributesManager.cpp:105] AssetAttributesManager::buildCtorFuncPtrMaps : Built default primitive asset templates : 12
I1215 18:53:37.007463 12657 SceneDatasetAttributesManager.cpp:23] File (default) not found, so new default dataset attributes created and registered.
I1215 18:53:37.007484 12657 MetadataMediator.cpp:47] MetadataMediator::createDataset : Dataset default successfully created.
I1215 18:53:37.009145 12660 AttributesManagerBase.h:283] AttributesManager<T>::createFromJsonOrDefaultInternal  (Physics Manager) : Proposing JSON name : ./data/default.physics_config.json from original name : ./data/default.physics_config.json | This file  does not exist.
I1215 18:53:37.009186 12660 PhysicsAttributesManager.cpp:27] File (./data/default.physics_config.json) not found, so new default physics manager attributes created and registered.
I1215 18:53:37.009204 12660 AbstractObjectAttributesManagerBase.h:175] AbstractObjectAttributesManager<T>::createObject  (Stage) : Making attributes with handle : data/scene_datasets/mp3d/Z6MFQCViBuw/Z6MFQCViBuw.glb
I1215 18:53:37.009217 12660 ManagedContainerBase.cpp:19] ManagedContainerBase::convertFilenameToJSON : Filename : data/scene_datasets/mp3d/Z6MFQCViBuw/Z6MFQCViBuw.glb changed to proposed JSON configuration filename : data/scene_datasets/mp3d/Z6MFQCViBuw/Z6MFQCViBuw.stage_config.json
I1215 18:53:37.009613 12658 AttributesManagerBase.h:283] AttributesManager<T>::createFromJsonOrDefaultInternal  (Physics Manager) : Proposing JSON name : ./data/default.physics_config.json from original name : ./data/default.physics_config.json | This file  does not exist.
I1215 18:53:37.009656 12658 PhysicsAttributesManager.cpp:27] File (./data/default.physics_config.json) not found, so new default physics manager attributes created and registered.
I1215 18:53:37.009675 12658 AbstractObjectAttributesManagerBase.h:175] AbstractObjectAttributesManager<T>::createObject  (Stage) : Making attributes with handle : data/scene_datasets/mp3d/8194nk5LbLH/8194nk5LbLH.glb
I1215 18:53:37.009687 12658 ManagedContainerBase.cpp:19] ManagedContainerBase::convertFilenameToJSON : Filename : data/scene_datasets/mp3d/8194nk5LbLH/8194nk5LbLH.glb changed to proposed JSON configuration filename : data/scene_datasets/mp3d/8194nk5LbLH/8194nk5LbLH.stage_config.json
I1215 18:53:37.010102 12659 AttributesManagerBase.h:283] AttributesManager<T>::createFromJsonOrDefaultInternal  (Physics Manager) : Proposing JSON name : ./data/default.physics_config.json from original name : ./data/default.physics_config.json | This file  does not exist.
I1215 18:53:37.010145 12659 PhysicsAttributesManager.cpp:27] File (./data/default.physics_config.json) not found, so new default physics manager attributes created and registered.
I1215 18:53:37.010162 12659 AbstractObjectAttributesManagerBase.h:175] AbstractObjectAttributesManager<T>::createObject  (Stage) : Making attributes with handle : data/scene_datasets/mp3d/oLBMNvg9in8/oLBMNvg9in8.glb
I1215 18:53:37.010175 12659 ManagedContainerBase.cpp:19] ManagedContainerBase::convertFilenameToJSON : Filename : data/scene_datasets/mp3d/oLBMNvg9in8/oLBMNvg9in8.glb changed to proposed JSON configuration filename : data/scene_datasets/mp3d/oLBMNvg9in8/oLBMNvg9in8.stage_config.json
I1215 18:53:37.013531 12657 AttributesManagerBase.h:283] AttributesManager<T>::createFromJsonOrDefaultInternal  (Physics Manager) : Proposing JSON name : ./data/default.physics_config.json from original name : ./data/default.physics_config.json | This file  does not exist.
I1215 18:53:37.013572 12657 PhysicsAttributesManager.cpp:27] File (./data/default.physics_config.json) not found, so new default physics manager attributes created and registered.
I1215 18:53:37.013589 12657 AbstractObjectAttributesManagerBase.h:175] AbstractObjectAttributesManager<T>::createObject  (Stage) : Making attributes with handle : data/scene_datasets/mp3d/TbHJrupSAjP/TbHJrupSAjP.glb
I1215 18:53:37.013600 12657 ManagedContainerBase.cpp:19] ManagedContainerBase::convertFilenameToJSON : Filename : data/scene_datasets/mp3d/TbHJrupSAjP/TbHJrupSAjP.glb changed to proposed JSON configuration filename : data/scene_datasets/mp3d/TbHJrupSAjP/TbHJrupSAjP.stage_config.json
I1215 18:53:37.034205 12655 AttributesManagerBase.h:283] AttributesManager<T>::createFromJsonOrDefaultInternal  (Stage) : Proposing JSON name : data/scene_datasets/mp3d/x8F5xyUWy9e/x8F5xyUWy9e.stage_config.json from original name : data/scene_datasets/mp3d/x8F5xyUWy9e/x8F5xyUWy9e.glb | This file  does not exist.
I1215 18:53:37.036767 12655 AbstractObjectAttributesManagerBase.h:181] AbstractObjectAttributesManager<T>::createObject  (Stage) : Done making attributes with handle : data/scene_datasets/mp3d/x8F5xyUWy9e/x8F5xyUWy9e.glb
I1215 18:53:37.036814 12655 AbstractObjectAttributesManagerBase.h:188] File (data/scene_datasets/mp3d/x8F5xyUWy9e/x8F5xyUWy9e.glb) exists but is not a recognized config filename extension, so new default Stage attributes created and registered.
I1215 18:53:37.036864 12655 Simulator.cpp:156] Loading navmesh from data/scene_datasets/mp3d/x8F5xyUWy9e/x8F5xyUWy9e.navmesh
I1215 18:53:37.038080 12655 Simulator.cpp:158] Loaded.
I1215 18:53:37.038151 12655 SceneGraph.h:93] Created DrawableGroup: 
I1215 18:53:37.046900 12656 AttributesManagerBase.h:283] AttributesManager<T>::createFromJsonOrDefaultInternal  (Stage) : Proposing JSON name : data/scene_datasets/mp3d/X7HyMhZNoso/X7HyMhZNoso.stage_config.json from original name : data/scene_datasets/mp3d/X7HyMhZNoso/X7HyMhZNoso.glb | This file  does not exist.
I1215 18:53:37.061935 12656 AbstractObjectAttributesManagerBase.h:181] AbstractObjectAttributesManager<T>::createObject  (Stage) : Done making attributes with handle : data/scene_datasets/mp3d/X7HyMhZNoso/X7HyMhZNoso.glb
I1215 18:53:37.061975 12656 AbstractObjectAttributesManagerBase.h:188] File (data/scene_datasets/mp3d/X7HyMhZNoso/X7HyMhZNoso.glb) exists but is not a recognized config filename extension, so new default Stage attributes created and registered.
I1215 18:53:37.062014 12656 Simulator.cpp:156] Loading navmesh from data/scene_datasets/mp3d/X7HyMhZNoso/X7HyMhZNoso.navmesh
I1215 18:53:37.065495 12662 AttributesManagerBase.h:283] AttributesManager<T>::createFromJsonOrDefaultInternal  (Stage) : Proposing JSON name : data/scene_datasets/mp3d/zsNo4HB9uLZ/zsNo4HB9uLZ.stage_config.json from original name : data/scene_datasets/mp3d/zsNo4HB9uLZ/zsNo4HB9uLZ.glb | This file  does not exist.
I1215 18:53:37.072969 12661 AttributesManagerBase.h:283] AttributesManager<T>::createFromJsonOrDefaultInternal  (Stage) : Proposing JSON name : data/scene_datasets/mp3d/pLe4wQe7qrG/pLe4wQe7qrG.stage_config.json from original name : data/scene_datasets/mp3d/pLe4wQe7qrG/pLe4wQe7qrG.glb | This file  does not exist.
I1215 18:53:37.075680 12656 Simulator.cpp:158] Loaded.
I1215 18:53:37.075760 12656 SceneGraph.h:93] Created DrawableGroup: 
I1215 18:53:37.081763 12662 AbstractObjectAttributesManagerBase.h:181] AbstractObjectAttributesManager<T>::createObject  (Stage) : Done making attributes with handle : data/scene_datasets/mp3d/zsNo4HB9uLZ/zsNo4HB9uLZ.glb
I1215 18:53:37.081805 12662 AbstractObjectAttributesManagerBase.h:188] File (data/scene_datasets/mp3d/zsNo4HB9uLZ/zsNo4HB9uLZ.glb) exists but is not a recognized config filename extension, so new default Stage attributes created and registered.
I1215 18:53:37.081847 12662 Simulator.cpp:156] Loading navmesh from data/scene_datasets/mp3d/zsNo4HB9uLZ/zsNo4HB9uLZ.navmesh
I1215 18:53:37.085335 12660 AttributesManagerBase.h:283] AttributesManager<T>::createFromJsonOrDefaultInternal  (Stage) : Proposing JSON name : data/scene_datasets/mp3d/Z6MFQCViBuw/Z6MFQCViBuw.stage_config.json from original name : data/scene_datasets/mp3d/Z6MFQCViBuw/Z6MFQCViBuw.glb | This file  does not exist.
I1215 18:53:37.085402 12658 AttributesManagerBase.h:283] AttributesManager<T>::createFromJsonOrDefaultInternal  (Stage) : Proposing JSON name : data/scene_datasets/mp3d/8194nk5LbLH/8194nk5LbLH.stage_config.json from original name : data/scene_datasets/mp3d/8194nk5LbLH/8194nk5LbLH.glb | This file  does not exist.
I1215 18:53:37.093696 12659 AttributesManagerBase.h:283] AttributesManager<T>::createFromJsonOrDefaultInternal  (Stage) : Proposing JSON name : data/scene_datasets/mp3d/oLBMNvg9in8/oLBMNvg9in8.stage_config.json from original name : data/scene_datasets/mp3d/oLBMNvg9in8/oLBMNvg9in8.glb | This file  does not exist.
I1215 18:53:37.094002 12661 AbstractObjectAttributesManagerBase.h:181] AbstractObjectAttributesManager<T>::createObject  (Stage) : Done making attributes with handle : data/scene_datasets/mp3d/pLe4wQe7qrG/pLe4wQe7qrG.glb
I1215 18:53:37.094050 12661 AbstractObjectAttributesManagerBase.h:188] File (data/scene_datasets/mp3d/pLe4wQe7qrG/pLe4wQe7qrG.glb) exists but is not a recognized config filename extension, so new default Stage attributes created and registered.
I1215 18:53:37.094098 12661 Simulator.cpp:156] Loading navmesh from data/scene_datasets/mp3d/pLe4wQe7qrG/pLe4wQe7qrG.navmesh
I1215 18:53:37.094211 12662 Simulator.cpp:158] Loaded.
I1215 18:53:37.094291 12662 SceneGraph.h:93] Created DrawableGroup: 
I1215 18:53:37.094782 12658 AbstractObjectAttributesManagerBase.h:181] AbstractObjectAttributesManager<T>::createObject  (Stage) : Done making attributes with handle : data/scene_datasets/mp3d/8194nk5LbLH/8194nk5LbLH.glb
I1215 18:53:37.094830 12658 AbstractObjectAttributesManagerBase.h:188] File (data/scene_datasets/mp3d/8194nk5LbLH/8194nk5LbLH.glb) exists but is not a recognized config filename extension, so new default Stage attributes created and registered.
I1215 18:53:37.094877 12658 Simulator.cpp:156] Loading navmesh from data/scene_datasets/mp3d/8194nk5LbLH/8194nk5LbLH.navmesh
I1215 18:53:37.095162 12657 AttributesManagerBase.h:283] AttributesManager<T>::createFromJsonOrDefaultInternal  (Stage) : Proposing JSON name : data/scene_datasets/mp3d/TbHJrupSAjP/TbHJrupSAjP.stage_config.json from original name : data/scene_datasets/mp3d/TbHJrupSAjP/TbHJrupSAjP.glb | This file  does not exist.
I1215 18:53:37.098727 12657 AbstractObjectAttributesManagerBase.h:181] AbstractObjectAttributesManager<T>::createObject  (Stage) : Done making attributes with handle : data/scene_datasets/mp3d/TbHJrupSAjP/TbHJrupSAjP.glb
I1215 18:53:37.098778 12657 AbstractObjectAttributesManagerBase.h:188] File (data/scene_datasets/mp3d/TbHJrupSAjP/TbHJrupSAjP.glb) exists but is not a recognized config filename extension, so new default Stage attributes created and registered.
I1215 18:53:37.098829 12657 Simulator.cpp:156] Loading navmesh from data/scene_datasets/mp3d/TbHJrupSAjP/TbHJrupSAjP.navmesh
I1215 18:53:37.101898 12660 AbstractObjectAttributesManagerBase.h:181] AbstractObjectAttributesManager<T>::createObject  (Stage) : Done making attributes with handle : data/scene_datasets/mp3d/Z6MFQCViBuw/Z6MFQCViBuw.glb
I1215 18:53:37.101943 12660 AbstractObjectAttributesManagerBase.h:188] File (data/scene_datasets/mp3d/Z6MFQCViBuw/Z6MFQCViBuw.glb) exists but is not a recognized config filename extension, so new default Stage attributes created and registered.
I1215 18:53:37.101987 12660 Simulator.cpp:156] Loading navmesh from data/scene_datasets/mp3d/Z6MFQCViBuw/Z6MFQCViBuw.navmesh
I1215 18:53:37.107652 12658 Simulator.cpp:158] Loaded.
I1215 18:53:37.107746 12658 SceneGraph.h:93] Created DrawableGroup: 
I1215 18:53:37.111047 12657 Simulator.cpp:158] Loaded.
I1215 18:53:37.111110 12661 Simulator.cpp:158] Loaded.
I1215 18:53:37.111124 12657 SceneGraph.h:93] Created DrawableGroup: 
I1215 18:53:37.111183 12661 SceneGraph.h:93] Created DrawableGroup: 
I1215 18:53:37.112046 12659 AbstractObjectAttributesManagerBase.h:181] AbstractObjectAttributesManager<T>::createObject  (Stage) : Done making attributes with handle : data/scene_datasets/mp3d/oLBMNvg9in8/oLBMNvg9in8.glb
I1215 18:53:37.112092 12659 AbstractObjectAttributesManagerBase.h:188] File (data/scene_datasets/mp3d/oLBMNvg9in8/oLBMNvg9in8.glb) exists but is not a recognized config filename extension, so new default Stage attributes created and registered.
I1215 18:53:37.112136 12659 Simulator.cpp:156] Loading navmesh from data/scene_datasets/mp3d/oLBMNvg9in8/oLBMNvg9in8.navmesh
I1215 18:53:37.115604 12660 Simulator.cpp:158] Loaded.
I1215 18:53:37.115675 12660 SceneGraph.h:93] Created DrawableGroup: 
I1215 18:53:37.124735 12659 Simulator.cpp:158] Loaded.
I1215 18:53:37.124810 12659 SceneGraph.h:93] Created DrawableGroup: 
Renderer: Tesla V100-PCIE-32GB/PCIe/SSE2 by NVIDIA Corporation
OpenGL version: 4.6.0 NVIDIA 530.30.02
Using optional features:
    GL_ARB_ES2_compatibility
    GL_ARB_direct_state_access
    GL_ARB_get_texture_sub_image
    GL_ARB_invalidate_subdata
    GL_ARB_multi_bind
    GL_ARB_robustness
    GL_ARB_separate_shader_objects
    GL_ARB_texture_filter_anisotropic
    GL_ARB_texture_storage
    GL_ARB_texture_storage_multisample
    GL_ARB_vertex_array_object
    GL_KHR_debug
Using driver workarounds:
    no-forward-compatible-core-context
    nv-egl-incorrect-gl11-function-pointers
    no-layout-qualifiers-on-old-glsl
    nv-zero-context-profile-mask
    nv-implementation-color-read-format-dsa-broken
    nv-cubemap-inconsistent-compressed-image-size
    nv-cubemap-broken-full-compressed-image-query
    nv-compressed-block-size-in-bits
Renderer: Tesla V100-PCIE-32GB/PCIe/SSE2 by NVIDIA Corporation
OpenGL version: 4.6.0 NVIDIA 530.30.02
Using optional features:
    GL_ARB_ES2_compatibility
    GL_ARB_direct_state_access
    GL_ARB_get_texture_sub_image
    GL_ARB_invalidate_subdata
    GL_ARB_multi_bind
I1215 18:53:37.671411 12656 ResourceManager.cpp:234] ResourceManager::loadStage : Not loading semantic mesh
    GL_ARB_robustness
I1215 18:53:37.671454 12656 ResourceManager.cpp:262] ResourceManager::loadStage : start load render asset data/scene_datasets/mp3d/X7HyMhZNoso/X7HyMhZNoso.glb.
    GL_ARB_separate_shader_objects
I1215 18:53:37.671469 12656 ResourceManager.cpp:569] ResourceManager::loadStageInternal : Attempting to load stage data/scene_datasets/mp3d/X7HyMhZNoso/X7HyMhZNoso.glb 
    GL_ARB_texture_filter_anisotropic
    GL_ARB_texture_storage
    GL_ARB_texture_storage_multisample
    GL_ARB_vertex_array_object
    GL_KHR_debug
Using driver workarounds:
    no-forward-compatible-core-context
I1215 18:53:37.671527 12656 ResourceManager.cpp:1119] Importing Basis files as BC7 for X7HyMhZNoso.glb
    nv-egl-incorrect-gl11-function-pointers
    no-layout-qualifiers-on-old-glsl
    nv-zero-context-profile-mask
    nv-implementation-color-read-format-dsa-broken
    nv-cubemap-inconsistent-compressed-image-size
    nv-cubemap-broken-full-compressed-image-query
    nv-compressed-block-size-in-bits
I1215 18:53:37.672158 12657 ResourceManager.cpp:234] ResourceManager::loadStage : Not loading semantic mesh
I1215 18:53:37.672189 12657 ResourceManager.cpp:262] ResourceManager::loadStage : start load render asset data/scene_datasets/mp3d/TbHJrupSAjP/TbHJrupSAjP.glb.
I1215 18:53:37.672200 12657 ResourceManager.cpp:569] ResourceManager::loadStageInternal : Attempting to load stage data/scene_datasets/mp3d/TbHJrupSAjP/TbHJrupSAjP.glb 
I1215 18:53:37.672233 12657 ResourceManager.cpp:1119] Importing Basis files as BC7 for TbHJrupSAjP.glb
Renderer: Tesla V100-PCIE-32GB/PCIe/SSE2 by NVIDIA Corporation
OpenGL version: 4.6.0 NVIDIA 530.30.02
Using optional features:
    GL_ARB_ES2_compatibility
    GL_ARB_direct_state_access
    GL_ARB_get_texture_sub_image
    GL_ARB_invalidate_subdata
    GL_ARB_multi_bind
    GL_ARB_robustness
    GL_ARB_separate_shader_objects
    GL_ARB_texture_filter_anisotropic
    GL_ARB_texture_storage
    GL_ARB_texture_storage_multisample
    GL_ARB_vertex_array_object
    GL_KHR_debug
Using driver workarounds:
    no-forward-compatible-core-context
    nv-egl-incorrect-gl11-function-pointers
    no-layout-qualifiers-on-old-glsl
    nv-zero-context-profile-mask
    nv-implementation-color-read-format-dsa-broken
    nv-cubemap-inconsistent-compressed-image-size
    nv-cubemap-broken-full-compressed-image-query
    nv-compressed-block-size-in-bits
I1215 18:53:37.676931 12655 ResourceManager.cpp:234] ResourceManager::loadStage : Not loading semantic mesh
I1215 18:53:37.676964 12655 ResourceManager.cpp:262] ResourceManager::loadStage : start load render asset data/scene_datasets/mp3d/x8F5xyUWy9e/x8F5xyUWy9e.glb.
I1215 18:53:37.676975 12655 ResourceManager.cpp:569] ResourceManager::loadStageInternal : Attempting to load stage data/scene_datasets/mp3d/x8F5xyUWy9e/x8F5xyUWy9e.glb 
I1215 18:53:37.677007 12655 ResourceManager.cpp:1119] Importing Basis files as BC7 for x8F5xyUWy9e.glb
Renderer: Tesla V100-PCIE-32GB/PCIe/SSE2 by NVIDIA Corporation
OpenGL version: 4.6.0 NVIDIA 530.30.02
Using optional features:
    GL_ARB_ES2_compatibility
    GL_ARB_direct_state_access
    GL_ARB_get_texture_sub_image
    GL_ARB_invalidate_subdata
    GL_ARB_multi_bind
    GL_ARB_robustness
    GL_ARB_separate_shader_objects
    GL_ARB_texture_filter_anisotropic
    GL_ARB_texture_storage
    GL_ARB_texture_storage_multisample
    GL_ARB_vertex_array_object
    GL_KHR_debug
Using driver workarounds:
    no-forward-compatible-core-context
    nv-egl-incorrect-gl11-function-pointers
    no-layout-qualifiers-on-old-glsl
    nv-zero-context-profile-mask
    nv-implementation-color-read-format-dsa-broken
    nv-cubemap-inconsistent-compressed-image-size
    nv-cubemap-broken-full-compressed-image-query
    nv-compressed-block-size-in-bits
I1215 18:53:37.679091 12661 ResourceManager.cpp:234] ResourceManager::loadStage : Not loading semantic mesh
I1215 18:53:37.679124 12661 ResourceManager.cpp:262] ResourceManager::loadStage : start load render asset data/scene_datasets/mp3d/pLe4wQe7qrG/pLe4wQe7qrG.glb.
I1215 18:53:37.679134 12661 ResourceManager.cpp:569] ResourceManager::loadStageInternal : Attempting to load stage data/scene_datasets/mp3d/pLe4wQe7qrG/pLe4wQe7qrG.glb 
I1215 18:53:37.679167 12661 ResourceManager.cpp:1119] Importing Basis files as BC7 for pLe4wQe7qrG.glb
Renderer: Tesla V100-PCIE-32GB/PCIe/SSE2 by NVIDIA Corporation
OpenGL version: 4.6.0 NVIDIA 530.30.02
Using optional features:
    GL_ARB_ES2_compatibility
    GL_ARB_direct_state_access
    GL_ARB_get_texture_sub_image
    GL_ARB_invalidate_subdata
    GL_ARB_multi_bind
    GL_ARB_robustness
    GL_ARB_separate_shader_objects
    GL_ARB_texture_filter_anisotropic
    GL_ARB_texture_storage
    GL_ARB_texture_storage_multisample
    GL_ARB_vertex_array_object
    GL_KHR_debug
Using driver workarounds:
    no-forward-compatible-core-context
    nv-egl-incorrect-gl11-function-pointers
    no-layout-qualifiers-on-old-glsl
    nv-zero-context-profile-mask
    nv-implementation-color-read-format-dsa-broken
    nv-cubemap-inconsistent-compressed-image-size
    nv-cubemap-broken-full-compressed-image-query
    nv-compressed-block-size-in-bits
I1215 18:53:37.682485 12659 ResourceManager.cpp:234] ResourceManager::loadStage : Not loading semantic mesh
I1215 18:53:37.682518 12659 ResourceManager.cpp:262] ResourceManager::loadStage : start load render asset data/scene_datasets/mp3d/oLBMNvg9in8/oLBMNvg9in8.glb.
I1215 18:53:37.682528 12659 ResourceManager.cpp:569] ResourceManager::loadStageInternal : Attempting to load stage data/scene_datasets/mp3d/oLBMNvg9in8/oLBMNvg9in8.glb 
I1215 18:53:37.682561 12659 ResourceManager.cpp:1119] Importing Basis files as BC7 for oLBMNvg9in8.glb
Renderer: Tesla V100-PCIE-32GB/PCIe/SSE2 by NVIDIA Corporation
OpenGL version: 4.6.0 NVIDIA 530.30.02
Using optional features:
    GL_ARB_ES2_compatibility
    GL_ARB_direct_state_access
    GL_ARB_get_texture_sub_image
    GL_ARB_invalidate_subdata
    GL_ARB_multi_bind
    GL_ARB_robustness
    GL_ARB_separate_shader_objects
    GL_ARB_texture_filter_anisotropic
    GL_ARB_texture_storage
    GL_ARB_texture_storage_multisample
    GL_ARB_vertex_array_object
    GL_KHR_debug
Using driver workarounds:
    no-forward-compatible-core-context
    nv-egl-incorrect-gl11-function-pointers
    no-layout-qualifiers-on-old-glsl
    nv-zero-context-profile-mask
    nv-implementation-color-read-format-dsa-broken
    nv-cubemap-inconsistent-compressed-image-size
    nv-cubemap-broken-full-compressed-image-query
    nv-compressed-block-size-in-bits
Renderer: Tesla V100-PCIE-32GB/PCIe/SSE2 by NVIDIA Corporation
OpenGL version: 4.6.0 NVIDIA 530.30.02
Using optional features:
    GL_ARB_ES2_compatibility
    GL_ARB_direct_state_access
    GL_ARB_get_texture_sub_image
    GL_ARB_invalidate_subdata
    GL_ARB_multi_bind
    GL_ARB_robustness
    GL_ARB_separate_shader_objects
    GL_ARB_texture_filter_anisotropic
    GL_ARB_texture_storage
    GL_ARB_texture_storage_multisample
    GL_ARB_vertex_array_object
    GL_KHR_debug
Using driver workarounds:
    no-forward-compatible-core-context
    nv-egl-incorrect-gl11-function-pointers
    no-layout-qualifiers-on-old-glsl
    nv-zero-context-profile-mask
    nv-implementation-color-read-format-dsa-broken
    nv-cubemap-inconsistent-compressed-image-size
    nv-cubemap-broken-full-compressed-image-query
    nv-compressed-block-size-in-bits
I1215 18:53:37.685143 12660 ResourceManager.cpp:234] ResourceManager::loadStage : Not loading semantic mesh
I1215 18:53:37.685175 12660 ResourceManager.cpp:262] ResourceManager::loadStage : start load render asset data/scene_datasets/mp3d/Z6MFQCViBuw/Z6MFQCViBuw.glb.
I1215 18:53:37.685185 12660 ResourceManager.cpp:569] ResourceManager::loadStageInternal : Attempting to load stage data/scene_datasets/mp3d/Z6MFQCViBuw/Z6MFQCViBuw.glb 
I1215 18:53:37.685217 12660 ResourceManager.cpp:1119] Importing Basis files as BC7 for Z6MFQCViBuw.glb
I1215 18:53:37.685662 12658 ResourceManager.cpp:234] ResourceManager::loadStage : Not loading semantic mesh
I1215 18:53:37.685701 12658 ResourceManager.cpp:262] ResourceManager::loadStage : start load render asset data/scene_datasets/mp3d/8194nk5LbLH/8194nk5LbLH.glb.
I1215 18:53:37.685729 12658 ResourceManager.cpp:569] ResourceManager::loadStageInternal : Attempting to load stage data/scene_datasets/mp3d/8194nk5LbLH/8194nk5LbLH.glb 
I1215 18:53:37.685772 12658 ResourceManager.cpp:1119] Importing Basis files as BC7 for 8194nk5LbLH.glb
Renderer: Tesla V100-PCIE-32GB/PCIe/SSE2 by NVIDIA Corporation
OpenGL version: 4.6.0 NVIDIA 530.30.02
Using optional features:
    GL_ARB_ES2_compatibility
    GL_ARB_direct_state_access
    GL_ARB_get_texture_sub_image
    GL_ARB_invalidate_subdata
    GL_ARB_multi_bind
    GL_ARB_robustness
    GL_ARB_separate_shader_objects
    GL_ARB_texture_filter_anisotropic
    GL_ARB_texture_storage
    GL_ARB_texture_storage_multisample
    GL_ARB_vertex_array_object
    GL_KHR_debug
Using driver workarounds:
    no-forward-compatible-core-context
    nv-egl-incorrect-gl11-function-pointers
    no-layout-qualifiers-on-old-glsl
    nv-zero-context-profile-mask
    nv-implementation-color-read-format-dsa-broken
    nv-cubemap-inconsistent-compressed-image-size
    nv-cubemap-broken-full-compressed-image-query
    nv-compressed-block-size-in-bits
I1215 18:53:37.695876 12662 ResourceManager.cpp:234] ResourceManager::loadStage : Not loading semantic mesh
I1215 18:53:37.695925 12662 ResourceManager.cpp:262] ResourceManager::loadStage : start load render asset data/scene_datasets/mp3d/zsNo4HB9uLZ/zsNo4HB9uLZ.glb.
I1215 18:53:37.695941 12662 ResourceManager.cpp:569] ResourceManager::loadStageInternal : Attempting to load stage data/scene_datasets/mp3d/zsNo4HB9uLZ/zsNo4HB9uLZ.glb 
I1215 18:53:37.695994 12662 ResourceManager.cpp:1119] Importing Basis files as BC7 for zsNo4HB9uLZ.glb
W1215 18:53:39.363008 12655 Simulator.cpp:248] :
---
 The active scene does not contain semantic annotations. 
---
I1215 18:53:39.466906 12655 simulator.py:213] Loaded navmesh data/scene_datasets/mp3d/x8F5xyUWy9e/x8F5xyUWy9e.navmesh
2023-12-15 18:53:39,470 Initializing task VLN-v0
W1215 18:53:39.523377 12661 Simulator.cpp:248] :
---
 The active scene does not contain semantic annotations. 
---
I1215 18:53:39.589104 12661 simulator.py:213] Loaded navmesh data/scene_datasets/mp3d/pLe4wQe7qrG/pLe4wQe7qrG.navmesh
2023-12-15 18:53:39,592 Initializing task VLN-v0
W1215 18:53:39.779068 12658 Simulator.cpp:248] :
---
 The active scene does not contain semantic annotations. 
---
I1215 18:53:39.909151 12658 simulator.py:213] Loaded navmesh data/scene_datasets/mp3d/8194nk5LbLH/8194nk5LbLH.navmesh
2023-12-15 18:53:39,912 Initializing task VLN-v0
W1215 18:53:40.422593 12662 Simulator.cpp:248] :
---
 The active scene does not contain semantic annotations. 
---
I1215 18:53:40.611271 12662 simulator.py:213] Loaded navmesh data/scene_datasets/mp3d/zsNo4HB9uLZ/zsNo4HB9uLZ.navmesh
2023-12-15 18:53:40,614 Initializing task VLN-v0
W1215 18:53:41.517848 12656 Simulator.cpp:248] :
---
 The active scene does not contain semantic annotations. 
---
I1215 18:53:41.768159 12656 simulator.py:213] Loaded navmesh data/scene_datasets/mp3d/X7HyMhZNoso/X7HyMhZNoso.navmesh
2023-12-15 18:53:41,771 Initializing task VLN-v0
W1215 18:53:43.099826 12657 Simulator.cpp:248] :
---
 The active scene does not contain semantic annotations. 
---
I1215 18:53:43.423908 12657 simulator.py:213] Loaded navmesh data/scene_datasets/mp3d/TbHJrupSAjP/TbHJrupSAjP.navmesh
2023-12-15 18:53:43,427 Initializing task VLN-v0
W1215 18:53:43.953395 12659 Simulator.cpp:248] :
---
 The active scene does not contain semantic annotations. 
---
I1215 18:53:44.372588 12659 simulator.py:213] Loaded navmesh data/scene_datasets/mp3d/oLBMNvg9in8/oLBMNvg9in8.navmesh
2023-12-15 18:53:44,377 Initializing task VLN-v0
W1215 18:53:47.744352 12660 Simulator.cpp:248] :
---
 The active scene does not contain semantic annotations. 
---
I1215 18:53:47.931988 12660 simulator.py:213] Loaded navmesh data/scene_datasets/mp3d/Z6MFQCViBuw/Z6MFQCViBuw.navmesh
2023-12-15 18:53:47,937 Initializing task VLN-v0
2023-12-15 18:53:52,310 Loaded weights from checkpoint: experiments/checkpoints/intuit/hpc2/cma_pm_da_aug_tune/ckpt.2.pth
2023-12-15 18:53:52,310 Finished setting up actor critic model.
I1215 19:49:50.491487 12655 PhysicsManager.cpp:33] Deconstructing PhysicsManager
I1215 19:49:50.492271 12655 SemanticScene.h:41] Deconstructing SemanticScene
I1215 19:49:50.493438 12655 SceneManager.h:25] Deconstructing SceneManager
I1215 19:49:50.493454 12655 SceneGraph.h:26] Deconstructing SceneGraph
I1215 19:49:50.495728 12655 Sensor.h:87] Deconstructing Sensor
I1215 19:49:50.495926 12655 Sensor.h:87] Deconstructing Sensor
I1215 19:49:50.498178 12655 Renderer.cpp:34] Deconstructing Renderer
I1215 19:49:50.498207 12655 WindowlessContext.h:17] Deconstructing WindowlessContext
I1215 19:49:50.501729 12655 MetadataMediator.cpp:56] MetadataMediator::setActiveSceneDatasetName : Old active dataset default changed to default successfully.
I1215 19:49:50.502068 12655 AttributesManagerBase.h:283] AttributesManager<T>::createFromJsonOrDefaultInternal  (Physics Manager) : Proposing JSON name : ./data/default.physics_config.json from original name : ./data/default.physics_config.json | This file  does not exist.
I1215 19:49:50.502122 12655 PhysicsAttributesManager.cpp:27] File (./data/default.physics_config.json) not found, so new default physics manager attributes created and registered.
I1215 19:49:50.502138 12655 AbstractObjectAttributesManagerBase.h:175] AbstractObjectAttributesManager<T>::createObject  (Stage) : Making attributes with handle : data/scene_datasets/mp3d/2azQ1b91cZZ/2azQ1b91cZZ.glb
I1215 19:49:50.502151 12655 ManagedContainerBase.cpp:19] ManagedContainerBase::convertFilenameToJSON : Filename : data/scene_datasets/mp3d/2azQ1b91cZZ/2azQ1b91cZZ.glb changed to proposed JSON configuration filename : data/scene_datasets/mp3d/2azQ1b91cZZ/2azQ1b91cZZ.stage_config.json
I1215 19:49:50.525892 12655 AttributesManagerBase.h:283] AttributesManager<T>::createFromJsonOrDefaultInternal  (Stage) : Proposing JSON name : data/scene_datasets/mp3d/2azQ1b91cZZ/2azQ1b91cZZ.stage_config.json from original name : data/scene_datasets/mp3d/2azQ1b91cZZ/2azQ1b91cZZ.glb | This file  does not exist.
I1215 19:49:50.551699 12655 AbstractObjectAttributesManagerBase.h:181] AbstractObjectAttributesManager<T>::createObject  (Stage) : Done making attributes with handle : data/scene_datasets/mp3d/2azQ1b91cZZ/2azQ1b91cZZ.glb
I1215 19:49:50.551761 12655 AbstractObjectAttributesManagerBase.h:188] File (data/scene_datasets/mp3d/2azQ1b91cZZ/2azQ1b91cZZ.glb) exists but is not a recognized config filename extension, so new default Stage attributes created and registered.
I1215 19:49:50.551801 12655 Simulator.cpp:156] Loading navmesh from data/scene_datasets/mp3d/2azQ1b91cZZ/2azQ1b91cZZ.navmesh
I1215 19:49:50.573419 12655 Simulator.cpp:158] Loaded.
I1215 19:49:50.573479 12655 SceneGraph.h:93] Created DrawableGroup: 
Renderer: Tesla V100-PCIE-32GB/PCIe/SSE2 by NVIDIA Corporation
OpenGL version: 4.6.0 NVIDIA 530.30.02
Using optional features:
    GL_ARB_ES2_compatibility
    GL_ARB_direct_state_access
    GL_ARB_get_texture_sub_image
    GL_ARB_invalidate_subdata
    GL_ARB_multi_bind
    GL_ARB_robustness
    GL_ARB_separate_shader_objects
    GL_ARB_texture_filter_anisotropic
    GL_ARB_texture_storage
    GL_ARB_texture_storage_multisample
    GL_ARB_vertex_array_object
    GL_KHR_debug
Using driver workarounds:
    no-forward-compatible-core-context
    nv-egl-incorrect-gl11-function-pointers
    no-layout-qualifiers-on-old-glsl
    nv-zero-context-profile-mask
    nv-implementation-color-read-format-dsa-broken
    nv-cubemap-inconsistent-compressed-image-size
    nv-cubemap-broken-full-compressed-image-query
    nv-compressed-block-size-in-bits
I1215 19:49:50.585289 12655 ResourceManager.cpp:234] ResourceManager::loadStage : Not loading semantic mesh
I1215 19:49:50.585335 12655 ResourceManager.cpp:262] ResourceManager::loadStage : start load render asset data/scene_datasets/mp3d/2azQ1b91cZZ/2azQ1b91cZZ.glb.
I1215 19:49:50.585354 12655 ResourceManager.cpp:569] ResourceManager::loadStageInternal : Attempting to load stage data/scene_datasets/mp3d/2azQ1b91cZZ/2azQ1b91cZZ.glb 
I1215 19:49:50.585393 12655 ResourceManager.cpp:1119] Importing Basis files as BC7 for 2azQ1b91cZZ.glb
W1215 19:49:57.150184 12655 Simulator.cpp:248] :
---
 The active scene does not contain semantic annotations. 
---
I1215 19:49:57.532921 12655 simulator.py:213] Loaded navmesh data/scene_datasets/mp3d/2azQ1b91cZZ/2azQ1b91cZZ.navmesh
I1215 20:15:43.592972 12655 PhysicsManager.cpp:33] Deconstructing PhysicsManager
I1215 20:15:43.593736 12655 SemanticScene.h:41] Deconstructing SemanticScene
I1215 20:15:43.603268 12655 SceneManager.h:25] Deconstructing SceneManager
I1215 20:15:43.603288 12655 SceneGraph.h:26] Deconstructing SceneGraph
I1215 20:15:43.604087 12655 Sensor.h:87] Deconstructing Sensor
I1215 20:15:43.604406 12655 Sensor.h:87] Deconstructing Sensor
I1215 20:15:43.636783 12655 Renderer.cpp:34] Deconstructing Renderer
I1215 20:15:43.636819 12655 WindowlessContext.h:17] Deconstructing WindowlessContext
I1215 20:15:43.653812 12655 MetadataMediator.cpp:56] MetadataMediator::setActiveSceneDatasetName : Old active dataset default changed to default successfully.
I1215 20:15:43.654223 12655 AttributesManagerBase.h:283] AttributesManager<T>::createFromJsonOrDefaultInternal  (Physics Manager) : Proposing JSON name : ./data/default.physics_config.json from original name : ./data/default.physics_config.json | This file  does not exist.
I1215 20:15:43.654291 12655 PhysicsAttributesManager.cpp:27] File (./data/default.physics_config.json) not found, so new default physics manager attributes created and registered.
I1215 20:15:43.654330 12655 AbstractObjectAttributesManagerBase.h:175] AbstractObjectAttributesManager<T>::createObject  (Stage) : Making attributes with handle : data/scene_datasets/mp3d/x8F5xyUWy9e/x8F5xyUWy9e.glb
I1215 20:15:43.654345 12655 ManagedContainerBase.cpp:19] ManagedContainerBase::convertFilenameToJSON : Filename : data/scene_datasets/mp3d/x8F5xyUWy9e/x8F5xyUWy9e.glb changed to proposed JSON configuration filename : data/scene_datasets/mp3d/x8F5xyUWy9e/x8F5xyUWy9e.stage_config.json
I1215 20:15:43.654359 12655 AttributesManagerBase.h:283] AttributesManager<T>::createFromJsonOrDefaultInternal  (Stage) : Proposing JSON name : data/scene_datasets/mp3d/x8F5xyUWy9e/x8F5xyUWy9e.stage_config.json from original name : data/scene_datasets/mp3d/x8F5xyUWy9e/x8F5xyUWy9e.glb | This file  does not exist.
I1215 20:15:43.654484 12655 AbstractObjectAttributesManagerBase.h:181] AbstractObjectAttributesManager<T>::createObject  (Stage) : Done making attributes with handle : data/scene_datasets/mp3d/x8F5xyUWy9e/x8F5xyUWy9e.glb
I1215 20:15:43.654498 12655 AbstractObjectAttributesManagerBase.h:188] File (data/scene_datasets/mp3d/x8F5xyUWy9e/x8F5xyUWy9e.glb) exists but is not a recognized config filename extension, so new default Stage attributes created and registered.
I1215 20:15:43.654515 12655 Simulator.cpp:156] Loading navmesh from data/scene_datasets/mp3d/x8F5xyUWy9e/x8F5xyUWy9e.navmesh
I1215 20:15:43.654724 12655 Simulator.cpp:158] Loaded.
I1215 20:15:43.654754 12655 SceneGraph.h:93] Created DrawableGroup: 
Renderer: Tesla V100-PCIE-32GB/PCIe/SSE2 by NVIDIA Corporation
OpenGL version: 4.6.0 NVIDIA 530.30.02
Using optional features:
    GL_ARB_ES2_compatibility
    GL_ARB_direct_state_access
    GL_ARB_get_texture_sub_image
    GL_ARB_invalidate_subdata
    GL_ARB_multi_bind
    GL_ARB_robustness
    GL_ARB_separate_shader_objects
    GL_ARB_texture_filter_anisotropic
    GL_ARB_texture_storage
    GL_ARB_texture_storage_multisample
    GL_ARB_vertex_array_object
    GL_KHR_debug
Using driver workarounds:
    no-forward-compatible-core-context
    nv-egl-incorrect-gl11-function-pointers
    no-layout-qualifiers-on-old-glsl
    nv-zero-context-profile-mask
    nv-implementation-color-read-format-dsa-broken
    nv-cubemap-inconsistent-compressed-image-size
    nv-cubemap-broken-full-compressed-image-query
    nv-compressed-block-size-in-bits
I1215 20:15:43.664665 12655 ResourceManager.cpp:234] ResourceManager::loadStage : Not loading semantic mesh
I1215 20:15:43.664690 12655 ResourceManager.cpp:262] ResourceManager::loadStage : start load render asset data/scene_datasets/mp3d/x8F5xyUWy9e/x8F5xyUWy9e.glb.
I1215 20:15:43.664700 12655 ResourceManager.cpp:569] ResourceManager::loadStageInternal : Attempting to load stage data/scene_datasets/mp3d/x8F5xyUWy9e/x8F5xyUWy9e.glb 
I1215 20:15:43.664728 12655 ResourceManager.cpp:1119] Importing Basis files as BC7 for x8F5xyUWy9e.glb
W1215 20:15:45.082352 12655 Simulator.cpp:248] :
---
 The active scene does not contain semantic annotations. 
---
I1215 20:15:45.146588 12655 simulator.py:213] Loaded navmesh data/scene_datasets/mp3d/x8F5xyUWy9e/x8F5xyUWy9e.navmesh
I1215 20:23:21.588222 12657 PhysicsManager.cpp:33] Deconstructing PhysicsManager
I1215 20:23:21.588973 12657 SemanticScene.h:41] Deconstructing SemanticScene
I1215 20:23:21.595965 12657 SceneManager.h:25] Deconstructing SceneManager
I1215 20:23:21.595993 12657 SceneGraph.h:26] Deconstructing SceneGraph
I1215 20:23:21.598641 12657 Sensor.h:87] Deconstructing Sensor
I1215 20:23:21.599013 12657 Sensor.h:87] Deconstructing Sensor
I1215 20:23:21.604362 12657 Renderer.cpp:34] Deconstructing Renderer
I1215 20:23:21.604408 12657 WindowlessContext.h:17] Deconstructing WindowlessContext
I1215 20:23:21.625514 12657 MetadataMediator.cpp:56] MetadataMediator::setActiveSceneDatasetName : Old active dataset default changed to default successfully.
I1215 20:23:21.626088 12657 AttributesManagerBase.h:283] AttributesManager<T>::createFromJsonOrDefaultInternal  (Physics Manager) : Proposing JSON name : ./data/default.physics_config.json from original name : ./data/default.physics_config.json | This file  does not exist.
I1215 20:23:21.626168 12657 PhysicsAttributesManager.cpp:27] File (./data/default.physics_config.json) not found, so new default physics manager attributes created and registered.
I1215 20:23:21.626192 12657 AbstractObjectAttributesManagerBase.h:175] AbstractObjectAttributesManager<T>::createObject  (Stage) : Making attributes with handle : data/scene_datasets/mp3d/QUCTc6BB5sX/QUCTc6BB5sX.glb
I1215 20:23:21.626212 12657 ManagedContainerBase.cpp:19] ManagedContainerBase::convertFilenameToJSON : Filename : data/scene_datasets/mp3d/QUCTc6BB5sX/QUCTc6BB5sX.glb changed to proposed JSON configuration filename : data/scene_datasets/mp3d/QUCTc6BB5sX/QUCTc6BB5sX.stage_config.json
I1215 20:23:21.645416 12657 AttributesManagerBase.h:283] AttributesManager<T>::createFromJsonOrDefaultInternal  (Stage) : Proposing JSON name : data/scene_datasets/mp3d/QUCTc6BB5sX/QUCTc6BB5sX.stage_config.json from original name : data/scene_datasets/mp3d/QUCTc6BB5sX/QUCTc6BB5sX.glb | This file  does not exist.
I1215 20:23:21.660300 12657 AbstractObjectAttributesManagerBase.h:181] AbstractObjectAttributesManager<T>::createObject  (Stage) : Done making attributes with handle : data/scene_datasets/mp3d/QUCTc6BB5sX/QUCTc6BB5sX.glb
I1215 20:23:21.660337 12657 AbstractObjectAttributesManagerBase.h:188] File (data/scene_datasets/mp3d/QUCTc6BB5sX/QUCTc6BB5sX.glb) exists but is not a recognized config filename extension, so new default Stage attributes created and registered.
I1215 20:23:21.660367 12657 Simulator.cpp:156] Loading navmesh from data/scene_datasets/mp3d/QUCTc6BB5sX/QUCTc6BB5sX.navmesh
I1215 20:23:21.679100 12657 Simulator.cpp:158] Loaded.
I1215 20:23:21.679148 12657 SceneGraph.h:93] Created DrawableGroup: 
Renderer: Tesla V100-PCIE-32GB/PCIe/SSE2 by NVIDIA Corporation
OpenGL version: 4.6.0 NVIDIA 530.30.02
Using optional features:
    GL_ARB_ES2_compatibility
    GL_ARB_direct_state_access
    GL_ARB_get_texture_sub_image
    GL_ARB_invalidate_subdata
    GL_ARB_multi_bind
    GL_ARB_robustness
    GL_ARB_separate_shader_objects
    GL_ARB_texture_filter_anisotropic
    GL_ARB_texture_storage
    GL_ARB_texture_storage_multisample
    GL_ARB_vertex_array_object
    GL_KHR_debug
Using driver workarounds:
    no-forward-compatible-core-context
    nv-egl-incorrect-gl11-function-pointers
    no-layout-qualifiers-on-old-glsl
    nv-zero-context-profile-mask
    nv-implementation-color-read-format-dsa-broken
    nv-cubemap-inconsistent-compressed-image-size
    nv-cubemap-broken-full-compressed-image-query
    nv-compressed-block-size-in-bits
I1215 20:23:21.684195 12657 ResourceManager.cpp:234] ResourceManager::loadStage : Not loading semantic mesh
I1215 20:23:21.684230 12657 ResourceManager.cpp:262] ResourceManager::loadStage : start load render asset data/scene_datasets/mp3d/QUCTc6BB5sX/QUCTc6BB5sX.glb.
