I1215 22:05:05.976197 49016 AssetAttributesManager.cpp:117] Asset attributes (cylinderWireframe : cylinderWireframe_rings_1_segments_32_halfLen_1) created and registered.
I1215 22:05:05.976234 49016 AssetAttributesManager.cpp:117] Asset attributes (icosphereSolid : icosphereSolid_subdivs_1) created and registered.
I1215 22:05:05.976265 49016 AssetAttributesManager.cpp:117] Asset attributes (icosphereWireframe : icosphereWireframe_subdivs_1) created and registered.
I1215 22:05:05.976305 49016 AssetAttributesManager.cpp:117] Asset attributes (uvSphereSolid : uvSphereSolid_rings_8_segments_16_useTexCoords_false_useTangents_false) created and registered.
I1215 22:05:05.976342 49016 AssetAttributesManager.cpp:117] Asset attributes (uvSphereWireframe : uvSphereWireframe_rings_16_segments_32) created and registered.
I1215 22:05:05.976361 49016 AssetAttributesManager.cpp:105] AssetAttributesManager::buildCtorFuncPtrMaps : Built default primitive asset templates : 12
I1215 22:05:05.977391 49016 SceneDatasetAttributesManager.cpp:23] File (default) not found, so new default dataset attributes created and registered.
I1215 22:05:05.977414 49016 MetadataMediator.cpp:47] MetadataMediator::createDataset : Dataset default successfully created.
I1215 22:05:05.984387 49016 AttributesManagerBase.h:283] AttributesManager<T>::createFromJsonOrDefaultInternal  (Physics Manager) : Proposing JSON name : ./data/default.physics_config.json from original name : ./data/default.physics_config.json | This file  does not exist.
I1215 22:05:05.984426 49016 PhysicsAttributesManager.cpp:27] File (./data/default.physics_config.json) not found, so new default physics manager attributes created and registered.
I1215 22:05:05.984443 49016 AbstractObjectAttributesManagerBase.h:175] AbstractObjectAttributesManager<T>::createObject  (Stage) : Making attributes with handle : data/scene_datasets/mp3d/zsNo4HB9uLZ/zsNo4HB9uLZ.glb
I1215 22:05:05.984455 49016 ManagedContainerBase.cpp:19] ManagedContainerBase::convertFilenameToJSON : Filename : data/scene_datasets/mp3d/zsNo4HB9uLZ/zsNo4HB9uLZ.glb changed to proposed JSON configuration filename : data/scene_datasets/mp3d/zsNo4HB9uLZ/zsNo4HB9uLZ.stage_config.json
I1215 22:05:05.992905 49017 AttributesManagerBase.h:283] AttributesManager<T>::createFromJsonOrDefaultInternal  (Stage) : Proposing JSON name : data/scene_datasets/mp3d/EU6Fwq7SyZv/EU6Fwq7SyZv.stage_config.json from original name : data/scene_datasets/mp3d/EU6Fwq7SyZv/EU6Fwq7SyZv.glb | This file  does not exist.
I1215 22:05:06.010100 49012 AttributesManagerBase.h:283] AttributesManager<T>::createFromJsonOrDefaultInternal  (Stage) : Proposing JSON name : data/scene_datasets/mp3d/x8F5xyUWy9e/x8F5xyUWy9e.stage_config.json from original name : data/scene_datasets/mp3d/x8F5xyUWy9e/x8F5xyUWy9e.glb | This file  does not exist.
I1215 22:05:06.016033 49017 AbstractObjectAttributesManagerBase.h:181] AbstractObjectAttributesManager<T>::createObject  (Stage) : Done making attributes with handle : data/scene_datasets/mp3d/EU6Fwq7SyZv/EU6Fwq7SyZv.glb
I1215 22:05:06.016067 49017 AbstractObjectAttributesManagerBase.h:188] File (data/scene_datasets/mp3d/EU6Fwq7SyZv/EU6Fwq7SyZv.glb) exists but is not a recognized config filename extension, so new default Stage attributes created and registered.
I1215 22:05:06.016104 49017 Simulator.cpp:156] Loading navmesh from data/scene_datasets/mp3d/EU6Fwq7SyZv/EU6Fwq7SyZv.navmesh
I1215 22:05:06.032305 49015 AttributesManagerBase.h:283] AttributesManager<T>::createFromJsonOrDefaultInternal  (Stage) : Proposing JSON name : data/scene_datasets/mp3d/X7HyMhZNoso/X7HyMhZNoso.stage_config.json from original name : data/scene_datasets/mp3d/X7HyMhZNoso/X7HyMhZNoso.glb | This file  does not exist.
I1215 22:05:06.033939 49010 AttributesManagerBase.h:283] AttributesManager<T>::createFromJsonOrDefaultInternal  (Stage) : Proposing JSON name : data/scene_datasets/mp3d/oLBMNvg9in8/oLBMNvg9in8.stage_config.json from original name : data/scene_datasets/mp3d/oLBMNvg9in8/oLBMNvg9in8.glb | This file  does not exist.
I1215 22:05:06.035666 49014 AttributesManagerBase.h:283] AttributesManager<T>::createFromJsonOrDefaultInternal  (Stage) : Proposing JSON name : data/scene_datasets/mp3d/2azQ1b91cZZ/2azQ1b91cZZ.stage_config.json from original name : data/scene_datasets/mp3d/2azQ1b91cZZ/2azQ1b91cZZ.glb | This file  does not exist.
I1215 22:05:06.037503 49011 AttributesManagerBase.h:283] AttributesManager<T>::createFromJsonOrDefaultInternal  (Stage) : Proposing JSON name : data/scene_datasets/mp3d/TbHJrupSAjP/TbHJrupSAjP.stage_config.json from original name : data/scene_datasets/mp3d/TbHJrupSAjP/TbHJrupSAjP.glb | This file  does not exist.
I1215 22:05:06.038820 49014 AbstractObjectAttributesManagerBase.h:181] AbstractObjectAttributesManager<T>::createObject  (Stage) : Done making attributes with handle : data/scene_datasets/mp3d/2azQ1b91cZZ/2azQ1b91cZZ.glb
I1215 22:05:06.038862 49014 AbstractObjectAttributesManagerBase.h:188] File (data/scene_datasets/mp3d/2azQ1b91cZZ/2azQ1b91cZZ.glb) exists but is not a recognized config filename extension, so new default Stage attributes created and registered.
I1215 22:05:06.038905 49014 Simulator.cpp:156] Loading navmesh from data/scene_datasets/mp3d/2azQ1b91cZZ/2azQ1b91cZZ.navmesh
I1215 22:05:06.040894 49017 Simulator.cpp:158] Loaded.
I1215 22:05:06.040953 49017 SceneGraph.h:93] Created DrawableGroup: 
I1215 22:05:06.041002 49012 AbstractObjectAttributesManagerBase.h:181] AbstractObjectAttributesManager<T>::createObject  (Stage) : Done making attributes with handle : data/scene_datasets/mp3d/x8F5xyUWy9e/x8F5xyUWy9e.glb
I1215 22:05:06.041051 49012 AbstractObjectAttributesManagerBase.h:188] File (data/scene_datasets/mp3d/x8F5xyUWy9e/x8F5xyUWy9e.glb) exists but is not a recognized config filename extension, so new default Stage attributes created and registered.
I1215 22:05:06.041100 49012 Simulator.cpp:156] Loading navmesh from data/scene_datasets/mp3d/x8F5xyUWy9e/x8F5xyUWy9e.navmesh
I1215 22:05:06.049068 49013 AttributesManagerBase.h:283] AttributesManager<T>::createFromJsonOrDefaultInternal  (Stage) : Proposing JSON name : data/scene_datasets/mp3d/8194nk5LbLH/8194nk5LbLH.stage_config.json from original name : data/scene_datasets/mp3d/8194nk5LbLH/8194nk5LbLH.glb | This file  does not exist.
I1215 22:05:06.051000 49014 Simulator.cpp:158] Loaded.
I1215 22:05:06.051069 49014 SceneGraph.h:93] Created DrawableGroup: 
I1215 22:05:06.051070 49011 AbstractObjectAttributesManagerBase.h:181] AbstractObjectAttributesManager<T>::createObject  (Stage) : Done making attributes with handle : data/scene_datasets/mp3d/TbHJrupSAjP/TbHJrupSAjP.glb
I1215 22:05:06.051126 49011 AbstractObjectAttributesManagerBase.h:188] File (data/scene_datasets/mp3d/TbHJrupSAjP/TbHJrupSAjP.glb) exists but is not a recognized config filename extension, so new default Stage attributes created and registered.
I1215 22:05:06.051174 49011 Simulator.cpp:156] Loading navmesh from data/scene_datasets/mp3d/TbHJrupSAjP/TbHJrupSAjP.navmesh
I1215 22:05:06.051879 49013 AbstractObjectAttributesManagerBase.h:181] AbstractObjectAttributesManager<T>::createObject  (Stage) : Done making attributes with handle : data/scene_datasets/mp3d/8194nk5LbLH/8194nk5LbLH.glb
I1215 22:05:06.051909 49013 AbstractObjectAttributesManagerBase.h:188] File (data/scene_datasets/mp3d/8194nk5LbLH/8194nk5LbLH.glb) exists but is not a recognized config filename extension, so new default Stage attributes created and registered.
I1215 22:05:06.051931 49011 Simulator.cpp:158] Loaded.
I1215 22:05:06.051939 49013 Simulator.cpp:156] Loading navmesh from data/scene_datasets/mp3d/8194nk5LbLH/8194nk5LbLH.navmesh
I1215 22:05:06.051992 49011 SceneGraph.h:93] Created DrawableGroup: 
I1215 22:05:06.056918 49015 AbstractObjectAttributesManagerBase.h:181] AbstractObjectAttributesManager<T>::createObject  (Stage) : Done making attributes with handle : data/scene_datasets/mp3d/X7HyMhZNoso/X7HyMhZNoso.glb
I1215 22:05:06.056964 49015 AbstractObjectAttributesManagerBase.h:188] File (data/scene_datasets/mp3d/X7HyMhZNoso/X7HyMhZNoso.glb) exists but is not a recognized config filename extension, so new default Stage attributes created and registered.
I1215 22:05:06.057009 49015 Simulator.cpp:156] Loading navmesh from data/scene_datasets/mp3d/X7HyMhZNoso/X7HyMhZNoso.navmesh
I1215 22:05:06.058789 49016 AttributesManagerBase.h:283] AttributesManager<T>::createFromJsonOrDefaultInternal  (Stage) : Proposing JSON name : data/scene_datasets/mp3d/zsNo4HB9uLZ/zsNo4HB9uLZ.stage_config.json from original name : data/scene_datasets/mp3d/zsNo4HB9uLZ/zsNo4HB9uLZ.glb | This file  does not exist.
I1215 22:05:06.059060 49012 Simulator.cpp:158] Loaded.
I1215 22:05:06.059137 49012 SceneGraph.h:93] Created DrawableGroup: 
I1215 22:05:06.061196 49016 AbstractObjectAttributesManagerBase.h:181] AbstractObjectAttributesManager<T>::createObject  (Stage) : Done making attributes with handle : data/scene_datasets/mp3d/zsNo4HB9uLZ/zsNo4HB9uLZ.glb
I1215 22:05:06.061239 49016 AbstractObjectAttributesManagerBase.h:188] File (data/scene_datasets/mp3d/zsNo4HB9uLZ/zsNo4HB9uLZ.glb) exists but is not a recognized config filename extension, so new default Stage attributes created and registered.
I1215 22:05:06.061282 49016 Simulator.cpp:156] Loading navmesh from data/scene_datasets/mp3d/zsNo4HB9uLZ/zsNo4HB9uLZ.navmesh
I1215 22:05:06.065979 49010 AbstractObjectAttributesManagerBase.h:181] AbstractObjectAttributesManager<T>::createObject  (Stage) : Done making attributes with handle : data/scene_datasets/mp3d/oLBMNvg9in8/oLBMNvg9in8.glb
I1215 22:05:06.066025 49010 AbstractObjectAttributesManagerBase.h:188] File (data/scene_datasets/mp3d/oLBMNvg9in8/oLBMNvg9in8.glb) exists but is not a recognized config filename extension, so new default Stage attributes created and registered.
I1215 22:05:06.066073 49010 Simulator.cpp:156] Loading navmesh from data/scene_datasets/mp3d/oLBMNvg9in8/oLBMNvg9in8.navmesh
I1215 22:05:06.072494 49013 Simulator.cpp:158] Loaded.
I1215 22:05:06.072564 49013 SceneGraph.h:93] Created DrawableGroup: 
I1215 22:05:06.077003 49016 Simulator.cpp:158] Loaded.
I1215 22:05:06.077070 49016 SceneGraph.h:93] Created DrawableGroup: 
I1215 22:05:06.079886 49015 Simulator.cpp:158] Loaded.
I1215 22:05:06.079959 49015 SceneGraph.h:93] Created DrawableGroup: 
I1215 22:05:06.088397 49010 Simulator.cpp:158] Loaded.
I1215 22:05:06.088469 49010 SceneGraph.h:93] Created DrawableGroup: 
Renderer: Tesla V100-PCIE-32GB/PCIe/SSE2 by NVIDIA Corporation
OpenGL version: 4.6.0 NVIDIA 530.30.02
Using optional features:
    GL_ARB_ES2_compatibility
    GL_ARB_direct_state_access
    GL_ARB_get_texture_sub_image
    GL_ARB_invalidate_subdata
    GL_ARB_multi_bind
    GL_ARB_robustness
    GL_ARB_separate_shader_objects
    GL_ARB_texture_filter_anisotropic
    GL_ARB_texture_storage
    GL_ARB_texture_storage_multisample
    GL_ARB_vertex_array_object
    GL_KHR_debug
Using driver workarounds:
    no-forward-compatible-core-context
    nv-egl-incorrect-gl11-function-pointers
    no-layout-qualifiers-on-old-glsl
    nv-zero-context-profile-mask
    nv-implementation-color-read-format-dsa-broken
    nv-cubemap-inconsistent-compressed-image-size
    nv-cubemap-broken-full-compressed-image-query
    nv-compressed-block-size-in-bits
I1215 22:05:06.844558 49012 ResourceManager.cpp:234] ResourceManager::loadStage : Not loading semantic mesh
I1215 22:05:06.844604 49012 ResourceManager.cpp:262] ResourceManager::loadStage : start load render asset data/scene_datasets/mp3d/x8F5xyUWy9e/x8F5xyUWy9e.glb.
I1215 22:05:06.844619 49012 ResourceManager.cpp:569] ResourceManager::loadStageInternal : Attempting to load stage data/scene_datasets/mp3d/x8F5xyUWy9e/x8F5xyUWy9e.glb 
I1215 22:05:06.844659 49012 ResourceManager.cpp:1119] Importing Basis files as BC7 for x8F5xyUWy9e.glb
Renderer: Tesla V100-PCIE-32GB/PCIe/SSE2 by NVIDIA Corporation
OpenGL version: 4.6.0 NVIDIA 530.30.02
Using optional features:
    GL_ARB_ES2_compatibility
    GL_ARB_direct_state_access
    GL_ARB_get_texture_sub_image
    GL_ARB_invalidate_subdata
    GL_ARB_multi_bind
    GL_ARB_robustness
    GL_ARB_separate_shader_objects
    GL_ARB_texture_filter_anisotropic
    GL_ARB_texture_storage
    GL_ARB_texture_storage_multisample
    GL_ARB_vertex_array_object
    GL_KHR_debug
Using driver workarounds:
    no-forward-compatible-core-context
    nv-egl-incorrect-gl11-function-pointers
    no-layout-qualifiers-on-old-glsl
    nv-zero-context-profile-mask
    nv-implementation-color-read-format-dsa-broken
    nv-cubemap-inconsistent-compressed-image-size
    nv-cubemap-broken-full-compressed-image-query
    nv-compressed-block-size-in-bits
I1215 22:05:06.849247 49010 ResourceManager.cpp:234] ResourceManager::loadStage : Not loading semantic mesh
I1215 22:05:06.849298 49010 ResourceManager.cpp:262] ResourceManager::loadStage : start load render asset data/scene_datasets/mp3d/oLBMNvg9in8/oLBMNvg9in8.glb.
I1215 22:05:06.849315 49010 ResourceManager.cpp:569] ResourceManager::loadStageInternal : Attempting to load stage data/scene_datasets/mp3d/oLBMNvg9in8/oLBMNvg9in8.glb 
I1215 22:05:06.849366 49010 ResourceManager.cpp:1119] Importing Basis files as BC7 for oLBMNvg9in8.glb
Renderer: Tesla V100-PCIE-32GB/PCIe/SSE2 by NVIDIA Corporation
OpenGL version: 4.6.0 NVIDIA 530.30.02
Using optional features:
    GL_ARB_ES2_compatibility
    GL_ARB_direct_state_access
    GL_ARB_get_texture_sub_image
    GL_ARB_invalidate_subdata
    GL_ARB_multi_bind
    GL_ARB_robustness
    GL_ARB_separate_shader_objects
    GL_ARB_texture_filter_anisotropic
    GL_ARB_texture_storage
    GL_ARB_texture_storage_multisample
    GL_ARB_vertex_array_object
    GL_KHR_debug
Using driver workarounds:
    no-forward-compatible-core-context
    nv-egl-incorrect-gl11-function-pointers
    no-layout-qualifiers-on-old-glsl
    nv-zero-context-profile-mask
    nv-implementation-color-read-format-dsa-broken
    nv-cubemap-inconsistent-compressed-image-size
    nv-cubemap-broken-full-compressed-image-query
    nv-compressed-block-size-in-bits
I1215 22:05:06.871037 49015 ResourceManager.cpp:234] ResourceManager::loadStage : Not loading semantic mesh
I1215 22:05:06.871093 49015 ResourceManager.cpp:262] ResourceManager::loadStage : start load render asset data/scene_datasets/mp3d/X7HyMhZNoso/X7HyMhZNoso.glb.
I1215 22:05:06.871111 49015 ResourceManager.cpp:569] ResourceManager::loadStageInternal : Attempting to load stage data/scene_datasets/mp3d/X7HyMhZNoso/X7HyMhZNoso.glb 
I1215 22:05:06.871157 49015 ResourceManager.cpp:1119] Importing Basis files as BC7 for X7HyMhZNoso.glb
Renderer: Tesla V100-PCIE-32GB/PCIe/SSE2 by NVIDIA Corporation
OpenGL version: 4.6.0 NVIDIA 530.30.02
Using optional features:
    GL_ARB_ES2_compatibility
    GL_ARB_direct_state_access
    GL_ARB_get_texture_sub_image
    GL_ARB_invalidate_subdata
    GL_ARB_multi_bind
    GL_ARB_robustness
    GL_ARB_separate_shader_objects
    GL_ARB_texture_filter_anisotropic
    GL_ARB_texture_storage
    GL_ARB_texture_storage_multisample
    GL_ARB_vertex_array_object
    GL_KHR_debug
Using driver workarounds:
    no-forward-compatible-core-context
    nv-egl-incorrect-gl11-function-pointers
    no-layout-qualifiers-on-old-glsl
    nv-zero-context-profile-mask
    nv-implementation-color-read-format-dsa-broken
    nv-cubemap-inconsistent-compressed-image-size
    nv-cubemap-broken-full-compressed-image-query
    nv-compressed-block-size-in-bits
I1215 22:05:06.891067 49016 ResourceManager.cpp:234] ResourceManager::loadStage : Not loading semantic mesh
I1215 22:05:06.891127 49016 ResourceManager.cpp:262] ResourceManager::loadStage : start load render asset data/scene_datasets/mp3d/zsNo4HB9uLZ/zsNo4HB9uLZ.glb.
I1215 22:05:06.891144 49016 ResourceManager.cpp:569] ResourceManager::loadStageInternal : Attempting to load stage data/scene_datasets/mp3d/zsNo4HB9uLZ/zsNo4HB9uLZ.glb 
I1215 22:05:06.891192 49016 ResourceManager.cpp:1119] Importing Basis files as BC7 for zsNo4HB9uLZ.glb
Renderer: Tesla V100-PCIE-32GB/PCIe/SSE2 by NVIDIA Corporation
OpenGL version: 4.6.0 NVIDIA 530.30.02
Using optional features:
    GL_ARB_ES2_compatibility
    GL_ARB_direct_state_access
    GL_ARB_get_texture_sub_image
    GL_ARB_invalidate_subdata
    GL_ARB_multi_bind
    GL_ARB_robustness
    GL_ARB_separate_shader_objects
    GL_ARB_texture_filter_anisotropic
    GL_ARB_texture_storage
    GL_ARB_texture_storage_multisample
    GL_ARB_vertex_array_object
    GL_KHR_debug
Using driver workarounds:
    no-forward-compatible-core-context
    nv-egl-incorrect-gl11-function-pointers
    no-layout-qualifiers-on-old-glsl
    nv-zero-context-profile-mask
    nv-implementation-color-read-format-dsa-broken
    nv-cubemap-inconsistent-compressed-image-size
    nv-cubemap-broken-full-compressed-image-query
    nv-compressed-block-size-in-bits
Renderer: Tesla V100-PCIE-32GB/PCIe/SSE2 by NVIDIA Corporation
OpenGL version: 4.6.0 NVIDIA 530.30.02
Using optional features:
    GL_ARB_ES2_compatibility
    GL_ARB_direct_state_access
    GL_ARB_get_texture_sub_image
    GL_ARB_invalidate_subdata
    GL_ARB_multi_bind
    GL_ARB_robustness
    GL_ARB_separate_shader_objects
    GL_ARB_texture_filter_anisotropic
    GL_ARB_texture_storage
    GL_ARB_texture_storage_multisample
    GL_ARB_vertex_array_object
    GL_KHR_debug
Using driver workarounds:
    no-forward-compatible-core-context
    nv-egl-incorrect-gl11-function-pointers
    no-layout-qualifiers-on-old-glsl
    nv-zero-context-profile-mask
    nv-implementation-color-read-format-dsa-broken
    nv-cubemap-inconsistent-compressed-image-size
    nv-cubemap-broken-full-compressed-image-query
    nv-compressed-block-size-in-bits
I1215 22:05:06.895803 49014 ResourceManager.cpp:234] ResourceManager::loadStage : Not loading semantic mesh
I1215 22:05:06.895869 49014 ResourceManager.cpp:262] ResourceManager::loadStage : start load render asset data/scene_datasets/mp3d/2azQ1b91cZZ/2azQ1b91cZZ.glb.
I1215 22:05:06.895888 49014 ResourceManager.cpp:569] ResourceManager::loadStageInternal : Attempting to load stage data/scene_datasets/mp3d/2azQ1b91cZZ/2azQ1b91cZZ.glb 
I1215 22:05:06.895941 49014 ResourceManager.cpp:1119] Importing Basis files as BC7 for 2azQ1b91cZZ.glb
I1215 22:05:06.896171 49017 ResourceManager.cpp:234] ResourceManager::loadStage : Not loading semantic mesh
I1215 22:05:06.896220 49017 ResourceManager.cpp:262] ResourceManager::loadStage : start load render asset data/scene_datasets/mp3d/EU6Fwq7SyZv/EU6Fwq7SyZv.glb.
I1215 22:05:06.896237 49017 ResourceManager.cpp:569] ResourceManager::loadStageInternal : Attempting to load stage data/scene_datasets/mp3d/EU6Fwq7SyZv/EU6Fwq7SyZv.glb 
I1215 22:05:06.896288 49017 ResourceManager.cpp:1119] Importing Basis files as BC7 for EU6Fwq7SyZv.glb
Renderer: Tesla V100-PCIE-32GB/PCIe/SSE2 by NVIDIA Corporation
OpenGL version: 4.6.0 NVIDIA 530.30.02
Using optional features:
    GL_ARB_ES2_compatibility
    GL_ARB_direct_state_access
    GL_ARB_get_texture_sub_image
    GL_ARB_invalidate_subdata
    GL_ARB_multi_bind
    GL_ARB_robustness
    GL_ARB_separate_shader_objects
    GL_ARB_texture_filter_anisotropic
    GL_ARB_texture_storage
    GL_ARB_texture_storage_multisample
    GL_ARB_vertex_array_object
    GL_KHR_debug
Using driver workarounds:
    no-forward-compatible-core-context
    nv-egl-incorrect-gl11-function-pointers
    no-layout-qualifiers-on-old-glsl
    nv-zero-context-profile-mask
    nv-implementation-color-read-format-dsa-broken
    nv-cubemap-inconsistent-compressed-image-size
    nv-cubemap-broken-full-compressed-image-query
    nv-compressed-block-size-in-bits
I1215 22:05:06.899049 49011 ResourceManager.cpp:234] ResourceManager::loadStage : Not loading semantic mesh
I1215 22:05:06.899099 49011 ResourceManager.cpp:262] ResourceManager::loadStage : start load render asset data/scene_datasets/mp3d/TbHJrupSAjP/TbHJrupSAjP.glb.
I1215 22:05:06.899117 49011 ResourceManager.cpp:569] ResourceManager::loadStageInternal : Attempting to load stage data/scene_datasets/mp3d/TbHJrupSAjP/TbHJrupSAjP.glb 
I1215 22:05:06.899168 49011 ResourceManager.cpp:1119] Importing Basis files as BC7 for TbHJrupSAjP.glb
Renderer: Tesla V100-PCIE-32GB/PCIe/SSE2 by NVIDIA Corporation
OpenGL version: 4.6.0 NVIDIA 530.30.02
Using optional features:
    GL_ARB_ES2_compatibility
    GL_ARB_direct_state_access
    GL_ARB_get_texture_sub_image
    GL_ARB_invalidate_subdata
    GL_ARB_multi_bind
    GL_ARB_robustness
    GL_ARB_separate_shader_objects
    GL_ARB_texture_filter_anisotropic
    GL_ARB_texture_storage
    GL_ARB_texture_storage_multisample
    GL_ARB_vertex_array_object
    GL_KHR_debug
Using driver workarounds:
    no-forward-compatible-core-context
    nv-egl-incorrect-gl11-function-pointers
    no-layout-qualifiers-on-old-glsl
    nv-zero-context-profile-mask
    nv-implementation-color-read-format-dsa-broken
    nv-cubemap-inconsistent-compressed-image-size
    nv-cubemap-broken-full-compressed-image-query
    nv-compressed-block-size-in-bits
I1215 22:05:06.903484 49013 ResourceManager.cpp:234] ResourceManager::loadStage : Not loading semantic mesh
I1215 22:05:06.903522 49013 ResourceManager.cpp:262] ResourceManager::loadStage : start load render asset data/scene_datasets/mp3d/8194nk5LbLH/8194nk5LbLH.glb.
I1215 22:05:06.903533 49013 ResourceManager.cpp:569] ResourceManager::loadStageInternal : Attempting to load stage data/scene_datasets/mp3d/8194nk5LbLH/8194nk5LbLH.glb 
I1215 22:05:06.903570 49013 ResourceManager.cpp:1119] Importing Basis files as BC7 for 8194nk5LbLH.glb
W1215 22:05:08.614043 49012 Simulator.cpp:248] :
---
 The active scene does not contain semantic annotations. 
---
I1215 22:05:08.728361 49012 simulator.py:213] Loaded navmesh data/scene_datasets/mp3d/x8F5xyUWy9e/x8F5xyUWy9e.navmesh
2023-12-15 22:05:08,731 Initializing task VLN-v0
W1215 22:05:09.257475 49013 Simulator.cpp:248] :
---
 The active scene does not contain semantic annotations. 
---
I1215 22:05:09.351615 49013 simulator.py:213] Loaded navmesh data/scene_datasets/mp3d/8194nk5LbLH/8194nk5LbLH.navmesh
2023-12-15 22:05:09,354 Initializing task VLN-v0
W1215 22:05:09.676307 49016 Simulator.cpp:248] :
---
 The active scene does not contain semantic annotations. 
---
I1215 22:05:09.897133 49016 simulator.py:213] Loaded navmesh data/scene_datasets/mp3d/zsNo4HB9uLZ/zsNo4HB9uLZ.navmesh
2023-12-15 22:05:09,900 Initializing task VLN-v0
W1215 22:05:10.713683 49015 Simulator.cpp:248] :
---
 The active scene does not contain semantic annotations. 
---
I1215 22:05:10.962113 49015 simulator.py:213] Loaded navmesh data/scene_datasets/mp3d/X7HyMhZNoso/X7HyMhZNoso.navmesh
2023-12-15 22:05:10,965 Initializing task VLN-v0
W1215 22:05:12.517185 49011 Simulator.cpp:248] :
---
 The active scene does not contain semantic annotations. 
---
I1215 22:05:12.879041 49011 simulator.py:213] Loaded navmesh data/scene_datasets/mp3d/TbHJrupSAjP/TbHJrupSAjP.navmesh
2023-12-15 22:05:12,882 Initializing task VLN-v0
W1215 22:05:13.112710 49017 Simulator.cpp:248] :
---
 The active scene does not contain semantic annotations. 
---
I1215 22:05:13.319019 49017 simulator.py:213] Loaded navmesh data/scene_datasets/mp3d/EU6Fwq7SyZv/EU6Fwq7SyZv.navmesh
W1215 22:05:13.320088 49010 Simulator.cpp:248] :
---
 The active scene does not contain semantic annotations. 
---
2023-12-15 22:05:13,322 Initializing task VLN-v0
I1215 22:05:13.735903 49010 simulator.py:213] Loaded navmesh data/scene_datasets/mp3d/oLBMNvg9in8/oLBMNvg9in8.navmesh
2023-12-15 22:05:13,741 Initializing task VLN-v0
W1215 22:05:14.755450 49014 Simulator.cpp:248] :
---
 The active scene does not contain semantic annotations. 
---
I1215 22:05:15.177003 49014 simulator.py:213] Loaded navmesh data/scene_datasets/mp3d/2azQ1b91cZZ/2azQ1b91cZZ.navmesh
2023-12-15 22:05:15,183 Initializing task VLN-v0
2023-12-15 22:05:20,712 Loaded weights from checkpoint: experiments/checkpoints/intuit/hpc2/cma_pm_da_aug_tune/ckpt.3.pth
2023-12-15 22:05:20,712 Finished setting up actor critic model.
I1215 22:43:52.859983 49012 PhysicsManager.cpp:33] Deconstructing PhysicsManager
I1215 22:43:52.861514 49012 SemanticScene.h:41] Deconstructing SemanticScene
I1215 22:43:52.863339 49012 SceneManager.h:25] Deconstructing SceneManager
I1215 22:43:52.863361 49012 SceneGraph.h:26] Deconstructing SceneGraph
I1215 22:43:52.864200 49012 Sensor.h:87] Deconstructing Sensor
I1215 22:43:52.864482 49012 Sensor.h:87] Deconstructing Sensor
I1215 22:43:52.866026 49012 Renderer.cpp:34] Deconstructing Renderer
I1215 22:43:52.866066 49012 WindowlessContext.h:17] Deconstructing WindowlessContext
I1215 22:43:52.876480 49012 MetadataMediator.cpp:56] MetadataMediator::setActiveSceneDatasetName : Old active dataset default changed to default successfully.
I1215 22:43:52.877040 49012 AttributesManagerBase.h:283] AttributesManager<T>::createFromJsonOrDefaultInternal  (Physics Manager) : Proposing JSON name : ./data/default.physics_config.json from original name : ./data/default.physics_config.json | This file  does not exist.
I1215 22:43:52.877120 49012 PhysicsAttributesManager.cpp:27] File (./data/default.physics_config.json) not found, so new default physics manager attributes created and registered.
I1215 22:43:52.877146 49012 AbstractObjectAttributesManagerBase.h:175] AbstractObjectAttributesManager<T>::createObject  (Stage) : Making attributes with handle : data/scene_datasets/mp3d/pLe4wQe7qrG/pLe4wQe7qrG.glb
I1215 22:43:52.877164 49012 ManagedContainerBase.cpp:19] ManagedContainerBase::convertFilenameToJSON : Filename : data/scene_datasets/mp3d/pLe4wQe7qrG/pLe4wQe7qrG.glb changed to proposed JSON configuration filename : data/scene_datasets/mp3d/pLe4wQe7qrG/pLe4wQe7qrG.stage_config.json
I1215 22:43:52.896268 49012 AttributesManagerBase.h:283] AttributesManager<T>::createFromJsonOrDefaultInternal  (Stage) : Proposing JSON name : data/scene_datasets/mp3d/pLe4wQe7qrG/pLe4wQe7qrG.stage_config.json from original name : data/scene_datasets/mp3d/pLe4wQe7qrG/pLe4wQe7qrG.glb | This file  does not exist.
I1215 22:43:52.923838 49012 AbstractObjectAttributesManagerBase.h:181] AbstractObjectAttributesManager<T>::createObject  (Stage) : Done making attributes with handle : data/scene_datasets/mp3d/pLe4wQe7qrG/pLe4wQe7qrG.glb
I1215 22:43:52.923882 49012 AbstractObjectAttributesManagerBase.h:188] File (data/scene_datasets/mp3d/pLe4wQe7qrG/pLe4wQe7qrG.glb) exists but is not a recognized config filename extension, so new default Stage attributes created and registered.
I1215 22:43:52.923918 49012 Simulator.cpp:156] Loading navmesh from data/scene_datasets/mp3d/pLe4wQe7qrG/pLe4wQe7qrG.navmesh
I1215 22:43:52.938160 49012 Simulator.cpp:158] Loaded.
I1215 22:43:52.938228 49012 SceneGraph.h:93] Created DrawableGroup: 
Renderer: Tesla V100-PCIE-32GB/PCIe/SSE2 by NVIDIA Corporation
OpenGL version: 4.6.0 NVIDIA 530.30.02
Using optional features:
    GL_ARB_ES2_compatibility
    GL_ARB_direct_state_access
    GL_ARB_get_texture_sub_image
    GL_ARB_invalidate_subdata
    GL_ARB_multi_bind
    GL_ARB_robustness
    GL_ARB_separate_shader_objects
    GL_ARB_texture_filter_anisotropic
    GL_ARB_texture_storage
    GL_ARB_texture_storage_multisample
    GL_ARB_vertex_array_object
    GL_KHR_debug
Using driver workarounds:
    no-forward-compatible-core-context
    nv-egl-incorrect-gl11-function-pointers
    no-layout-qualifiers-on-old-glsl
    nv-zero-context-profile-mask
    nv-implementation-color-read-format-dsa-broken
    nv-cubemap-inconsistent-compressed-image-size
    nv-cubemap-broken-full-compressed-image-query
    nv-compressed-block-size-in-bits
I1215 22:43:52.950996 49012 ResourceManager.cpp:234] ResourceManager::loadStage : Not loading semantic mesh
I1215 22:43:52.951053 49012 ResourceManager.cpp:262] ResourceManager::loadStage : start load render asset data/scene_datasets/mp3d/pLe4wQe7qrG/pLe4wQe7qrG.glb.
I1215 22:43:52.951071 49012 ResourceManager.cpp:569] ResourceManager::loadStageInternal : Attempting to load stage data/scene_datasets/mp3d/pLe4wQe7qrG/pLe4wQe7qrG.glb 
I1215 22:43:52.951110 49012 ResourceManager.cpp:1119] Importing Basis files as BC7 for pLe4wQe7qrG.glb
W1215 22:43:54.442118 49012 Simulator.cpp:248] :
---
 The active scene does not contain semantic annotations. 
---
I1215 22:43:54.525068 49012 simulator.py:213] Loaded navmesh data/scene_datasets/mp3d/pLe4wQe7qrG/pLe4wQe7qrG.navmesh
I1215 22:44:38.350046 49012 PhysicsManager.cpp:33] Deconstructing PhysicsManager
I1215 22:44:38.350145 49012 SemanticScene.h:41] Deconstructing SemanticScene
I1215 22:44:38.351117 49012 SceneManager.h:25] Deconstructing SceneManager
I1215 22:44:38.351141 49012 SceneGraph.h:26] Deconstructing SceneGraph
I1215 22:44:38.354349 49012 Sensor.h:87] Deconstructing Sensor
I1215 22:44:38.354641 49012 Sensor.h:87] Deconstructing Sensor
I1215 22:44:38.356236 49012 Renderer.cpp:34] Deconstructing Renderer
I1215 22:44:38.356276 49012 WindowlessContext.h:17] Deconstructing WindowlessContext
I1215 22:44:38.365365 49012 MetadataMediator.cpp:56] MetadataMediator::setActiveSceneDatasetName : Old active dataset default changed to default successfully.
I1215 22:44:38.365898 49012 AttributesManagerBase.h:283] AttributesManager<T>::createFromJsonOrDefaultInternal  (Physics Manager) : Proposing JSON name : ./data/default.physics_config.json from original name : ./data/default.physics_config.json | This file  does not exist.
I1215 22:44:38.365972 49012 PhysicsAttributesManager.cpp:27] File (./data/default.physics_config.json) not found, so new default physics manager attributes created and registered.
I1215 22:44:38.365995 49012 AbstractObjectAttributesManagerBase.h:175] AbstractObjectAttributesManager<T>::createObject  (Stage) : Making attributes with handle : data/scene_datasets/mp3d/x8F5xyUWy9e/x8F5xyUWy9e.glb
I1215 22:44:38.366014 49012 ManagedContainerBase.cpp:19] ManagedContainerBase::convertFilenameToJSON : Filename : data/scene_datasets/mp3d/x8F5xyUWy9e/x8F5xyUWy9e.glb changed to proposed JSON configuration filename : data/scene_datasets/mp3d/x8F5xyUWy9e/x8F5xyUWy9e.stage_config.json
I1215 22:44:38.366034 49012 AttributesManagerBase.h:283] AttributesManager<T>::createFromJsonOrDefaultInternal  (Stage) : Proposing JSON name : data/scene_datasets/mp3d/x8F5xyUWy9e/x8F5xyUWy9e.stage_config.json from original name : data/scene_datasets/mp3d/x8F5xyUWy9e/x8F5xyUWy9e.glb | This file  does not exist.
I1215 22:44:38.366206 49012 AbstractObjectAttributesManagerBase.h:181] AbstractObjectAttributesManager<T>::createObject  (Stage) : Done making attributes with handle : data/scene_datasets/mp3d/x8F5xyUWy9e/x8F5xyUWy9e.glb
I1215 22:44:38.366226 49012 AbstractObjectAttributesManagerBase.h:188] File (data/scene_datasets/mp3d/x8F5xyUWy9e/x8F5xyUWy9e.glb) exists but is not a recognized config filename extension, so new default Stage attributes created and registered.
I1215 22:44:38.366248 49012 Simulator.cpp:156] Loading navmesh from data/scene_datasets/mp3d/x8F5xyUWy9e/x8F5xyUWy9e.navmesh
I1215 22:44:38.366493 49012 Simulator.cpp:158] Loaded.
I1215 22:44:38.366525 49012 SceneGraph.h:93] Created DrawableGroup: 
Renderer: Tesla V100-PCIE-32GB/PCIe/SSE2 by NVIDIA Corporation
OpenGL version: 4.6.0 NVIDIA 530.30.02
Using optional features:
    GL_ARB_ES2_compatibility
    GL_ARB_direct_state_access
    GL_ARB_get_texture_sub_image
    GL_ARB_invalidate_subdata
    GL_ARB_multi_bind
    GL_ARB_robustness
    GL_ARB_separate_shader_objects
    GL_ARB_texture_filter_anisotropic
    GL_ARB_texture_storage
    GL_ARB_texture_storage_multisample
    GL_ARB_vertex_array_object
    GL_KHR_debug
Using driver workarounds:
    no-forward-compatible-core-context
    nv-egl-incorrect-gl11-function-pointers
    no-layout-qualifiers-on-old-glsl
    nv-zero-context-profile-mask
    nv-implementation-color-read-format-dsa-broken
    nv-cubemap-inconsistent-compressed-image-size
    nv-cubemap-broken-full-compressed-image-query
    nv-compressed-block-size-in-bits
I1215 22:44:38.371181 49012 ResourceManager.cpp:234] ResourceManager::loadStage : Not loading semantic mesh
I1215 22:44:38.371217 49012 ResourceManager.cpp:262] ResourceManager::loadStage : start load render asset data/scene_datasets/mp3d/x8F5xyUWy9e/x8F5xyUWy9e.glb.
I1215 22:44:38.371230 49012 ResourceManager.cpp:569] ResourceManager::loadStageInternal : Attempting to load stage data/scene_datasets/mp3d/x8F5xyUWy9e/x8F5xyUWy9e.glb 
I1215 22:44:38.371259 49012 ResourceManager.cpp:1119] Importing Basis files as BC7 for x8F5xyUWy9e.glb
W1215 22:44:39.667580 49012 Simulator.cpp:248] :
---
 The active scene does not contain semantic annotations. 
---
I1215 22:44:39.731788 49012 simulator.py:213] Loaded navmesh data/scene_datasets/mp3d/x8F5xyUWy9e/x8F5xyUWy9e.navmesh
I1215 23:15:08.010324 49011 PhysicsManager.cpp:33] Deconstructing PhysicsManager
I1215 23:15:08.010478 49011 SemanticScene.h:41] Deconstructing SemanticScene
I1215 23:15:08.015079 49011 SceneManager.h:25] Deconstructing SceneManager
I1215 23:15:08.015103 49011 SceneGraph.h:26] Deconstructing SceneGraph
I1215 23:15:08.015730 49011 Sensor.h:87] Deconstructing Sensor
I1215 23:15:08.015959 49011 Sensor.h:87] Deconstructing Sensor
I1215 23:15:08.031196 49011 Renderer.cpp:34] Deconstructing Renderer
I1215 23:15:08.031242 49011 WindowlessContext.h:17] Deconstructing WindowlessContext
I1215 23:15:08.045814 49011 MetadataMediator.cpp:56] MetadataMediator::setActiveSceneDatasetName : Old active dataset default changed to default successfully.
I1215 23:15:08.046221 49011 AttributesManagerBase.h:283] AttributesManager<T>::createFromJsonOrDefaultInternal  (Physics Manager) : Proposing JSON name : ./data/default.physics_config.json from original name : ./data/default.physics_config.json | This file  does not exist.
I1215 23:15:08.046286 49011 PhysicsAttributesManager.cpp:27] File (./data/default.physics_config.json) not found, so new default physics manager attributes created and registered.
I1215 23:15:08.046303 49011 AbstractObjectAttributesManagerBase.h:175] AbstractObjectAttributesManager<T>::createObject  (Stage) : Making attributes with handle : data/scene_datasets/mp3d/QUCTc6BB5sX/QUCTc6BB5sX.glb
I1215 23:15:08.046317 49011 ManagedContainerBase.cpp:19] ManagedContainerBase::convertFilenameToJSON : Filename : data/scene_datasets/mp3d/QUCTc6BB5sX/QUCTc6BB5sX.glb changed to proposed JSON configuration filename : data/scene_datasets/mp3d/QUCTc6BB5sX/QUCTc6BB5sX.stage_config.json
I1215 23:15:08.068593 49011 AttributesManagerBase.h:283] AttributesManager<T>::createFromJsonOrDefaultInternal  (Stage) : Proposing JSON name : data/scene_datasets/mp3d/QUCTc6BB5sX/QUCTc6BB5sX.stage_config.json from original name : data/scene_datasets/mp3d/QUCTc6BB5sX/QUCTc6BB5sX.glb | This file  does not exist.
I1215 23:15:08.085372 49011 AbstractObjectAttributesManagerBase.h:181] AbstractObjectAttributesManager<T>::createObject  (Stage) : Done making attributes with handle : data/scene_datasets/mp3d/QUCTc6BB5sX/QUCTc6BB5sX.glb
I1215 23:15:08.085410 49011 AbstractObjectAttributesManagerBase.h:188] File (data/scene_datasets/mp3d/QUCTc6BB5sX/QUCTc6BB5sX.glb) exists but is not a recognized config filename extension, so new default Stage attributes created and registered.
I1215 23:15:08.085429 49011 Simulator.cpp:156] Loading navmesh from data/scene_datasets/mp3d/QUCTc6BB5sX/QUCTc6BB5sX.navmesh
I1215 23:15:08.099237 49011 Simulator.cpp:158] Loaded.
I1215 23:15:08.099269 49011 SceneGraph.h:93] Created DrawableGroup: 
Renderer: Tesla V100-PCIE-32GB/PCIe/SSE2 by NVIDIA Corporation
OpenGL version: 4.6.0 NVIDIA 530.30.02
Using optional features:
    GL_ARB_ES2_compatibility
    GL_ARB_direct_state_access
    GL_ARB_get_texture_sub_image
    GL_ARB_invalidate_subdata
    GL_ARB_multi_bind
    GL_ARB_robustness
    GL_ARB_separate_shader_objects
    GL_ARB_texture_filter_anisotropic
    GL_ARB_texture_storage
    GL_ARB_texture_storage_multisample
    GL_ARB_vertex_array_object
    GL_KHR_debug
Using driver workarounds:
    no-forward-compatible-core-context
    nv-egl-incorrect-gl11-function-pointers
    no-layout-qualifiers-on-old-glsl
    nv-zero-context-profile-mask
    nv-implementation-color-read-format-dsa-broken
    nv-cubemap-inconsistent-compressed-image-size
    nv-cubemap-broken-full-compressed-image-query
    nv-compressed-block-size-in-bits
I1215 23:15:08.104252 49011 ResourceManager.cpp:234] ResourceManager::loadStage : Not loading semantic mesh
I1215 23:15:08.104279 49011 ResourceManager.cpp:262] ResourceManager::loadStage : start load render asset data/scene_datasets/mp3d/QUCTc6BB5sX/QUCTc6BB5sX.glb.
I1215 23:15:08.104287 49011 ResourceManager.cpp:569] ResourceManager::loadStageInternal : Attempting to load stage data/scene_datasets/mp3d/QUCTc6BB5sX/QUCTc6BB5sX.glb 
I1215 23:15:08.104308 49011 ResourceManager.cpp:1119] Importing Basis files as BC7 for QUCTc6BB5sX.glb
W1215 23:15:15.424492 49011 Simulator.cpp:248] :
---
 The active scene does not contain semantic annotations. 
---
I1215 23:15:15.828615 49011 simulator.py:213] Loaded navmesh data/scene_datasets/mp3d/QUCTc6BB5sX/QUCTc6BB5sX.navmesh
I1215 23:53:17.821177 49010 PhysicsManager.cpp:33] Deconstructing PhysicsManager
I1215 23:53:17.822381 49010 SemanticScene.h:41] Deconstructing SemanticScene
I1215 23:53:17.828984 49010 SceneManager.h:25] Deconstructing SceneManager
I1215 23:53:17.829001 49010 SceneGraph.h:26] Deconstructing SceneGraph
I1215 23:53:17.829622 49010 Sensor.h:87] Deconstructing Sensor
I1215 23:53:17.829849 49010 Sensor.h:87] Deconstructing Sensor
I1215 23:53:17.846451 49010 Renderer.cpp:34] Deconstructing Renderer
I1215 23:53:17.846515 49010 WindowlessContext.h:17] Deconstructing WindowlessContext
I1215 23:53:17.864614 49010 MetadataMediator.cpp:56] MetadataMediator::setActiveSceneDatasetName : Old active dataset default changed to default successfully.
I1215 23:53:17.865072 49010 AttributesManagerBase.h:283] AttributesManager<T>::createFromJsonOrDefaultInternal  (Physics Manager) : Proposing JSON name : ./data/default.physics_config.json from original name : ./data/default.physics_config.json | This file  does not exist.
I1215 23:53:17.865134 49010 PhysicsAttributesManager.cpp:27] File (./data/default.physics_config.json) not found, so new default physics manager attributes created and registered.
I1215 23:53:17.865151 49010 AbstractObjectAttributesManagerBase.h:175] AbstractObjectAttributesManager<T>::createObject  (Stage) : Making attributes with handle : data/scene_datasets/mp3d/Z6MFQCViBuw/Z6MFQCViBuw.glb
I1215 23:53:17.865164 49010 ManagedContainerBase.cpp:19] ManagedContainerBase::convertFilenameToJSON : Filename : data/scene_datasets/mp3d/Z6MFQCViBuw/Z6MFQCViBuw.glb changed to proposed JSON configuration filename : data/scene_datasets/mp3d/Z6MFQCViBuw/Z6MFQCViBuw.stage_config.json
I1215 23:53:17.880748 49010 AttributesManagerBase.h:283] AttributesManager<T>::createFromJsonOrDefaultInternal  (Stage) : Proposing JSON name : data/scene_datasets/mp3d/Z6MFQCViBuw/Z6MFQCViBuw.stage_config.json from original name : data/scene_datasets/mp3d/Z6MFQCViBuw/Z6MFQCViBuw.glb | This file  does not exist.
I1215 23:53:17.901353 49010 AbstractObjectAttributesManagerBase.h:181] AbstractObjectAttributesManager<T>::createObject  (Stage) : Done making attributes with handle : data/scene_datasets/mp3d/Z6MFQCViBuw/Z6MFQCViBuw.glb
I1215 23:53:17.901384 49010 AbstractObjectAttributesManagerBase.h:188] File (data/scene_datasets/mp3d/Z6MFQCViBuw/Z6MFQCViBuw.glb) exists but is not a recognized config filename extension, so new default Stage attributes created and registered.
I1215 23:53:17.901408 49010 Simulator.cpp:156] Loading navmesh from data/scene_datasets/mp3d/Z6MFQCViBuw/Z6MFQCViBuw.navmesh
I1215 23:53:17.921015 49010 Simulator.cpp:158] Loaded.
I1215 23:53:17.921056 49010 SceneGraph.h:93] Created DrawableGroup: 
Renderer: Tesla V100-PCIE-32GB/PCIe/SSE2 by NVIDIA Corporation
OpenGL version: 4.6.0 NVIDIA 530.30.02
Using optional features:
    GL_ARB_ES2_compatibility
    GL_ARB_direct_state_access
    GL_ARB_get_texture_sub_image
    GL_ARB_invalidate_subdata
    GL_ARB_multi_bind
    GL_ARB_robustness
    GL_ARB_separate_shader_objects
    GL_ARB_texture_filter_anisotropic
    GL_ARB_texture_storage
    GL_ARB_texture_storage_multisample
    GL_ARB_vertex_array_object
    GL_KHR_debug
Using driver workarounds:
    no-forward-compatible-core-context
    nv-egl-incorrect-gl11-function-pointers
    no-layout-qualifiers-on-old-glsl
    nv-zero-context-profile-mask
    nv-implementation-color-read-format-dsa-broken
    nv-cubemap-inconsistent-compressed-image-size
    nv-cubemap-broken-full-compressed-image-query
    nv-compressed-block-size-in-bits
I1215 23:53:17.937909 49010 ResourceManager.cpp:234] ResourceManager::loadStage : Not loading semantic mesh
I1215 23:53:17.937942 49010 ResourceManager.cpp:262] ResourceManager::loadStage : start load render asset data/scene_datasets/mp3d/Z6MFQCViBuw/Z6MFQCViBuw.glb.
I1215 23:53:17.937953 49010 ResourceManager.cpp:569] ResourceManager::loadStageInternal : Attempting to load stage data/scene_datasets/mp3d/Z6MFQCViBuw/Z6MFQCViBuw.glb 
I1215 23:53:17.937979 49010 ResourceManager.cpp:1119] Importing Basis files as BC7 for Z6MFQCViBuw.glb
W1215 23:53:27.032402 49010 Simulator.cpp:248] :
---
 The active scene does not contain semantic annotations. 
---
I1215 23:53:27.260277 49010 simulator.py:213] Loaded navmesh data/scene_datasets/mp3d/Z6MFQCViBuw/Z6MFQCViBuw.navmesh
I1216 00:08:42.481149 49010 PhysicsManager.cpp:33] Deconstructing PhysicsManager
I1216 00:08:42.481382 49010 SemanticScene.h:41] Deconstructing SemanticScene
I1216 00:08:42.490442 49010 SceneManager.h:25] Deconstructing SceneManager
I1216 00:08:42.490479 49010 SceneGraph.h:26] Deconstructing SceneGraph
I1216 00:08:42.491618 49010 Sensor.h:87] Deconstructing Sensor
I1216 00:08:42.492444 49010 Sensor.h:87] Deconstructing Sensor
I1216 00:08:42.530833 49010 Renderer.cpp:34] Deconstructing Renderer
I1216 00:08:42.530884 49010 WindowlessContext.h:17] Deconstructing WindowlessContext
I1216 00:08:42.569056 49010 MetadataMediator.cpp:56] MetadataMediator::setActiveSceneDatasetName : Old active dataset default changed to default successfully.
I1216 00:08:42.569458 49010 AttributesManagerBase.h:283] AttributesManager<T>::createFromJsonOrDefaultInternal  (Physics Manager) : Proposing JSON name : ./data/default.physics_config.json from original name : ./data/default.physics_config.json | This file  does not exist.
I1216 00:08:42.569527 49010 PhysicsAttributesManager.cpp:27] File (./data/default.physics_config.json) not found, so new default physics manager attributes created and registered.
I1216 00:08:42.569562 49010 AbstractObjectAttributesManagerBase.h:175] AbstractObjectAttributesManager<T>::createObject  (Stage) : Making attributes with handle : data/scene_datasets/mp3d/oLBMNvg9in8/oLBMNvg9in8.glb
I1216 00:08:42.569578 49010 ManagedContainerBase.cpp:19] ManagedContainerBase::convertFilenameToJSON : Filename : data/scene_datasets/mp3d/oLBMNvg9in8/oLBMNvg9in8.glb changed to proposed JSON configuration filename : data/scene_datasets/mp3d/oLBMNvg9in8/oLBMNvg9in8.stage_config.json
I1216 00:08:42.569592 49010 AttributesManagerBase.h:283] AttributesManager<T>::createFromJsonOrDefaultInternal  (Stage) : Proposing JSON name : data/scene_datasets/mp3d/oLBMNvg9in8/oLBMNvg9in8.stage_config.json from original name : data/scene_datasets/mp3d/oLBMNvg9in8/oLBMNvg9in8.glb | This file  does not exist.
I1216 00:08:42.569728 49010 AbstractObjectAttributesManagerBase.h:181] AbstractObjectAttributesManager<T>::createObject  (Stage) : Done making attributes with handle : data/scene_datasets/mp3d/oLBMNvg9in8/oLBMNvg9in8.glb
I1216 00:08:42.569744 49010 AbstractObjectAttributesManagerBase.h:188] File (data/scene_datasets/mp3d/oLBMNvg9in8/oLBMNvg9in8.glb) exists but is not a recognized config filename extension, so new default Stage attributes created and registered.
I1216 00:08:42.569761 49010 Simulator.cpp:156] Loading navmesh from data/scene_datasets/mp3d/oLBMNvg9in8/oLBMNvg9in8.navmesh
I1216 00:08:42.570109 49010 Simulator.cpp:158] Loaded.
I1216 00:08:42.570133 49010 SceneGraph.h:93] Created DrawableGroup: 
Renderer: Tesla V100-PCIE-32GB/PCIe/SSE2 by NVIDIA Corporation
OpenGL version: 4.6.0 NVIDIA 530.30.02
Using optional features:
    GL_ARB_ES2_compatibility
    GL_ARB_direct_state_access
    GL_ARB_get_texture_sub_image
    GL_ARB_invalidate_subdata
    GL_ARB_multi_bind
    GL_ARB_robustness
    GL_ARB_separate_shader_objects
    GL_ARB_texture_filter_anisotropic
    GL_ARB_texture_storage
    GL_ARB_texture_storage_multisample
    GL_ARB_vertex_array_object
    GL_KHR_debug
Using driver workarounds:
    no-forward-compatible-core-context
    nv-egl-incorrect-gl11-function-pointers
    no-layout-qualifiers-on-old-glsl
    nv-zero-context-profile-mask
    nv-implementation-color-read-format-dsa-broken
    nv-cubemap-inconsistent-compressed-image-size
    nv-cubemap-broken-full-compressed-image-query
    nv-compressed-block-size-in-bits
I1216 00:08:42.574262 49010 ResourceManager.cpp:234] ResourceManager::loadStage : Not loading semantic mesh
I1216 00:08:42.574287 49010 ResourceManager.cpp:262] ResourceManager::loadStage : start load render asset data/scene_datasets/mp3d/oLBMNvg9in8/oLBMNvg9in8.glb.
I1216 00:08:42.574296 49010 ResourceManager.cpp:569] ResourceManager::loadStageInternal : Attempting to load stage data/scene_datasets/mp3d/oLBMNvg9in8/oLBMNvg9in8.glb 
I1216 00:08:42.574317 49010 ResourceManager.cpp:1119] Importing Basis files as BC7 for oLBMNvg9in8.glb
W1216 00:08:48.384644 49010 Simulator.cpp:248] :
---
 The active scene does not contain semantic annotations. 
---
I1216 00:08:48.689326 49010 simulator.py:213] Loaded navmesh data/scene_datasets/mp3d/oLBMNvg9in8/oLBMNvg9in8.navmesh
I1216 01:04:38.480090 49011 PhysicsManager.cpp:33] Deconstructing PhysicsManager
I1216 01:04:38.480222 49011 SemanticScene.h:41] Deconstructing SemanticScene
I1216 01:04:38.485952 49011 SceneManager.h:25] Deconstructing SceneManager
I1216 01:04:38.485971 49011 SceneGraph.h:26] Deconstructing SceneGraph
I1216 01:04:38.486491 49011 Sensor.h:87] Deconstructing Sensor
I1216 01:04:38.486702 49011 Sensor.h:87] Deconstructing Sensor
I1216 01:04:38.496918 49011 Renderer.cpp:34] Deconstructing Renderer
I1216 01:04:38.496949 49011 WindowlessContext.h:17] Deconstructing WindowlessContext
I1216 01:04:38.520315 49011 MetadataMediator.cpp:56] MetadataMediator::setActiveSceneDatasetName : Old active dataset default changed to default successfully.
I1216 01:04:38.520682 49011 AttributesManagerBase.h:283] AttributesManager<T>::createFromJsonOrDefaultInternal  (Physics Manager) : Proposing JSON name : ./data/default.physics_config.json from original name : ./data/default.physics_config.json | This file  does not exist.
I1216 01:04:38.520752 49011 PhysicsAttributesManager.cpp:27] File (./data/default.physics_config.json) not found, so new default physics manager attributes created and registered.
I1216 01:04:38.520772 49011 AbstractObjectAttributesManagerBase.h:175] AbstractObjectAttributesManager<T>::createObject  (Stage) : Making attributes with handle : data/scene_datasets/mp3d/TbHJrupSAjP/TbHJrupSAjP.glb
I1216 01:04:38.520785 49011 ManagedContainerBase.cpp:19] ManagedContainerBase::convertFilenameToJSON : Filename : data/scene_datasets/mp3d/TbHJrupSAjP/TbHJrupSAjP.glb changed to proposed JSON configuration filename : data/scene_datasets/mp3d/TbHJrupSAjP/TbHJrupSAjP.stage_config.json
I1216 01:04:38.520799 49011 AttributesManagerBase.h:283] AttributesManager<T>::createFromJsonOrDefaultInternal  (Stage) : Proposing JSON name : data/scene_datasets/mp3d/TbHJrupSAjP/TbHJrupSAjP.stage_config.json from original name : data/scene_datasets/mp3d/TbHJrupSAjP/TbHJrupSAjP.glb | This file  does not exist.
I1216 01:04:38.520921 49011 AbstractObjectAttributesManagerBase.h:181] AbstractObjectAttributesManager<T>::createObject  (Stage) : Done making attributes with handle : data/scene_datasets/mp3d/TbHJrupSAjP/TbHJrupSAjP.glb
I1216 01:04:38.520936 49011 AbstractObjectAttributesManagerBase.h:188] File (data/scene_datasets/mp3d/TbHJrupSAjP/TbHJrupSAjP.glb) exists but is not a recognized config filename extension, so new default Stage attributes created and registered.
I1216 01:04:38.520951 49011 Simulator.cpp:156] Loading navmesh from data/scene_datasets/mp3d/TbHJrupSAjP/TbHJrupSAjP.navmesh
I1216 01:04:38.521296 49011 Simulator.cpp:158] Loaded.
I1216 01:04:38.521319 49011 SceneGraph.h:93] Created DrawableGroup: 
Renderer: Tesla V100-PCIE-32GB/PCIe/SSE2 by NVIDIA Corporation
OpenGL version: 4.6.0 NVIDIA 530.30.02
Using optional features:
    GL_ARB_ES2_compatibility
    GL_ARB_direct_state_access
    GL_ARB_get_texture_sub_image
    GL_ARB_invalidate_subdata
    GL_ARB_multi_bind
    GL_ARB_robustness
    GL_ARB_separate_shader_objects
    GL_ARB_texture_filter_anisotropic
    GL_ARB_texture_storage
    GL_ARB_texture_storage_multisample
    GL_ARB_vertex_array_object
    GL_KHR_debug
Using driver workarounds:
    no-forward-compatible-core-context
    nv-egl-incorrect-gl11-function-pointers
    no-layout-qualifiers-on-old-glsl
    nv-zero-context-profile-mask
    nv-implementation-color-read-format-dsa-broken
    nv-cubemap-inconsistent-compressed-image-size
    nv-cubemap-broken-full-compressed-image-query
    nv-compressed-block-size-in-bits
I1216 01:04:38.524911 49011 ResourceManager.cpp:234] ResourceManager::loadStage : Not loading semantic mesh
I1216 01:04:38.524936 49011 ResourceManager.cpp:262] ResourceManager::loadStage : start load render asset data/scene_datasets/mp3d/TbHJrupSAjP/TbHJrupSAjP.glb.
I1216 01:04:38.524945 49011 ResourceManager.cpp:569] ResourceManager::loadStageInternal : Attempting to load stage data/scene_datasets/mp3d/TbHJrupSAjP/TbHJrupSAjP.glb 
I1216 01:04:38.524966 49011 ResourceManager.cpp:1119] Importing Basis files as BC7 for TbHJrupSAjP.glb
W1216 01:04:43.430774 49011 Simulator.cpp:248] :
---
 The active scene does not contain semantic annotations. 
---
