I1217 20:16:42.526513  4378 AssetAttributesManager.cpp:117] Asset attributes (cubeWireframe : cubeWireframe) created and registered.
I1217 20:16:42.526573  4378 AssetAttributesManager.cpp:117] Asset attributes (cylinderSolid : cylinderSolid_rings_1_segments_12_halfLen_1_useTexCoords_false_useTangents_false_capEnds_true) created and registered.
I1217 20:16:42.526625  4378 AssetAttributesManager.cpp:117] Asset attributes (cylinderWireframe : cylinderWireframe_rings_1_segments_32_halfLen_1) created and registered.
I1217 20:16:42.526662  4378 AssetAttributesManager.cpp:117] Asset attributes (icosphereSolid : icosphereSolid_subdivs_1) created and registered.
I1217 20:16:42.526692  4378 AssetAttributesManager.cpp:117] Asset attributes (icosphereWireframe : icosphereWireframe_subdivs_1) created and registered.
I1217 20:16:42.526731  4378 AssetAttributesManager.cpp:117] Asset attributes (uvSphereSolid : uvSphereSolid_rings_8_segments_16_useTexCoords_false_useTangents_false) created and registered.
I1217 20:16:42.526767  4378 AssetAttributesManager.cpp:117] Asset attributes (uvSphereWireframe : uvSphereWireframe_rings_16_segments_32) created and registered.
I1217 20:16:42.526786  4378 AssetAttributesManager.cpp:105] AssetAttributesManager::buildCtorFuncPtrMaps : Built default primitive asset templates : 12
I1217 20:16:42.526887  4372 SceneDatasetAttributesManager.cpp:23] File (default) not found, so new default dataset attributes created and registered.
I1217 20:16:42.526916  4372 MetadataMediator.cpp:47] MetadataMediator::createDataset : Dataset default successfully created.
I1217 20:16:42.527716  4378 SceneDatasetAttributesManager.cpp:23] File (default) not found, so new default dataset attributes created and registered.
I1217 20:16:42.527738  4378 MetadataMediator.cpp:47] MetadataMediator::createDataset : Dataset default successfully created.
I1217 20:16:42.530920  4373 AttributesManagerBase.h:283] AttributesManager<T>::createFromJsonOrDefaultInternal  (Physics Manager) : Proposing JSON name : ./data/default.physics_config.json from original name : ./data/default.physics_config.json | This file  does not exist.
I1217 20:16:42.530973  4373 PhysicsAttributesManager.cpp:27] File (./data/default.physics_config.json) not found, so new default physics manager attributes created and registered.
I1217 20:16:42.531000  4373 AbstractObjectAttributesManagerBase.h:175] AbstractObjectAttributesManager<T>::createObject  (Stage) : Making attributes with handle : data/scene_datasets/mp3d/8194nk5LbLH/8194nk5LbLH.glb
I1217 20:16:42.531025  4373 ManagedContainerBase.cpp:19] ManagedContainerBase::convertFilenameToJSON : Filename : data/scene_datasets/mp3d/8194nk5LbLH/8194nk5LbLH.glb changed to proposed JSON configuration filename : data/scene_datasets/mp3d/8194nk5LbLH/8194nk5LbLH.stage_config.json
I1217 20:16:42.531574  4370 AttributesManagerBase.h:283] AttributesManager<T>::createFromJsonOrDefaultInternal  (Physics Manager) : Proposing JSON name : ./data/default.physics_config.json from original name : ./data/default.physics_config.json | This file  does not exist.
I1217 20:16:42.531627  4370 PhysicsAttributesManager.cpp:27] File (./data/default.physics_config.json) not found, so new default physics manager attributes created and registered.
I1217 20:16:42.531647  4370 AbstractObjectAttributesManagerBase.h:175] AbstractObjectAttributesManager<T>::createObject  (Stage) : Making attributes with handle : data/scene_datasets/mp3d/x8F5xyUWy9e/x8F5xyUWy9e.glb
I1217 20:16:42.531662  4370 ManagedContainerBase.cpp:19] ManagedContainerBase::convertFilenameToJSON : Filename : data/scene_datasets/mp3d/x8F5xyUWy9e/x8F5xyUWy9e.glb changed to proposed JSON configuration filename : data/scene_datasets/mp3d/x8F5xyUWy9e/x8F5xyUWy9e.stage_config.json
I1217 20:16:42.531947  4375 AttributesManagerBase.h:283] AttributesManager<T>::createFromJsonOrDefaultInternal  (Physics Manager) : Proposing JSON name : ./data/default.physics_config.json from original name : ./data/default.physics_config.json | This file  does not exist.
I1217 20:16:42.532001  4375 PhysicsAttributesManager.cpp:27] File (./data/default.physics_config.json) not found, so new default physics manager attributes created and registered.
I1217 20:16:42.532022  4375 AbstractObjectAttributesManagerBase.h:175] AbstractObjectAttributesManager<T>::createObject  (Stage) : Making attributes with handle : data/scene_datasets/mp3d/oLBMNvg9in8/oLBMNvg9in8.glb
I1217 20:16:42.532037  4375 ManagedContainerBase.cpp:19] ManagedContainerBase::convertFilenameToJSON : Filename : data/scene_datasets/mp3d/oLBMNvg9in8/oLBMNvg9in8.glb changed to proposed JSON configuration filename : data/scene_datasets/mp3d/oLBMNvg9in8/oLBMNvg9in8.stage_config.json
I1217 20:16:42.532560  4377 AttributesManagerBase.h:283] AttributesManager<T>::createFromJsonOrDefaultInternal  (Physics Manager) : Proposing JSON name : ./data/default.physics_config.json from original name : ./data/default.physics_config.json | This file  does not exist.
I1217 20:16:42.532614  4377 PhysicsAttributesManager.cpp:27] File (./data/default.physics_config.json) not found, so new default physics manager attributes created and registered.
I1217 20:16:42.532636  4377 AbstractObjectAttributesManagerBase.h:175] AbstractObjectAttributesManager<T>::createObject  (Stage) : Making attributes with handle : data/scene_datasets/mp3d/pLe4wQe7qrG/pLe4wQe7qrG.glb
I1217 20:16:42.532651  4377 ManagedContainerBase.cpp:19] ManagedContainerBase::convertFilenameToJSON : Filename : data/scene_datasets/mp3d/pLe4wQe7qrG/pLe4wQe7qrG.glb changed to proposed JSON configuration filename : data/scene_datasets/mp3d/pLe4wQe7qrG/pLe4wQe7qrG.stage_config.json
I1217 20:16:42.533026  4373 AttributesManagerBase.h:283] AttributesManager<T>::createFromJsonOrDefaultInternal  (Stage) : Proposing JSON name : data/scene_datasets/mp3d/8194nk5LbLH/8194nk5LbLH.stage_config.json from original name : data/scene_datasets/mp3d/8194nk5LbLH/8194nk5LbLH.glb | This file  does not exist.
I1217 20:16:42.533272  4372 AttributesManagerBase.h:283] AttributesManager<T>::createFromJsonOrDefaultInternal  (Physics Manager) : Proposing JSON name : ./data/default.physics_config.json from original name : ./data/default.physics_config.json | This file  does not exist.
I1217 20:16:42.533324  4372 PhysicsAttributesManager.cpp:27] File (./data/default.physics_config.json) not found, so new default physics manager attributes created and registered.
I1217 20:16:42.533344  4372 AbstractObjectAttributesManagerBase.h:175] AbstractObjectAttributesManager<T>::createObject  (Stage) : Making attributes with handle : data/scene_datasets/mp3d/TbHJrupSAjP/TbHJrupSAjP.glb
I1217 20:16:42.533358  4372 ManagedContainerBase.cpp:19] ManagedContainerBase::convertFilenameToJSON : Filename : data/scene_datasets/mp3d/TbHJrupSAjP/TbHJrupSAjP.glb changed to proposed JSON configuration filename : data/scene_datasets/mp3d/TbHJrupSAjP/TbHJrupSAjP.stage_config.json
I1217 20:16:42.533586  4370 AttributesManagerBase.h:283] AttributesManager<T>::createFromJsonOrDefaultInternal  (Stage) : Proposing JSON name : data/scene_datasets/mp3d/x8F5xyUWy9e/x8F5xyUWy9e.stage_config.json from original name : data/scene_datasets/mp3d/x8F5xyUWy9e/x8F5xyUWy9e.glb | This file  does not exist.
I1217 20:16:42.534031  4378 AttributesManagerBase.h:283] AttributesManager<T>::createFromJsonOrDefaultInternal  (Physics Manager) : Proposing JSON name : ./data/default.physics_config.json from original name : ./data/default.physics_config.json | This file  does not exist.
I1217 20:16:42.534081  4378 PhysicsAttributesManager.cpp:27] File (./data/default.physics_config.json) not found, so new default physics manager attributes created and registered.
I1217 20:16:42.534102  4378 AbstractObjectAttributesManagerBase.h:175] AbstractObjectAttributesManager<T>::createObject  (Stage) : Making attributes with handle : data/scene_datasets/mp3d/zsNo4HB9uLZ/zsNo4HB9uLZ.glb
I1217 20:16:42.534116  4378 ManagedContainerBase.cpp:19] ManagedContainerBase::convertFilenameToJSON : Filename : data/scene_datasets/mp3d/zsNo4HB9uLZ/zsNo4HB9uLZ.glb changed to proposed JSON configuration filename : data/scene_datasets/mp3d/zsNo4HB9uLZ/zsNo4HB9uLZ.stage_config.json
I1217 20:16:42.534662  4375 AttributesManagerBase.h:283] AttributesManager<T>::createFromJsonOrDefaultInternal  (Stage) : Proposing JSON name : data/scene_datasets/mp3d/oLBMNvg9in8/oLBMNvg9in8.stage_config.json from original name : data/scene_datasets/mp3d/oLBMNvg9in8/oLBMNvg9in8.glb | This file  does not exist.
I1217 20:16:42.535037  4373 AbstractObjectAttributesManagerBase.h:181] AbstractObjectAttributesManager<T>::createObject  (Stage) : Done making attributes with handle : data/scene_datasets/mp3d/8194nk5LbLH/8194nk5LbLH.glb
I1217 20:16:42.535063  4373 AbstractObjectAttributesManagerBase.h:188] File (data/scene_datasets/mp3d/8194nk5LbLH/8194nk5LbLH.glb) exists but is not a recognized config filename extension, so new default Stage attributes created and registered.
I1217 20:16:42.535094  4373 Simulator.cpp:156] Loading navmesh from data/scene_datasets/mp3d/8194nk5LbLH/8194nk5LbLH.navmesh
2023-12-17 20:16:42,535 initializing sim Sim-dual
I1217 20:16:42.535780  4377 AttributesManagerBase.h:283] AttributesManager<T>::createFromJsonOrDefaultInternal  (Stage) : Proposing JSON name : data/scene_datasets/mp3d/pLe4wQe7qrG/pLe4wQe7qrG.stage_config.json from original name : data/scene_datasets/mp3d/pLe4wQe7qrG/pLe4wQe7qrG.glb | This file  does not exist.
I1217 20:16:42.536317  4373 Simulator.cpp:158] Loaded.
I1217 20:16:42.536391  4373 SceneGraph.h:93] Created DrawableGroup: 
WARNING: Logging before InitGoogleLogging() is written to STDERR
I1217 20:16:42.536628  4371 ManagedContainerBase.cpp:19] ManagedContainerBase::convertFilenameToJSON : Filename : default changed to proposed JSON configuration filename : default.scene_dataset_config.json
I1217 20:16:42.536686  4371 AttributesManagerBase.h:283] AttributesManager<T>::createFromJsonOrDefaultInternal  (Dataset) : Proposing JSON name : default.scene_dataset_config.json from original name : default | This file  does not exist.
I1217 20:16:42.536809  4370 AbstractObjectAttributesManagerBase.h:181] AbstractObjectAttributesManager<T>::createObject  (Stage) : Done making attributes with handle : data/scene_datasets/mp3d/x8F5xyUWy9e/x8F5xyUWy9e.glb
I1217 20:16:42.536828  4370 AbstractObjectAttributesManagerBase.h:188] File (data/scene_datasets/mp3d/x8F5xyUWy9e/x8F5xyUWy9e.glb) exists but is not a recognized config filename extension, so new default Stage attributes created and registered.
I1217 20:16:42.536837  4371 AssetAttributesManager.cpp:117] Asset attributes (capsule3DSolid : capsule3DSolid_hemiRings_4_cylRings_1_segments_12_halfLen_0.75_useTexCoords_false_useTangents_false) created and registered.
I1217 20:16:42.536852  4370 Simulator.cpp:156] Loading navmesh from data/scene_datasets/mp3d/x8F5xyUWy9e/x8F5xyUWy9e.navmesh
I1217 20:16:42.536927  4371 AssetAttributesManager.cpp:117] Asset attributes (capsule3DWireframe : capsule3DWireframe_hemiRings_8_cylRings_1_segments_16_halfLen_1) created and registered.
I1217 20:16:42.536944  4372 AttributesManagerBase.h:283] AttributesManager<T>::createFromJsonOrDefaultInternal  (Stage) : Proposing JSON name : data/scene_datasets/mp3d/TbHJrupSAjP/TbHJrupSAjP.stage_config.json from original name : data/scene_datasets/mp3d/TbHJrupSAjP/TbHJrupSAjP.glb | This file  does not exist.
I1217 20:16:42.536998  4371 AssetAttributesManager.cpp:117] Asset attributes (coneSolid : coneSolid_segments_12_halfLen_1.25_rings_1_useTexCoords_false_useTangents_false_capEnd_true) created and registered.
I1217 20:16:42.537058  4371 AssetAttributesManager.cpp:117] Asset attributes (coneWireframe : coneWireframe_segments_32_halfLen_1.25) created and registered.
I1217 20:16:42.537089  4371 AssetAttributesManager.cpp:117] Asset attributes (cubeSolid : cubeSolid) created and registered.
I1217 20:16:42.537113  4371 AssetAttributesManager.cpp:117] Asset attributes (cubeWireframe : cubeWireframe) created and registered.
I1217 20:16:42.537175  4371 AssetAttributesManager.cpp:117] Asset attributes (cylinderSolid : cylinderSolid_rings_1_segments_12_halfLen_1_useTexCoords_false_useTangents_false_capEnds_true) created and registered.
I1217 20:16:42.537226  4371 AssetAttributesManager.cpp:117] Asset attributes (cylinderWireframe : cylinderWireframe_rings_1_segments_32_halfLen_1) created and registered.
I1217 20:16:42.537263  4371 AssetAttributesManager.cpp:117] Asset attributes (icosphereSolid : icosphereSolid_subdivs_1) created and registered.
I1217 20:16:42.537295  4371 AssetAttributesManager.cpp:117] Asset attributes (icosphereWireframe : icosphereWireframe_subdivs_1) created and registered.
I1217 20:16:42.537336  4371 AssetAttributesManager.cpp:117] Asset attributes (uvSphereSolid : uvSphereSolid_rings_8_segments_16_useTexCoords_false_useTangents_false) created and registered.
I1217 20:16:42.537374  4371 AssetAttributesManager.cpp:117] Asset attributes (uvSphereWireframe : uvSphereWireframe_rings_16_segments_32) created and registered.
I1217 20:16:42.537392  4371 AssetAttributesManager.cpp:105] AssetAttributesManager::buildCtorFuncPtrMaps : Built default primitive asset templates : 12
I1217 20:16:42.538005  4375 AbstractObjectAttributesManagerBase.h:181] AbstractObjectAttributesManager<T>::createObject  (Stage) : Done making attributes with handle : data/scene_datasets/mp3d/oLBMNvg9in8/oLBMNvg9in8.glb
I1217 20:16:42.538033  4375 AbstractObjectAttributesManagerBase.h:188] File (data/scene_datasets/mp3d/oLBMNvg9in8/oLBMNvg9in8.glb) exists but is not a recognized config filename extension, so new default Stage attributes created and registered.
I1217 20:16:42.538061  4375 Simulator.cpp:156] Loading navmesh from data/scene_datasets/mp3d/oLBMNvg9in8/oLBMNvg9in8.navmesh
I1217 20:16:42.538345  4371 SceneDatasetAttributesManager.cpp:23] File (default) not found, so new default dataset attributes created and registered.
I1217 20:16:42.538367  4371 MetadataMediator.cpp:47] MetadataMediator::createDataset : Dataset default successfully created.
I1217 20:16:42.539167  4377 AbstractObjectAttributesManagerBase.h:181] AbstractObjectAttributesManager<T>::createObject  (Stage) : Done making attributes with handle : data/scene_datasets/mp3d/pLe4wQe7qrG/pLe4wQe7qrG.glb
I1217 20:16:42.539194  4377 AbstractObjectAttributesManagerBase.h:188] File (data/scene_datasets/mp3d/pLe4wQe7qrG/pLe4wQe7qrG.glb) exists but is not a recognized config filename extension, so new default Stage attributes created and registered.
I1217 20:16:42.539233  4377 Simulator.cpp:156] Loading navmesh from data/scene_datasets/mp3d/pLe4wQe7qrG/pLe4wQe7qrG.navmesh
I1217 20:16:42.539323  4378 AttributesManagerBase.h:283] AttributesManager<T>::createFromJsonOrDefaultInternal  (Stage) : Proposing JSON name : data/scene_datasets/mp3d/zsNo4HB9uLZ/zsNo4HB9uLZ.stage_config.json from original name : data/scene_datasets/mp3d/zsNo4HB9uLZ/zsNo4HB9uLZ.glb | This file  does not exist.
I1217 20:16:42.539376  4370 Simulator.cpp:158] Loaded.
I1217 20:16:42.539408  4375 Simulator.cpp:158] Loaded.
I1217 20:16:42.539412  4370 SceneGraph.h:93] Created DrawableGroup: 
I1217 20:16:42.539445  4375 SceneGraph.h:93] Created DrawableGroup: 
I1217 20:16:42.539933  4372 AbstractObjectAttributesManagerBase.h:181] AbstractObjectAttributesManager<T>::createObject  (Stage) : Done making attributes with handle : data/scene_datasets/mp3d/TbHJrupSAjP/TbHJrupSAjP.glb
I1217 20:16:42.540025  4372 AbstractObjectAttributesManagerBase.h:188] File (data/scene_datasets/mp3d/TbHJrupSAjP/TbHJrupSAjP.glb) exists but is not a recognized config filename extension, so new default Stage attributes created and registered.
I1217 20:16:42.540057  4372 Simulator.cpp:156] Loading navmesh from data/scene_datasets/mp3d/TbHJrupSAjP/TbHJrupSAjP.navmesh
I1217 20:16:42.540280  4377 Simulator.cpp:158] Loaded.
I1217 20:16:42.540315  4377 SceneGraph.h:93] Created DrawableGroup: 
I1217 20:16:42.541337  4372 Simulator.cpp:158] Loaded.
I1217 20:16:42.541373  4372 SceneGraph.h:93] Created DrawableGroup: 
I1217 20:16:42.541836  4378 AbstractObjectAttributesManagerBase.h:181] AbstractObjectAttributesManager<T>::createObject  (Stage) : Done making attributes with handle : data/scene_datasets/mp3d/zsNo4HB9uLZ/zsNo4HB9uLZ.glb
I1217 20:16:42.541887  4378 AbstractObjectAttributesManagerBase.h:188] File (data/scene_datasets/mp3d/zsNo4HB9uLZ/zsNo4HB9uLZ.glb) exists but is not a recognized config filename extension, so new default Stage attributes created and registered.
I1217 20:16:42.541951  4378 Simulator.cpp:156] Loading navmesh from data/scene_datasets/mp3d/zsNo4HB9uLZ/zsNo4HB9uLZ.navmesh
I1217 20:16:42.544476  4378 Simulator.cpp:158] Loaded.
I1217 20:16:42.544515  4378 SceneGraph.h:93] Created DrawableGroup: 
I1217 20:16:42.544870  4371 AttributesManagerBase.h:283] AttributesManager<T>::createFromJsonOrDefaultInternal  (Physics Manager) : Proposing JSON name : ./data/default.physics_config.json from original name : ./data/default.physics_config.json | This file  does not exist.
I1217 20:16:42.544925  4371 PhysicsAttributesManager.cpp:27] File (./data/default.physics_config.json) not found, so new default physics manager attributes created and registered.
I1217 20:16:42.544946  4371 AbstractObjectAttributesManagerBase.h:175] AbstractObjectAttributesManager<T>::createObject  (Stage) : Making attributes with handle : data/scene_datasets/mp3d/X7HyMhZNoso/X7HyMhZNoso.glb
I1217 20:16:42.544961  4371 ManagedContainerBase.cpp:19] ManagedContainerBase::convertFilenameToJSON : Filename : data/scene_datasets/mp3d/X7HyMhZNoso/X7HyMhZNoso.glb changed to proposed JSON configuration filename : data/scene_datasets/mp3d/X7HyMhZNoso/X7HyMhZNoso.stage_config.json
I1217 20:16:42.546365  4371 AttributesManagerBase.h:283] AttributesManager<T>::createFromJsonOrDefaultInternal  (Stage) : Proposing JSON name : data/scene_datasets/mp3d/X7HyMhZNoso/X7HyMhZNoso.stage_config.json from original name : data/scene_datasets/mp3d/X7HyMhZNoso/X7HyMhZNoso.glb | This file  does not exist.
I1217 20:16:42.549039  4371 AbstractObjectAttributesManagerBase.h:181] AbstractObjectAttributesManager<T>::createObject  (Stage) : Done making attributes with handle : data/scene_datasets/mp3d/X7HyMhZNoso/X7HyMhZNoso.glb
I1217 20:16:42.549088  4371 AbstractObjectAttributesManagerBase.h:188] File (data/scene_datasets/mp3d/X7HyMhZNoso/X7HyMhZNoso.glb) exists but is not a recognized config filename extension, so new default Stage attributes created and registered.
I1217 20:16:42.549137  4371 Simulator.cpp:156] Loading navmesh from data/scene_datasets/mp3d/X7HyMhZNoso/X7HyMhZNoso.navmesh
I1217 20:16:42.551316  4371 Simulator.cpp:158] Loaded.
I1217 20:16:42.551357  4371 SceneGraph.h:93] Created DrawableGroup: 
2023-12-17 20:16:42,556 initializing sim Sim-dual
WARNING: Logging before InitGoogleLogging() is written to STDERR
I1217 20:16:42.558532  4376 ManagedContainerBase.cpp:19] ManagedContainerBase::convertFilenameToJSON : Filename : default changed to proposed JSON configuration filename : default.scene_dataset_config.json
I1217 20:16:42.558598  4376 AttributesManagerBase.h:283] AttributesManager<T>::createFromJsonOrDefaultInternal  (Dataset) : Proposing JSON name : default.scene_dataset_config.json from original name : default | This file  does not exist.
I1217 20:16:42.558753  4376 AssetAttributesManager.cpp:117] Asset attributes (capsule3DSolid : capsule3DSolid_hemiRings_4_cylRings_1_segments_12_halfLen_0.75_useTexCoords_false_useTangents_false) created and registered.
I1217 20:16:42.558842  4376 AssetAttributesManager.cpp:117] Asset attributes (capsule3DWireframe : capsule3DWireframe_hemiRings_8_cylRings_1_segments_16_halfLen_1) created and registered.
I1217 20:16:42.558920  4376 AssetAttributesManager.cpp:117] Asset attributes (coneSolid : coneSolid_segments_12_halfLen_1.25_rings_1_useTexCoords_false_useTangents_false_capEnd_true) created and registered.
I1217 20:16:42.558971  4376 AssetAttributesManager.cpp:117] Asset attributes (coneWireframe : coneWireframe_segments_32_halfLen_1.25) created and registered.
I1217 20:16:42.559002  4376 AssetAttributesManager.cpp:117] Asset attributes (cubeSolid : cubeSolid) created and registered.
I1217 20:16:42.559028  4376 AssetAttributesManager.cpp:117] Asset attributes (cubeWireframe : cubeWireframe) created and registered.
I1217 20:16:42.559089  4376 AssetAttributesManager.cpp:117] Asset attributes (cylinderSolid : cylinderSolid_rings_1_segments_12_halfLen_1_useTexCoords_false_useTangents_false_capEnds_true) created and registered.
I1217 20:16:42.559141  4376 AssetAttributesManager.cpp:117] Asset attributes (cylinderWireframe : cylinderWireframe_rings_1_segments_32_halfLen_1) created and registered.
I1217 20:16:42.559178  4376 AssetAttributesManager.cpp:117] Asset attributes (icosphereSolid : icosphereSolid_subdivs_1) created and registered.
I1217 20:16:42.559209  4376 AssetAttributesManager.cpp:117] Asset attributes (icosphereWireframe : icosphereWireframe_subdivs_1) created and registered.
I1217 20:16:42.559248  4376 AssetAttributesManager.cpp:117] Asset attributes (uvSphereSolid : uvSphereSolid_rings_8_segments_16_useTexCoords_false_useTangents_false) created and registered.
I1217 20:16:42.559284  4376 AssetAttributesManager.cpp:117] Asset attributes (uvSphereWireframe : uvSphereWireframe_rings_16_segments_32) created and registered.
I1217 20:16:42.559303  4376 AssetAttributesManager.cpp:105] AssetAttributesManager::buildCtorFuncPtrMaps : Built default primitive asset templates : 12
I1217 20:16:42.560277  4376 SceneDatasetAttributesManager.cpp:23] File (default) not found, so new default dataset attributes created and registered.
I1217 20:16:42.560305  4376 MetadataMediator.cpp:47] MetadataMediator::createDataset : Dataset default successfully created.
I1217 20:16:42.566771  4376 AttributesManagerBase.h:283] AttributesManager<T>::createFromJsonOrDefaultInternal  (Physics Manager) : Proposing JSON name : ./data/default.physics_config.json from original name : ./data/default.physics_config.json | This file  does not exist.
I1217 20:16:42.566855  4376 PhysicsAttributesManager.cpp:27] File (./data/default.physics_config.json) not found, so new default physics manager attributes created and registered.
I1217 20:16:42.566884  4376 AbstractObjectAttributesManagerBase.h:175] AbstractObjectAttributesManager<T>::createObject  (Stage) : Making attributes with handle : data/scene_datasets/mp3d/Z6MFQCViBuw/Z6MFQCViBuw.glb
I1217 20:16:42.566901  4376 ManagedContainerBase.cpp:19] ManagedContainerBase::convertFilenameToJSON : Filename : data/scene_datasets/mp3d/Z6MFQCViBuw/Z6MFQCViBuw.glb changed to proposed JSON configuration filename : data/scene_datasets/mp3d/Z6MFQCViBuw/Z6MFQCViBuw.stage_config.json
I1217 20:16:42.567574  4376 AttributesManagerBase.h:283] AttributesManager<T>::createFromJsonOrDefaultInternal  (Stage) : Proposing JSON name : data/scene_datasets/mp3d/Z6MFQCViBuw/Z6MFQCViBuw.stage_config.json from original name : data/scene_datasets/mp3d/Z6MFQCViBuw/Z6MFQCViBuw.glb | This file  does not exist.
I1217 20:16:42.570497  4376 AbstractObjectAttributesManagerBase.h:181] AbstractObjectAttributesManager<T>::createObject  (Stage) : Done making attributes with handle : data/scene_datasets/mp3d/Z6MFQCViBuw/Z6MFQCViBuw.glb
I1217 20:16:42.570521  4376 AbstractObjectAttributesManagerBase.h:188] File (data/scene_datasets/mp3d/Z6MFQCViBuw/Z6MFQCViBuw.glb) exists but is not a recognized config filename extension, so new default Stage attributes created and registered.
I1217 20:16:42.570549  4376 Simulator.cpp:156] Loading navmesh from data/scene_datasets/mp3d/Z6MFQCViBuw/Z6MFQCViBuw.navmesh
I1217 20:16:42.571892  4376 Simulator.cpp:158] Loaded.
I1217 20:16:42.571945  4376 SceneGraph.h:93] Created DrawableGroup: 
Renderer: Tesla V100-PCIE-32GB/PCIe/SSE2 by NVIDIA Corporation
OpenGL version: 4.6.0 NVIDIA 530.30.02
Using optional features:
    GL_ARB_ES2_compatibility
    GL_ARB_direct_state_access
    GL_ARB_get_texture_sub_image
    GL_ARB_invalidate_subdata
    GL_ARB_multi_bind
    GL_ARB_robustness
    GL_ARB_separate_shader_objects
    GL_ARB_texture_filter_anisotropic
    GL_ARB_texture_storage
    GL_ARB_texture_storage_multisample
    GL_ARB_vertex_array_object
    GL_KHR_debug
Using driver workarounds:
    no-forward-compatible-core-context
    nv-egl-incorrect-gl11-function-pointers
    no-layout-qualifiers-on-old-glsl
    nv-zero-context-profile-mask
    nv-implementation-color-read-format-dsa-broken
    nv-cubemap-inconsistent-compressed-image-size
    nv-cubemap-broken-full-compressed-image-query
    nv-compressed-block-size-in-bits
I1217 20:16:42.863191  4377 ResourceManager.cpp:234] ResourceManager::loadStage : Not loading semantic mesh
I1217 20:16:42.863283  4377 ResourceManager.cpp:262] ResourceManager::loadStage : start load render asset data/scene_datasets/mp3d/pLe4wQe7qrG/pLe4wQe7qrG.glb.
I1217 20:16:42.863304  4377 ResourceManager.cpp:569] ResourceManager::loadStageInternal : Attempting to load stage data/scene_datasets/mp3d/pLe4wQe7qrG/pLe4wQe7qrG.glb 
I1217 20:16:42.863359  4377 ResourceManager.cpp:1119] Importing Basis files as BC7 for pLe4wQe7qrG.glb
Renderer: Tesla V100-PCIE-32GB/PCIe/SSE2 by NVIDIA Corporation
OpenGL version: 4.6.0 NVIDIA 530.30.02
Using optional features:
    GL_ARB_ES2_compatibility
    GL_ARB_direct_state_access
    GL_ARB_get_texture_sub_image
    GL_ARB_invalidate_subdata
    GL_ARB_multi_bind
    GL_ARB_robustness
    GL_ARB_separate_shader_objects
    GL_ARB_texture_filter_anisotropic
    GL_ARB_texture_storage
    GL_ARB_texture_storage_multisample
    GL_ARB_vertex_array_object
    GL_KHR_debug
Using driver workarounds:
    no-forward-compatible-core-context
    nv-egl-incorrect-gl11-function-pointers
    no-layout-qualifiers-on-old-glsl
    nv-zero-context-profile-mask
    nv-implementation-color-read-format-dsa-broken
    nv-cubemap-inconsistent-compressed-image-size
    nv-cubemap-broken-full-compressed-image-query
    nv-compressed-block-size-in-bits
Renderer: Tesla V100-PCIE-32GB/PCIe/SSE2 by NVIDIA Corporation
OpenGL version: 4.6.0 NVIDIA 530.30.02
Using optional features:
    GL_ARB_ES2_compatibility
    GL_ARB_direct_state_access
    GL_ARB_get_texture_sub_image
    GL_ARB_invalidate_subdata
    GL_ARB_multi_bind
    GL_ARB_robustness
    GL_ARB_separate_shader_objects
    GL_ARB_texture_filter_anisotropic
    GL_ARB_texture_storage
    GL_ARB_texture_storage_multisample
    GL_ARB_vertex_array_object
    GL_KHR_debug
Using driver workarounds:
    no-forward-compatible-core-context
    nv-egl-incorrect-gl11-function-pointers
    no-layout-qualifiers-on-old-glsl
    nv-zero-context-profile-mask
    nv-implementation-color-read-format-dsa-broken
    nv-cubemap-inconsistent-compressed-image-size
    nv-cubemap-broken-full-compressed-image-query
    nv-compressed-block-size-in-bits
I1217 20:16:42.865042  4376 ResourceManager.cpp:234] ResourceManager::loadStage : Not loading semantic mesh
I1217 20:16:42.865077  4376 ResourceManager.cpp:262] ResourceManager::loadStage : start load render asset data/scene_datasets/mp3d/Z6MFQCViBuw/Z6MFQCViBuw.glb.
I1217 20:16:42.865094  4376 ResourceManager.cpp:569] ResourceManager::loadStageInternal : Attempting to load stage data/scene_datasets/mp3d/Z6MFQCViBuw/Z6MFQCViBuw.glb 
I1217 20:16:42.865108  4370 ResourceManager.cpp:234] ResourceManager::loadStage : Not loading semantic mesh
I1217 20:16:42.865128  4376 ResourceManager.cpp:1119] Importing Basis files as BC7 for Z6MFQCViBuw.glb
I1217 20:16:42.865141  4370 ResourceManager.cpp:262] ResourceManager::loadStage : start load render asset data/scene_datasets/mp3d/x8F5xyUWy9e/x8F5xyUWy9e.glb.
I1217 20:16:42.865155  4370 ResourceManager.cpp:569] ResourceManager::loadStageInternal : Attempting to load stage data/scene_datasets/mp3d/x8F5xyUWy9e/x8F5xyUWy9e.glb 
I1217 20:16:42.865187  4370 ResourceManager.cpp:1119] Importing Basis files as BC7 for x8F5xyUWy9e.glb
Renderer: Tesla V100-PCIE-32GB/PCIe/SSE2 by NVIDIA Corporation
OpenGL version: 4.6.0 NVIDIA 530.30.02
Using optional features:
    GL_ARB_ES2_compatibility
    GL_ARB_direct_state_access
    GL_ARB_get_texture_sub_image
    GL_ARB_invalidate_subdata
    GL_ARB_multi_bind
    GL_ARB_robustness
    GL_ARB_separate_shader_objects
    GL_ARB_texture_filter_anisotropic
    GL_ARB_texture_storage
    GL_ARB_texture_storage_multisample
    GL_ARB_vertex_array_object
    GL_KHR_debug
Using driver workarounds:
    no-forward-compatible-core-context
    nv-egl-incorrect-gl11-function-pointers
    no-layout-qualifiers-on-old-glsl
    nv-zero-context-profile-mask
    nv-implementation-color-read-format-dsa-broken
    nv-cubemap-inconsistent-compressed-image-size
    nv-cubemap-broken-full-compressed-image-query
    nv-compressed-block-size-in-bits
Renderer: Tesla V100-PCIE-32GB/PCIe/SSE2 by NVIDIA Corporation
OpenGL version: 4.6.0 NVIDIA 530.30.02
Using optional features:
    GL_ARB_ES2_compatibility
    GL_ARB_direct_state_access
    GL_ARB_get_texture_sub_image
    GL_ARB_invalidate_subdata
    GL_ARB_multi_bind
    GL_ARB_robustness
    GL_ARB_separate_shader_objects
    GL_ARB_texture_filter_anisotropic
    GL_ARB_texture_storage
    GL_ARB_texture_storage_multisample
    GL_ARB_vertex_array_object
    GL_KHR_debug
Using driver workarounds:
    no-forward-compatible-core-context
    nv-egl-incorrect-gl11-function-pointers
    no-layout-qualifiers-on-old-glsl
    nv-zero-context-profile-mask
    nv-implementation-color-read-format-dsa-broken
    nv-cubemap-inconsistent-compressed-image-size
    nv-cubemap-broken-full-compressed-image-query
    nv-compressed-block-size-in-bits
I1217 20:16:42.876055  4372 ResourceManager.cpp:234] ResourceManager::loadStage : Not loading semantic mesh
I1217 20:16:42.876096  4372 ResourceManager.cpp:262] ResourceManager::loadStage : start load render asset data/scene_datasets/mp3d/TbHJrupSAjP/TbHJrupSAjP.glb.
I1217 20:16:42.876106  4372 ResourceManager.cpp:569] ResourceManager::loadStageInternal : Attempting to load stage data/scene_datasets/mp3d/TbHJrupSAjP/TbHJrupSAjP.glb 
I1217 20:16:42.876144  4372 ResourceManager.cpp:1119] Importing Basis files as BC7 for TbHJrupSAjP.glb
I1217 20:16:42.876546  4371 ResourceManager.cpp:234] ResourceManager::loadStage : Not loading semantic mesh
I1217 20:16:42.876580  4371 ResourceManager.cpp:262] ResourceManager::loadStage : start load render asset data/scene_datasets/mp3d/X7HyMhZNoso/X7HyMhZNoso.glb.
I1217 20:16:42.876591  4371 ResourceManager.cpp:569] ResourceManager::loadStageInternal : Attempting to load stage data/scene_datasets/mp3d/X7HyMhZNoso/X7HyMhZNoso.glb 
I1217 20:16:42.876785  4371 ResourceManager.cpp:1119] Importing Basis files as BC7 for X7HyMhZNoso.glb
Renderer: Tesla V100-PCIE-32GB/PCIe/SSE2 by NVIDIA Corporation
OpenGL version: 4.6.0 NVIDIA 530.30.02
Using optional features:
    GL_ARB_ES2_compatibility
    GL_ARB_direct_state_access
    GL_ARB_get_texture_sub_image
    GL_ARB_invalidate_subdata
    GL_ARB_multi_bind
    GL_ARB_robustness
    GL_ARB_separate_shader_objects
    GL_ARB_texture_filter_anisotropic
    GL_ARB_texture_storage
    GL_ARB_texture_storage_multisample
    GL_ARB_vertex_array_object
    GL_KHR_debug
Using driver workarounds:
    no-forward-compatible-core-context
    nv-egl-incorrect-gl11-function-pointers
    no-layout-qualifiers-on-old-glsl
    nv-zero-context-profile-mask
    nv-implementation-color-read-format-dsa-broken
    nv-cubemap-inconsistent-compressed-image-size
    nv-cubemap-broken-full-compressed-image-query
    nv-compressed-block-size-in-bits
Renderer: Tesla V100-PCIE-32GB/PCIe/SSE2 by NVIDIA Corporation
OpenGL version: 4.6.0 NVIDIA 530.30.02
Using optional features:
    GL_ARB_ES2_compatibility
    GL_ARB_direct_state_access
    GL_ARB_get_texture_sub_image
    GL_ARB_invalidate_subdata
    GL_ARB_multi_bind
    GL_ARB_robustness
    GL_ARB_separate_shader_objects
    GL_ARB_texture_filter_anisotropic
    GL_ARB_texture_storage
    GL_ARB_texture_storage_multisample
    GL_ARB_vertex_array_object
    GL_KHR_debug
Using driver workarounds:
    no-forward-compatible-core-context
    nv-egl-incorrect-gl11-function-pointers
    no-layout-qualifiers-on-old-glsl
    nv-zero-context-profile-mask
    nv-implementation-color-read-format-dsa-broken
    nv-cubemap-inconsistent-compressed-image-size
    nv-cubemap-broken-full-compressed-image-query
I1217 20:16:42.888588  4373 ResourceManager.cpp:234] ResourceManager::loadStage : Not loading semantic mesh
    nv-compressed-block-size-in-bits
I1217 20:16:42.888651  4373 ResourceManager.cpp:262] ResourceManager::loadStage : start load render asset data/scene_datasets/mp3d/8194nk5LbLH/8194nk5LbLH.glb.
I1217 20:16:42.888672  4373 ResourceManager.cpp:569] ResourceManager::loadStageInternal : Attempting to load stage data/scene_datasets/mp3d/8194nk5LbLH/8194nk5LbLH.glb 
I1217 20:16:42.888731  4373 ResourceManager.cpp:1119] Importing Basis files as BC7 for 8194nk5LbLH.glb
Renderer: Tesla V100-PCIE-32GB/PCIe/SSE2 by NVIDIA Corporation
OpenGL version: 4.6.0 NVIDIA 530.30.02
I1217 20:16:42.889196  4378 ResourceManager.cpp:234] ResourceManager::loadStage : Not loading semantic mesh
Using optional features:
I1217 20:16:42.889277  4378 ResourceManager.cpp:262] ResourceManager::loadStage : start load render asset data/scene_datasets/mp3d/zsNo4HB9uLZ/zsNo4HB9uLZ.glb.
    GL_ARB_ES2_compatibility
I1217 20:16:42.889319  4378 ResourceManager.cpp:569] ResourceManager::loadStageInternal : Attempting to load stage data/scene_datasets/mp3d/zsNo4HB9uLZ/zsNo4HB9uLZ.glb 
    GL_ARB_direct_state_access
    GL_ARB_get_texture_sub_image
    GL_ARB_invalidate_subdata
    GL_ARB_multi_bind
    GL_ARB_robustness
    GL_ARB_separate_shader_objects
I1217 20:16:42.889374  4378 ResourceManager.cpp:1119] Importing Basis files as BC7 for zsNo4HB9uLZ.glb
    GL_ARB_texture_filter_anisotropic
    GL_ARB_texture_storage
    GL_ARB_texture_storage_multisample
    GL_ARB_vertex_array_object
    GL_KHR_debug
Using driver workarounds:
    no-forward-compatible-core-context
    nv-egl-incorrect-gl11-function-pointers
    no-layout-qualifiers-on-old-glsl
    nv-zero-context-profile-mask
    nv-implementation-color-read-format-dsa-broken
    nv-cubemap-inconsistent-compressed-image-size
    nv-cubemap-broken-full-compressed-image-query
    nv-compressed-block-size-in-bits
I1217 20:16:42.890013  4375 ResourceManager.cpp:234] ResourceManager::loadStage : Not loading semantic mesh
I1217 20:16:42.890053  4375 ResourceManager.cpp:262] ResourceManager::loadStage : start load render asset data/scene_datasets/mp3d/oLBMNvg9in8/oLBMNvg9in8.glb.
I1217 20:16:42.890067  4375 ResourceManager.cpp:569] ResourceManager::loadStageInternal : Attempting to load stage data/scene_datasets/mp3d/oLBMNvg9in8/oLBMNvg9in8.glb 
I1217 20:16:42.890107  4375 ResourceManager.cpp:1119] Importing Basis files as BC7 for oLBMNvg9in8.glb
W1217 20:16:44.405822  4370 Simulator.cpp:248] :
---
 The active scene does not contain semantic annotations. 
---
I1217 20:16:44.485577 4370 simulator.py:213] Loaded navmesh data/scene_datasets/mp3d/x8F5xyUWy9e/x8F5xyUWy9e.navmesh
2023-12-17 20:16:44,489 Initializing task VLN-v0
W1217 20:16:44.725808  4377 Simulator.cpp:248] :
---
 The active scene does not contain semantic annotations. 
---
I1217 20:16:44.764433 4377 simulator.py:213] Loaded navmesh data/scene_datasets/mp3d/pLe4wQe7qrG/pLe4wQe7qrG.navmesh
2023-12-17 20:16:44,767 Initializing task VLN-v0
W1217 20:16:45.275180  4373 Simulator.cpp:248] :
---
 The active scene does not contain semantic annotations. 
---
I1217 20:16:45.369447 4373 simulator.py:213] Loaded navmesh data/scene_datasets/mp3d/8194nk5LbLH/8194nk5LbLH.navmesh
2023-12-17 20:16:45,373 Initializing task VLN-v0
W1217 20:16:45.585860  4378 Simulator.cpp:248] :
---
 The active scene does not contain semantic annotations. 
---
I1217 20:16:45.751579 4378 simulator.py:213] Loaded navmesh data/scene_datasets/mp3d/zsNo4HB9uLZ/zsNo4HB9uLZ.navmesh
2023-12-17 20:16:45,755 Initializing task VLN-v0
W1217 20:16:46.711784  4371 Simulator.cpp:248] :
---
 The active scene does not contain semantic annotations. 
---
I1217 20:16:46.898538 4371 simulator.py:213] Loaded navmesh data/scene_datasets/mp3d/X7HyMhZNoso/X7HyMhZNoso.navmesh
2023-12-17 20:16:46,902 Initializing task VLN-v0
W1217 20:16:48.352078  4372 Simulator.cpp:248] :
---
 The active scene does not contain semantic annotations. 
---
I1217 20:16:48.651427 4372 simulator.py:213] Loaded navmesh data/scene_datasets/mp3d/TbHJrupSAjP/TbHJrupSAjP.navmesh
2023-12-17 20:16:48,674 Initializing task VLN-v0
W1217 20:16:49.404865  4375 Simulator.cpp:248] :
---
 The active scene does not contain semantic annotations. 
---
I1217 20:16:49.778680 4375 simulator.py:213] Loaded navmesh data/scene_datasets/mp3d/oLBMNvg9in8/oLBMNvg9in8.navmesh
2023-12-17 20:16:49,783 Initializing task VLN-v0
W1217 20:16:54.596884  4376 Simulator.cpp:248] :
---
 The active scene does not contain semantic annotations. 
---
I1217 20:16:54.790298 4376 simulator.py:213] Loaded navmesh data/scene_datasets/mp3d/Z6MFQCViBuw/Z6MFQCViBuw.navmesh
2023-12-17 20:16:54,796 Initializing task VLN-v0
2023-12-17 20:17:03,213 Loaded weights from checkpoint: experiments/checkpoints/intuit/hpc2/cma_pm_da_aug_tune/ckpt.15.pth
2023-12-17 20:17:03,213 Finished setting up actor critic model.
I1217 20:36:39.632545  4370 PhysicsManager.cpp:33] Deconstructing PhysicsManager
I1217 20:36:39.632783  4370 SemanticScene.h:41] Deconstructing SemanticScene
I1217 20:36:39.635442  4370 SceneManager.h:25] Deconstructing SceneManager
I1217 20:36:39.635478  4370 SceneGraph.h:26] Deconstructing SceneGraph
I1217 20:36:39.636795  4370 Sensor.h:87] Deconstructing Sensor
I1217 20:36:39.637240  4370 Sensor.h:87] Deconstructing Sensor
I1217 20:36:39.639721  4370 Renderer.cpp:34] Deconstructing Renderer
I1217 20:36:39.639775  4370 WindowlessContext.h:17] Deconstructing WindowlessContext
I1217 20:36:39.645787  4370 MetadataMediator.cpp:56] MetadataMediator::setActiveSceneDatasetName : Old active dataset default changed to default successfully.
I1217 20:36:39.648527  4370 AttributesManagerBase.h:283] AttributesManager<T>::createFromJsonOrDefaultInternal  (Physics Manager) : Proposing JSON name : ./data/default.physics_config.json from original name : ./data/default.physics_config.json | This file  does not exist.
I1217 20:36:39.648618  4370 PhysicsAttributesManager.cpp:27] File (./data/default.physics_config.json) not found, so new default physics manager attributes created and registered.
I1217 20:36:39.648643  4370 AbstractObjectAttributesManagerBase.h:175] AbstractObjectAttributesManager<T>::createObject  (Stage) : Making attributes with handle : data/scene_datasets/mp3d/2azQ1b91cZZ/2azQ1b91cZZ.glb
I1217 20:36:39.648662  4370 ManagedContainerBase.cpp:19] ManagedContainerBase::convertFilenameToJSON : Filename : data/scene_datasets/mp3d/2azQ1b91cZZ/2azQ1b91cZZ.glb changed to proposed JSON configuration filename : data/scene_datasets/mp3d/2azQ1b91cZZ/2azQ1b91cZZ.stage_config.json
I1217 20:36:39.651855  4370 AttributesManagerBase.h:283] AttributesManager<T>::createFromJsonOrDefaultInternal  (Stage) : Proposing JSON name : data/scene_datasets/mp3d/2azQ1b91cZZ/2azQ1b91cZZ.stage_config.json from original name : data/scene_datasets/mp3d/2azQ1b91cZZ/2azQ1b91cZZ.glb | This file  does not exist.
I1217 20:36:39.654343  4370 AbstractObjectAttributesManagerBase.h:181] AbstractObjectAttributesManager<T>::createObject  (Stage) : Done making attributes with handle : data/scene_datasets/mp3d/2azQ1b91cZZ/2azQ1b91cZZ.glb
I1217 20:36:39.654371  4370 AbstractObjectAttributesManagerBase.h:188] File (data/scene_datasets/mp3d/2azQ1b91cZZ/2azQ1b91cZZ.glb) exists but is not a recognized config filename extension, so new default Stage attributes created and registered.
I1217 20:36:39.654392  4370 Simulator.cpp:156] Loading navmesh from data/scene_datasets/mp3d/2azQ1b91cZZ/2azQ1b91cZZ.navmesh
I1217 20:36:39.656086  4370 Simulator.cpp:158] Loaded.
I1217 20:36:39.656121  4370 SceneGraph.h:93] Created DrawableGroup: 
Renderer: Tesla V100-PCIE-32GB/PCIe/SSE2 by NVIDIA Corporation
OpenGL version: 4.6.0 NVIDIA 530.30.02
Using optional features:
    GL_ARB_ES2_compatibility
    GL_ARB_direct_state_access
    GL_ARB_get_texture_sub_image
    GL_ARB_invalidate_subdata
    GL_ARB_multi_bind
    GL_ARB_robustness
    GL_ARB_separate_shader_objects
    GL_ARB_texture_filter_anisotropic
    GL_ARB_texture_storage
    GL_ARB_texture_storage_multisample
    GL_ARB_vertex_array_object
    GL_KHR_debug
Using driver workarounds:
    no-forward-compatible-core-context
    nv-egl-incorrect-gl11-function-pointers
    no-layout-qualifiers-on-old-glsl
    nv-zero-context-profile-mask
    nv-implementation-color-read-format-dsa-broken
    nv-cubemap-inconsistent-compressed-image-size
    nv-cubemap-broken-full-compressed-image-query
    nv-compressed-block-size-in-bits
I1217 20:36:39.662711  4370 ResourceManager.cpp:234] ResourceManager::loadStage : Not loading semantic mesh
I1217 20:36:39.662739  4370 ResourceManager.cpp:262] ResourceManager::loadStage : start load render asset data/scene_datasets/mp3d/2azQ1b91cZZ/2azQ1b91cZZ.glb.
I1217 20:36:39.662748  4370 ResourceManager.cpp:569] ResourceManager::loadStageInternal : Attempting to load stage data/scene_datasets/mp3d/2azQ1b91cZZ/2azQ1b91cZZ.glb 
I1217 20:36:39.662773  4370 ResourceManager.cpp:1119] Importing Basis files as BC7 for 2azQ1b91cZZ.glb
W1217 20:36:47.365584  4370 Simulator.cpp:248] :
---
 The active scene does not contain semantic annotations. 
---
I1217 20:36:47.739872 4370 simulator.py:213] Loaded navmesh data/scene_datasets/mp3d/2azQ1b91cZZ/2azQ1b91cZZ.navmesh
I1217 20:39:58.162750  4371 PhysicsManager.cpp:33] Deconstructing PhysicsManager
I1217 20:39:58.162844  4371 SemanticScene.h:41] Deconstructing SemanticScene
I1217 20:39:58.166556  4371 SceneManager.h:25] Deconstructing SceneManager
I1217 20:39:58.166579  4371 SceneGraph.h:26] Deconstructing SceneGraph
I1217 20:39:58.168573  4371 Sensor.h:87] Deconstructing Sensor
I1217 20:39:58.168908  4371 Sensor.h:87] Deconstructing Sensor
I1217 20:39:58.172329  4371 Renderer.cpp:34] Deconstructing Renderer
I1217 20:39:58.172358  4371 WindowlessContext.h:17] Deconstructing WindowlessContext
I1217 20:39:58.190876  4371 MetadataMediator.cpp:56] MetadataMediator::setActiveSceneDatasetName : Old active dataset default changed to default successfully.
I1217 20:39:58.192525  4371 AttributesManagerBase.h:283] AttributesManager<T>::createFromJsonOrDefaultInternal  (Physics Manager) : Proposing JSON name : ./data/default.physics_config.json from original name : ./data/default.physics_config.json | This file  does not exist.
I1217 20:39:58.192665  4371 PhysicsAttributesManager.cpp:27] File (./data/default.physics_config.json) not found, so new default physics manager attributes created and registered.
I1217 20:39:58.192709  4371 AbstractObjectAttributesManagerBase.h:175] AbstractObjectAttributesManager<T>::createObject  (Stage) : Making attributes with handle : data/scene_datasets/mp3d/EU6Fwq7SyZv/EU6Fwq7SyZv.glb
I1217 20:39:58.192751  4371 ManagedContainerBase.cpp:19] ManagedContainerBase::convertFilenameToJSON : Filename : data/scene_datasets/mp3d/EU6Fwq7SyZv/EU6Fwq7SyZv.glb changed to proposed JSON configuration filename : data/scene_datasets/mp3d/EU6Fwq7SyZv/EU6Fwq7SyZv.stage_config.json
I1217 20:39:58.194160  4371 AttributesManagerBase.h:283] AttributesManager<T>::createFromJsonOrDefaultInternal  (Stage) : Proposing JSON name : data/scene_datasets/mp3d/EU6Fwq7SyZv/EU6Fwq7SyZv.stage_config.json from original name : data/scene_datasets/mp3d/EU6Fwq7SyZv/EU6Fwq7SyZv.glb | This file  does not exist.
I1217 20:39:58.195411  4371 AbstractObjectAttributesManagerBase.h:181] AbstractObjectAttributesManager<T>::createObject  (Stage) : Done making attributes with handle : data/scene_datasets/mp3d/EU6Fwq7SyZv/EU6Fwq7SyZv.glb
I1217 20:39:58.195437  4371 AbstractObjectAttributesManagerBase.h:188] File (data/scene_datasets/mp3d/EU6Fwq7SyZv/EU6Fwq7SyZv.glb) exists but is not a recognized config filename extension, so new default Stage attributes created and registered.
I1217 20:39:58.195458  4371 Simulator.cpp:156] Loading navmesh from data/scene_datasets/mp3d/EU6Fwq7SyZv/EU6Fwq7SyZv.navmesh
I1217 20:39:58.196426  4371 Simulator.cpp:158] Loaded.
I1217 20:39:58.196455  4371 SceneGraph.h:93] Created DrawableGroup: 
Renderer: Tesla V100-PCIE-32GB/PCIe/SSE2 by NVIDIA Corporation
OpenGL version: 4.6.0 NVIDIA 530.30.02
Using optional features:
    GL_ARB_ES2_compatibility
    GL_ARB_direct_state_access
    GL_ARB_get_texture_sub_image
    GL_ARB_invalidate_subdata
    GL_ARB_multi_bind
    GL_ARB_robustness
    GL_ARB_separate_shader_objects
    GL_ARB_texture_filter_anisotropic
    GL_ARB_texture_storage
    GL_ARB_texture_storage_multisample
    GL_ARB_vertex_array_object
    GL_KHR_debug
Using driver workarounds:
    no-forward-compatible-core-context
    nv-egl-incorrect-gl11-function-pointers
    no-layout-qualifiers-on-old-glsl
    nv-zero-context-profile-mask
    nv-implementation-color-read-format-dsa-broken
    nv-cubemap-inconsistent-compressed-image-size
    nv-cubemap-broken-full-compressed-image-query
    nv-compressed-block-size-in-bits
I1217 20:39:58.200611  4371 ResourceManager.cpp:234] ResourceManager::loadStage : Not loading semantic mesh
I1217 20:39:58.200639  4371 ResourceManager.cpp:262] ResourceManager::loadStage : start load render asset data/scene_datasets/mp3d/EU6Fwq7SyZv/EU6Fwq7SyZv.glb.
I1217 20:39:58.200650  4371 ResourceManager.cpp:569] ResourceManager::loadStageInternal : Attempting to load stage data/scene_datasets/mp3d/EU6Fwq7SyZv/EU6Fwq7SyZv.glb 
I1217 20:39:58.200673  4371 ResourceManager.cpp:1119] Importing Basis files as BC7 for EU6Fwq7SyZv.glb
W1217 20:40:03.933948  4371 Simulator.cpp:248] :
---
 The active scene does not contain semantic annotations. 
---
I1217 20:40:04.809551 4371 simulator.py:213] Loaded navmesh data/scene_datasets/mp3d/EU6Fwq7SyZv/EU6Fwq7SyZv.navmesh
I1217 20:51:36.730103  4372 PhysicsManager.cpp:33] Deconstructing PhysicsManager
I1217 20:51:36.730233  4372 SemanticScene.h:41] Deconstructing SemanticScene
I1217 20:51:36.736593  4372 SceneManager.h:25] Deconstructing SceneManager
I1217 20:51:36.736622  4372 SceneGraph.h:26] Deconstructing SceneGraph
I1217 20:51:36.737464  4372 Sensor.h:87] Deconstructing Sensor
I1217 20:51:36.743186  4372 Sensor.h:87] Deconstructing Sensor
I1217 20:51:36.754529  4372 Renderer.cpp:34] Deconstructing Renderer
I1217 20:51:36.754560  4372 WindowlessContext.h:17] Deconstructing WindowlessContext
I1217 20:51:36.774188  4372 MetadataMediator.cpp:56] MetadataMediator::setActiveSceneDatasetName : Old active dataset default changed to default successfully.
I1217 20:51:36.776396  4372 AttributesManagerBase.h:283] AttributesManager<T>::createFromJsonOrDefaultInternal  (Physics Manager) : Proposing JSON name : ./data/default.physics_config.json from original name : ./data/default.physics_config.json | This file  does not exist.
I1217 20:51:36.776473  4372 PhysicsAttributesManager.cpp:27] File (./data/default.physics_config.json) not found, so new default physics manager attributes created and registered.
I1217 20:51:36.776499  4372 AbstractObjectAttributesManagerBase.h:175] AbstractObjectAttributesManager<T>::createObject  (Stage) : Making attributes with handle : data/scene_datasets/mp3d/QUCTc6BB5sX/QUCTc6BB5sX.glb
I1217 20:51:36.776515  4372 ManagedContainerBase.cpp:19] ManagedContainerBase::convertFilenameToJSON : Filename : data/scene_datasets/mp3d/QUCTc6BB5sX/QUCTc6BB5sX.glb changed to proposed JSON configuration filename : data/scene_datasets/mp3d/QUCTc6BB5sX/QUCTc6BB5sX.stage_config.json
I1217 20:51:36.780037  4372 AttributesManagerBase.h:283] AttributesManager<T>::createFromJsonOrDefaultInternal  (Stage) : Proposing JSON name : data/scene_datasets/mp3d/QUCTc6BB5sX/QUCTc6BB5sX.stage_config.json from original name : data/scene_datasets/mp3d/QUCTc6BB5sX/QUCTc6BB5sX.glb | This file  does not exist.
I1217 20:51:36.782634  4372 AbstractObjectAttributesManagerBase.h:181] AbstractObjectAttributesManager<T>::createObject  (Stage) : Done making attributes with handle : data/scene_datasets/mp3d/QUCTc6BB5sX/QUCTc6BB5sX.glb
I1217 20:51:36.782660  4372 AbstractObjectAttributesManagerBase.h:188] File (data/scene_datasets/mp3d/QUCTc6BB5sX/QUCTc6BB5sX.glb) exists but is not a recognized config filename extension, so new default Stage attributes created and registered.
I1217 20:51:36.782681  4372 Simulator.cpp:156] Loading navmesh from data/scene_datasets/mp3d/QUCTc6BB5sX/QUCTc6BB5sX.navmesh
I1217 20:51:36.785475  4372 Simulator.cpp:158] Loaded.
I1217 20:51:36.785511  4372 SceneGraph.h:93] Created DrawableGroup: 
Renderer: Tesla V100-PCIE-32GB/PCIe/SSE2 by NVIDIA Corporation
OpenGL version: 4.6.0 NVIDIA 530.30.02
Using optional features:
    GL_ARB_ES2_compatibility
    GL_ARB_direct_state_access
    GL_ARB_get_texture_sub_image
    GL_ARB_invalidate_subdata
    GL_ARB_multi_bind
    GL_ARB_robustness
    GL_ARB_separate_shader_objects
    GL_ARB_texture_filter_anisotropic
    GL_ARB_texture_storage
    GL_ARB_texture_storage_multisample
    GL_ARB_vertex_array_object
    GL_KHR_debug
Using driver workarounds:
    no-forward-compatible-core-context
    nv-egl-incorrect-gl11-function-pointers
    no-layout-qualifiers-on-old-glsl
    nv-zero-context-profile-mask
    nv-implementation-color-read-format-dsa-broken
    nv-cubemap-inconsistent-compressed-image-size
    nv-cubemap-broken-full-compressed-image-query
    nv-compressed-block-size-in-bits
I1217 20:51:36.789685  4372 ResourceManager.cpp:234] ResourceManager::loadStage : Not loading semantic mesh
I1217 20:51:36.789726  4372 ResourceManager.cpp:262] ResourceManager::loadStage : start load render asset data/scene_datasets/mp3d/QUCTc6BB5sX/QUCTc6BB5sX.glb.
