I1211 21:54:09.646049 22441 AssetAttributesManager.cpp:117] Asset attributes (coneWireframe : coneWireframe_segments_32_halfLen_1.25) created and registered.
I1211 21:54:09.646080 22441 AssetAttributesManager.cpp:117] Asset attributes (cubeSolid : cubeSolid) created and registered.
I1211 21:54:09.646104 22441 AssetAttributesManager.cpp:117] Asset attributes (cubeWireframe : cubeWireframe) created and registered.
I1211 21:54:09.646163 22441 AssetAttributesManager.cpp:117] Asset attributes (cylinderSolid : cylinderSolid_rings_1_segments_12_halfLen_1_useTexCoords_false_useTangents_false_capEnds_true) created and registered.
I1211 21:54:09.646215 22441 AssetAttributesManager.cpp:117] Asset attributes (cylinderWireframe : cylinderWireframe_rings_1_segments_32_halfLen_1) created and registered.
I1211 21:54:09.646252 22441 AssetAttributesManager.cpp:117] Asset attributes (icosphereSolid : icosphereSolid_subdivs_1) created and registered.
I1211 21:54:09.646283 22441 AssetAttributesManager.cpp:117] Asset attributes (icosphereWireframe : icosphereWireframe_subdivs_1) created and registered.
I1211 21:54:09.646322 22441 AssetAttributesManager.cpp:117] Asset attributes (uvSphereSolid : uvSphereSolid_rings_8_segments_16_useTexCoords_false_useTangents_false) created and registered.
I1211 21:54:09.646358 22441 AssetAttributesManager.cpp:117] Asset attributes (uvSphereWireframe : uvSphereWireframe_rings_16_segments_32) created and registered.
I1211 21:54:09.646378 22441 AssetAttributesManager.cpp:105] AssetAttributesManager::buildCtorFuncPtrMaps : Built default primitive asset templates : 12
WARNING: Logging before InitGoogleLogging() is written to STDERR
I1211 21:54:09.647272 22442 ManagedContainerBase.cpp:19] ManagedContainerBase::convertFilenameToJSON : Filename : default changed to proposed JSON configuration filename : default.scene_dataset_config.json
I1211 21:54:09.647325 22442 AttributesManagerBase.h:283] AttributesManager<T>::createFromJsonOrDefaultInternal  (Dataset) : Proposing JSON name : default.scene_dataset_config.json from original name : default | This file  does not exist.
I1211 21:54:09.647328 22441 SceneDatasetAttributesManager.cpp:23] File (default) not found, so new default dataset attributes created and registered.
I1211 21:54:09.647356 22441 MetadataMediator.cpp:47] MetadataMediator::createDataset : Dataset default successfully created.
I1211 21:54:09.647452 22444 AttributesManagerBase.h:283] AttributesManager<T>::createFromJsonOrDefaultInternal  (Physics Manager) : Proposing JSON name : ./data/default.physics_config.json from original name : ./data/default.physics_config.json | This file  does not exist.
I1211 21:54:09.647461 22442 AssetAttributesManager.cpp:117] Asset attributes (capsule3DSolid : capsule3DSolid_hemiRings_4_cylRings_1_segments_12_halfLen_0.75_useTexCoords_false_useTangents_false) created and registered.
I1211 21:54:09.647501 22444 PhysicsAttributesManager.cpp:27] File (./data/default.physics_config.json) not found, so new default physics manager attributes created and registered.
I1211 21:54:09.647521 22444 AbstractObjectAttributesManagerBase.h:175] AbstractObjectAttributesManager<T>::createObject  (Stage) : Making attributes with handle : data/scene_datasets/mp3d/8194nk5LbLH/8194nk5LbLH.glb
I1211 21:54:09.647536 22444 ManagedContainerBase.cpp:19] ManagedContainerBase::convertFilenameToJSON : Filename : data/scene_datasets/mp3d/8194nk5LbLH/8194nk5LbLH.glb changed to proposed JSON configuration filename : data/scene_datasets/mp3d/8194nk5LbLH/8194nk5LbLH.stage_config.json
I1211 21:54:09.647545 22442 AssetAttributesManager.cpp:117] Asset attributes (capsule3DWireframe : capsule3DWireframe_hemiRings_8_cylRings_1_segments_16_halfLen_1) created and registered.
WARNING: Logging before InitGoogleLogging() is written to STDERR
I1211 21:54:09.647549 22447 ManagedContainerBase.cpp:19] ManagedContainerBase::convertFilenameToJSON : Filename : default changed to proposed JSON configuration filename : default.scene_dataset_config.json
I1211 21:54:09.647604 22447 AttributesManagerBase.h:283] AttributesManager<T>::createFromJsonOrDefaultInternal  (Dataset) : Proposing JSON name : default.scene_dataset_config.json from original name : default | This file  does not exist.
I1211 21:54:09.647611 22442 AssetAttributesManager.cpp:117] Asset attributes (coneSolid : coneSolid_segments_12_halfLen_1.25_rings_1_useTexCoords_false_useTangents_false_capEnd_true) created and registered.
I1211 21:54:09.647663 22442 AssetAttributesManager.cpp:117] Asset attributes (coneWireframe : coneWireframe_segments_32_halfLen_1.25) created and registered.
I1211 21:54:09.647693 22442 AssetAttributesManager.cpp:117] Asset attributes (cubeSolid : cubeSolid) created and registered.
I1211 21:54:09.647723 22442 AssetAttributesManager.cpp:117] Asset attributes (cubeWireframe : cubeWireframe) created and registered.
I1211 21:54:09.647749 22447 AssetAttributesManager.cpp:117] Asset attributes (capsule3DSolid : capsule3DSolid_hemiRings_4_cylRings_1_segments_12_halfLen_0.75_useTexCoords_false_useTangents_false) created and registered.
I1211 21:54:09.647786 22442 AssetAttributesManager.cpp:117] Asset attributes (cylinderSolid : cylinderSolid_rings_1_segments_12_halfLen_1_useTexCoords_false_useTangents_false_capEnds_true) created and registered.
I1211 21:54:09.647826 22447 AssetAttributesManager.cpp:117] Asset attributes (capsule3DWireframe : capsule3DWireframe_hemiRings_8_cylRings_1_segments_16_halfLen_1) created and registered.
I1211 21:54:09.647837 22442 AssetAttributesManager.cpp:117] Asset attributes (cylinderWireframe : cylinderWireframe_rings_1_segments_32_halfLen_1) created and registered.
I1211 21:54:09.647873 22442 AssetAttributesManager.cpp:117] Asset attributes (icosphereSolid : icosphereSolid_subdivs_1) created and registered.
I1211 21:54:09.647892 22447 AssetAttributesManager.cpp:117] Asset attributes (coneSolid : coneSolid_segments_12_halfLen_1.25_rings_1_useTexCoords_false_useTangents_false_capEnd_true) created and registered.
I1211 21:54:09.647902 22442 AssetAttributesManager.cpp:117] Asset attributes (icosphereWireframe : icosphereWireframe_subdivs_1) created and registered.
I1211 21:54:09.647941 22447 AssetAttributesManager.cpp:117] Asset attributes (coneWireframe : coneWireframe_segments_32_halfLen_1.25) created and registered.
I1211 21:54:09.647943 22442 AssetAttributesManager.cpp:117] Asset attributes (uvSphereSolid : uvSphereSolid_rings_8_segments_16_useTexCoords_false_useTangents_false) created and registered.
I1211 21:54:09.647970 22447 AssetAttributesManager.cpp:117] Asset attributes (cubeSolid : cubeSolid) created and registered.
I1211 21:54:09.647987 22442 AssetAttributesManager.cpp:117] Asset attributes (uvSphereWireframe : uvSphereWireframe_rings_16_segments_32) created and registered.
I1211 21:54:09.647994 22447 AssetAttributesManager.cpp:117] Asset attributes (cubeWireframe : cubeWireframe) created and registered.
I1211 21:54:09.648006 22442 AssetAttributesManager.cpp:105] AssetAttributesManager::buildCtorFuncPtrMaps : Built default primitive asset templates : 12
I1211 21:54:09.648054 22447 AssetAttributesManager.cpp:117] Asset attributes (cylinderSolid : cylinderSolid_rings_1_segments_12_halfLen_1_useTexCoords_false_useTangents_false_capEnds_true) created and registered.
I1211 21:54:09.648104 22447 AssetAttributesManager.cpp:117] Asset attributes (cylinderWireframe : cylinderWireframe_rings_1_segments_32_halfLen_1) created and registered.
I1211 21:54:09.648140 22447 AssetAttributesManager.cpp:117] Asset attributes (icosphereSolid : icosphereSolid_subdivs_1) created and registered.
I1211 21:54:09.648169 22447 AssetAttributesManager.cpp:117] Asset attributes (icosphereWireframe : icosphereWireframe_subdivs_1) created and registered.
I1211 21:54:09.648207 22447 AssetAttributesManager.cpp:117] Asset attributes (uvSphereSolid : uvSphereSolid_rings_8_segments_16_useTexCoords_false_useTangents_false) created and registered.
I1211 21:54:09.648242 22447 AssetAttributesManager.cpp:117] Asset attributes (uvSphereWireframe : uvSphereWireframe_rings_16_segments_32) created and registered.
I1211 21:54:09.648262 22447 AssetAttributesManager.cpp:105] AssetAttributesManager::buildCtorFuncPtrMaps : Built default primitive asset templates : 12
I1211 21:54:09.648932 22442 SceneDatasetAttributesManager.cpp:23] File (default) not found, so new default dataset attributes created and registered.
I1211 21:54:09.648952 22442 MetadataMediator.cpp:47] MetadataMediator::createDataset : Dataset default successfully created.
I1211 21:54:09.649207 22447 SceneDatasetAttributesManager.cpp:23] File (default) not found, so new default dataset attributes created and registered.
I1211 21:54:09.649228 22447 MetadataMediator.cpp:47] MetadataMediator::createDataset : Dataset default successfully created.
I1211 21:54:09.651984 22448 AttributesManagerBase.h:283] AttributesManager<T>::createFromJsonOrDefaultInternal  (Stage) : Proposing JSON name : data/scene_datasets/mp3d/zsNo4HB9uLZ/zsNo4HB9uLZ.stage_config.json from original name : data/scene_datasets/mp3d/zsNo4HB9uLZ/zsNo4HB9uLZ.glb | This file  does not exist.
I1211 21:54:09.652622 22446 AttributesManagerBase.h:283] AttributesManager<T>::createFromJsonOrDefaultInternal  (Stage) : Proposing JSON name : data/scene_datasets/mp3d/Z6MFQCViBuw/Z6MFQCViBuw.stage_config.json from original name : data/scene_datasets/mp3d/Z6MFQCViBuw/Z6MFQCViBuw.glb | This file  does not exist.
I1211 21:54:09.653254 22445 AttributesManagerBase.h:283] AttributesManager<T>::createFromJsonOrDefaultInternal  (Stage) : Proposing JSON name : data/scene_datasets/mp3d/oLBMNvg9in8/oLBMNvg9in8.stage_config.json from original name : data/scene_datasets/mp3d/oLBMNvg9in8/oLBMNvg9in8.glb | This file  does not exist.
I1211 21:54:09.653357 22448 AbstractObjectAttributesManagerBase.h:181] AbstractObjectAttributesManager<T>::createObject  (Stage) : Done making attributes with handle : data/scene_datasets/mp3d/zsNo4HB9uLZ/zsNo4HB9uLZ.glb
I1211 21:54:09.653378 22448 AbstractObjectAttributesManagerBase.h:188] File (data/scene_datasets/mp3d/zsNo4HB9uLZ/zsNo4HB9uLZ.glb) exists but is not a recognized config filename extension, so new default Stage attributes created and registered.
I1211 21:54:09.653406 22448 Simulator.cpp:156] Loading navmesh from data/scene_datasets/mp3d/zsNo4HB9uLZ/zsNo4HB9uLZ.navmesh
I1211 21:54:09.653645 22441 AttributesManagerBase.h:283] AttributesManager<T>::createFromJsonOrDefaultInternal  (Physics Manager) : Proposing JSON name : ./data/default.physics_config.json from original name : ./data/default.physics_config.json | This file  does not exist.
I1211 21:54:09.653692 22441 PhysicsAttributesManager.cpp:27] File (./data/default.physics_config.json) not found, so new default physics manager attributes created and registered.
I1211 21:54:09.653717 22441 AbstractObjectAttributesManagerBase.h:175] AbstractObjectAttributesManager<T>::createObject  (Stage) : Making attributes with handle : data/scene_datasets/mp3d/x8F5xyUWy9e/x8F5xyUWy9e.glb
I1211 21:54:09.653731 22441 ManagedContainerBase.cpp:19] ManagedContainerBase::convertFilenameToJSON : Filename : data/scene_datasets/mp3d/x8F5xyUWy9e/x8F5xyUWy9e.glb changed to proposed JSON configuration filename : data/scene_datasets/mp3d/x8F5xyUWy9e/x8F5xyUWy9e.stage_config.json
I1211 21:54:09.653898 22444 AttributesManagerBase.h:283] AttributesManager<T>::createFromJsonOrDefaultInternal  (Stage) : Proposing JSON name : data/scene_datasets/mp3d/8194nk5LbLH/8194nk5LbLH.stage_config.json from original name : data/scene_datasets/mp3d/8194nk5LbLH/8194nk5LbLH.glb | This file  does not exist.
I1211 21:54:09.654105 22448 Simulator.cpp:158] Loaded.
I1211 21:54:09.654145 22448 SceneGraph.h:93] Created DrawableGroup: 
I1211 21:54:09.654590 22441 AttributesManagerBase.h:283] AttributesManager<T>::createFromJsonOrDefaultInternal  (Stage) : Proposing JSON name : data/scene_datasets/mp3d/x8F5xyUWy9e/x8F5xyUWy9e.stage_config.json from original name : data/scene_datasets/mp3d/x8F5xyUWy9e/x8F5xyUWy9e.glb | This file  does not exist.
I1211 21:54:09.655138 22444 AbstractObjectAttributesManagerBase.h:181] AbstractObjectAttributesManager<T>::createObject  (Stage) : Done making attributes with handle : data/scene_datasets/mp3d/8194nk5LbLH/8194nk5LbLH.glb
I1211 21:54:09.655159 22444 AbstractObjectAttributesManagerBase.h:188] File (data/scene_datasets/mp3d/8194nk5LbLH/8194nk5LbLH.glb) exists but is not a recognized config filename extension, so new default Stage attributes created and registered.
I1211 21:54:09.655200 22444 Simulator.cpp:156] Loading navmesh from data/scene_datasets/mp3d/8194nk5LbLH/8194nk5LbLH.navmesh
I1211 21:54:09.655234 22442 AttributesManagerBase.h:283] AttributesManager<T>::createFromJsonOrDefaultInternal  (Physics Manager) : Proposing JSON name : ./data/default.physics_config.json from original name : ./data/default.physics_config.json | This file  does not exist.
I1211 21:54:09.655277 22442 PhysicsAttributesManager.cpp:27] File (./data/default.physics_config.json) not found, so new default physics manager attributes created and registered.
I1211 21:54:09.655295 22442 AbstractObjectAttributesManagerBase.h:175] AbstractObjectAttributesManager<T>::createObject  (Stage) : Making attributes with handle : data/scene_datasets/mp3d/X7HyMhZNoso/X7HyMhZNoso.glb
I1211 21:54:09.655308 22442 ManagedContainerBase.cpp:19] ManagedContainerBase::convertFilenameToJSON : Filename : data/scene_datasets/mp3d/X7HyMhZNoso/X7HyMhZNoso.glb changed to proposed JSON configuration filename : data/scene_datasets/mp3d/X7HyMhZNoso/X7HyMhZNoso.stage_config.json
I1211 21:54:09.655519 22447 AttributesManagerBase.h:283] AttributesManager<T>::createFromJsonOrDefaultInternal  (Physics Manager) : Proposing JSON name : ./data/default.physics_config.json from original name : ./data/default.physics_config.json | This file  does not exist.
I1211 21:54:09.655562 22447 PhysicsAttributesManager.cpp:27] File (./data/default.physics_config.json) not found, so new default physics manager attributes created and registered.
I1211 21:54:09.655580 22447 AbstractObjectAttributesManagerBase.h:175] AbstractObjectAttributesManager<T>::createObject  (Stage) : Making attributes with handle : data/scene_datasets/mp3d/pLe4wQe7qrG/pLe4wQe7qrG.glb
I1211 21:54:09.655594 22447 ManagedContainerBase.cpp:19] ManagedContainerBase::convertFilenameToJSON : Filename : data/scene_datasets/mp3d/pLe4wQe7qrG/pLe4wQe7qrG.glb changed to proposed JSON configuration filename : data/scene_datasets/mp3d/pLe4wQe7qrG/pLe4wQe7qrG.stage_config.json
I1211 21:54:09.655967 22444 Simulator.cpp:158] Loaded.
I1211 21:54:09.655967 22442 AttributesManagerBase.h:283] AttributesManager<T>::createFromJsonOrDefaultInternal  (Stage) : Proposing JSON name : data/scene_datasets/mp3d/X7HyMhZNoso/X7HyMhZNoso.stage_config.json from original name : data/scene_datasets/mp3d/X7HyMhZNoso/X7HyMhZNoso.glb | This file  does not exist.
I1211 21:54:09.656002 22444 SceneGraph.h:93] Created DrawableGroup: 
I1211 21:54:09.656661 22447 AttributesManagerBase.h:283] AttributesManager<T>::createFromJsonOrDefaultInternal  (Stage) : Proposing JSON name : data/scene_datasets/mp3d/pLe4wQe7qrG/pLe4wQe7qrG.stage_config.json from original name : data/scene_datasets/mp3d/pLe4wQe7qrG/pLe4wQe7qrG.glb | This file  does not exist.
2023-12-11 21:54:09,657 initializing sim Sim-dual
I1211 21:54:09.657778 22447 AbstractObjectAttributesManagerBase.h:181] AbstractObjectAttributesManager<T>::createObject  (Stage) : Done making attributes with handle : data/scene_datasets/mp3d/pLe4wQe7qrG/pLe4wQe7qrG.glb
I1211 21:54:09.657804 22447 AbstractObjectAttributesManagerBase.h:188] File (data/scene_datasets/mp3d/pLe4wQe7qrG/pLe4wQe7qrG.glb) exists but is not a recognized config filename extension, so new default Stage attributes created and registered.
I1211 21:54:09.657829 22447 Simulator.cpp:156] Loading navmesh from data/scene_datasets/mp3d/pLe4wQe7qrG/pLe4wQe7qrG.navmesh
I1211 21:54:09.658526 22447 Simulator.cpp:158] Loaded.
I1211 21:54:09.658556 22447 SceneGraph.h:93] Created DrawableGroup: 
WARNING: Logging before InitGoogleLogging() is written to STDERR
I1211 21:54:09.660248 22443 ManagedContainerBase.cpp:19] ManagedContainerBase::convertFilenameToJSON : Filename : default changed to proposed JSON configuration filename : default.scene_dataset_config.json
I1211 21:54:09.660343 22443 AttributesManagerBase.h:283] AttributesManager<T>::createFromJsonOrDefaultInternal  (Dataset) : Proposing JSON name : default.scene_dataset_config.json from original name : default | This file  does not exist.
I1211 21:54:09.660591 22443 AssetAttributesManager.cpp:117] Asset attributes (capsule3DSolid : capsule3DSolid_hemiRings_4_cylRings_1_segments_12_halfLen_0.75_useTexCoords_false_useTangents_false) created and registered.
I1211 21:54:09.660749 22443 AssetAttributesManager.cpp:117] Asset attributes (capsule3DWireframe : capsule3DWireframe_hemiRings_8_cylRings_1_segments_16_halfLen_1) created and registered.
I1211 21:54:09.660876 22443 AssetAttributesManager.cpp:117] Asset attributes (coneSolid : coneSolid_segments_12_halfLen_1.25_rings_1_useTexCoords_false_useTangents_false_capEnd_true) created and registered.
I1211 21:54:09.660974 22443 AssetAttributesManager.cpp:117] Asset attributes (coneWireframe : coneWireframe_segments_32_halfLen_1.25) created and registered.
I1211 21:54:09.661026 22443 AssetAttributesManager.cpp:117] Asset attributes (cubeSolid : cubeSolid) created and registered.
I1211 21:54:09.661067 22443 AssetAttributesManager.cpp:117] Asset attributes (cubeWireframe : cubeWireframe) created and registered.
I1211 21:54:09.661173 22443 AssetAttributesManager.cpp:117] Asset attributes (cylinderSolid : cylinderSolid_rings_1_segments_12_halfLen_1_useTexCoords_false_useTangents_false_capEnds_true) created and registered.
I1211 21:54:09.661264 22443 AssetAttributesManager.cpp:117] Asset attributes (cylinderWireframe : cylinderWireframe_rings_1_segments_32_halfLen_1) created and registered.
I1211 21:54:09.661327 22443 AssetAttributesManager.cpp:117] Asset attributes (icosphereSolid : icosphereSolid_subdivs_1) created and registered.
I1211 21:54:09.661391 22443 AssetAttributesManager.cpp:117] Asset attributes (icosphereWireframe : icosphereWireframe_subdivs_1) created and registered.
I1211 21:54:09.661459 22443 AssetAttributesManager.cpp:117] Asset attributes (uvSphereSolid : uvSphereSolid_rings_8_segments_16_useTexCoords_false_useTangents_false) created and registered.
I1211 21:54:09.661523 22443 AssetAttributesManager.cpp:117] Asset attributes (uvSphereWireframe : uvSphereWireframe_rings_16_segments_32) created and registered.
I1211 21:54:09.661556 22443 AssetAttributesManager.cpp:105] AssetAttributesManager::buildCtorFuncPtrMaps : Built default primitive asset templates : 12
I1211 21:54:09.663323 22443 SceneDatasetAttributesManager.cpp:23] File (default) not found, so new default dataset attributes created and registered.
I1211 21:54:09.663359 22443 MetadataMediator.cpp:47] MetadataMediator::createDataset : Dataset default successfully created.
I1211 21:54:09.674925 22443 AttributesManagerBase.h:283] AttributesManager<T>::createFromJsonOrDefaultInternal  (Physics Manager) : Proposing JSON name : ./data/default.physics_config.json from original name : ./data/default.physics_config.json | This file  does not exist.
I1211 21:54:09.674964 22445 AbstractObjectAttributesManagerBase.h:181] AbstractObjectAttributesManager<T>::createObject  (Stage) : Done making attributes with handle : data/scene_datasets/mp3d/oLBMNvg9in8/oLBMNvg9in8.glb
I1211 21:54:09.674996 22445 AbstractObjectAttributesManagerBase.h:188] File (data/scene_datasets/mp3d/oLBMNvg9in8/oLBMNvg9in8.glb) exists but is not a recognized config filename extension, so new default Stage attributes created and registered.
I1211 21:54:09.674999 22443 PhysicsAttributesManager.cpp:27] File (./data/default.physics_config.json) not found, so new default physics manager attributes created and registered.
I1211 21:54:09.675029 22445 Simulator.cpp:156] Loading navmesh from data/scene_datasets/mp3d/oLBMNvg9in8/oLBMNvg9in8.navmesh
I1211 21:54:09.675035 22443 AbstractObjectAttributesManagerBase.h:175] AbstractObjectAttributesManager<T>::createObject  (Stage) : Making attributes with handle : data/scene_datasets/mp3d/TbHJrupSAjP/TbHJrupSAjP.glb
I1211 21:54:09.675060 22443 ManagedContainerBase.cpp:19] ManagedContainerBase::convertFilenameToJSON : Filename : data/scene_datasets/mp3d/TbHJrupSAjP/TbHJrupSAjP.glb changed to proposed JSON configuration filename : data/scene_datasets/mp3d/TbHJrupSAjP/TbHJrupSAjP.stage_config.json
I1211 21:54:09.675874 22443 AttributesManagerBase.h:283] AttributesManager<T>::createFromJsonOrDefaultInternal  (Stage) : Proposing JSON name : data/scene_datasets/mp3d/TbHJrupSAjP/TbHJrupSAjP.stage_config.json from original name : data/scene_datasets/mp3d/TbHJrupSAjP/TbHJrupSAjP.glb | This file  does not exist.
I1211 21:54:09.676225 22445 Simulator.cpp:158] Loaded.
I1211 21:54:09.676268 22445 SceneGraph.h:93] Created DrawableGroup: 
I1211 21:54:09.677187 22443 AbstractObjectAttributesManagerBase.h:181] AbstractObjectAttributesManager<T>::createObject  (Stage) : Done making attributes with handle : data/scene_datasets/mp3d/TbHJrupSAjP/TbHJrupSAjP.glb
I1211 21:54:09.677232 22443 AbstractObjectAttributesManagerBase.h:188] File (data/scene_datasets/mp3d/TbHJrupSAjP/TbHJrupSAjP.glb) exists but is not a recognized config filename extension, so new default Stage attributes created and registered.
I1211 21:54:09.677275 22443 Simulator.cpp:156] Loading navmesh from data/scene_datasets/mp3d/TbHJrupSAjP/TbHJrupSAjP.navmesh
I1211 21:54:09.677965 22443 Simulator.cpp:158] Loaded.
I1211 21:54:09.678025 22443 SceneGraph.h:93] Created DrawableGroup: 
I1211 21:54:09.678395 22441 AbstractObjectAttributesManagerBase.h:181] AbstractObjectAttributesManager<T>::createObject  (Stage) : Done making attributes with handle : data/scene_datasets/mp3d/x8F5xyUWy9e/x8F5xyUWy9e.glb
I1211 21:54:09.678419 22441 AbstractObjectAttributesManagerBase.h:188] File (data/scene_datasets/mp3d/x8F5xyUWy9e/x8F5xyUWy9e.glb) exists but is not a recognized config filename extension, so new default Stage attributes created and registered.
I1211 21:54:09.678444 22441 Simulator.cpp:156] Loading navmesh from data/scene_datasets/mp3d/x8F5xyUWy9e/x8F5xyUWy9e.navmesh
I1211 21:54:09.679258 22441 Simulator.cpp:158] Loaded.
I1211 21:54:09.679294 22441 SceneGraph.h:93] Created DrawableGroup: 
I1211 21:54:09.679415 22446 AbstractObjectAttributesManagerBase.h:181] AbstractObjectAttributesManager<T>::createObject  (Stage) : Done making attributes with handle : data/scene_datasets/mp3d/Z6MFQCViBuw/Z6MFQCViBuw.glb
I1211 21:54:09.679440 22446 AbstractObjectAttributesManagerBase.h:188] File (data/scene_datasets/mp3d/Z6MFQCViBuw/Z6MFQCViBuw.glb) exists but is not a recognized config filename extension, so new default Stage attributes created and registered.
I1211 21:54:09.679466 22446 Simulator.cpp:156] Loading navmesh from data/scene_datasets/mp3d/Z6MFQCViBuw/Z6MFQCViBuw.navmesh
I1211 21:54:09.680613 22446 Simulator.cpp:158] Loaded.
I1211 21:54:09.680653 22446 SceneGraph.h:93] Created DrawableGroup: 
I1211 21:54:09.682319 22442 AbstractObjectAttributesManagerBase.h:181] AbstractObjectAttributesManager<T>::createObject  (Stage) : Done making attributes with handle : data/scene_datasets/mp3d/X7HyMhZNoso/X7HyMhZNoso.glb
I1211 21:54:09.682369 22442 AbstractObjectAttributesManagerBase.h:188] File (data/scene_datasets/mp3d/X7HyMhZNoso/X7HyMhZNoso.glb) exists but is not a recognized config filename extension, so new default Stage attributes created and registered.
I1211 21:54:09.682420 22442 Simulator.cpp:156] Loading navmesh from data/scene_datasets/mp3d/X7HyMhZNoso/X7HyMhZNoso.navmesh
I1211 21:54:09.697737 22442 Simulator.cpp:158] Loaded.
I1211 21:54:09.697814 22442 SceneGraph.h:93] Created DrawableGroup: 
Renderer: Tesla V100-PCIE-32GB/PCIe/SSE2 by NVIDIA Corporation
OpenGL version: 4.6.0 NVIDIA 530.30.02
Using optional features:
    GL_ARB_ES2_compatibility
    GL_ARB_direct_state_access
    GL_ARB_get_texture_sub_image
    GL_ARB_invalidate_subdata
    GL_ARB_multi_bind
    GL_ARB_robustness
    GL_ARB_separate_shader_objects
    GL_ARB_texture_filter_anisotropic
    GL_ARB_texture_storage
    GL_ARB_texture_storage_multisample
    GL_ARB_vertex_array_object
    GL_KHR_debug
Using driver workarounds:
    no-forward-compatible-core-context
    nv-egl-incorrect-gl11-function-pointers
    no-layout-qualifiers-on-old-glsl
    nv-zero-context-profile-mask
    nv-implementation-color-read-format-dsa-broken
    nv-cubemap-inconsistent-compressed-image-size
    nv-cubemap-broken-full-compressed-image-query
    nv-compressed-block-size-in-bits
Renderer: Tesla V100-PCIE-32GB/PCIe/SSE2 by NVIDIA Corporation
OpenGL version: 4.6.0 NVIDIA 530.30.02
Using optional features:
    GL_ARB_ES2_compatibility
    GL_ARB_direct_state_access
    GL_ARB_get_texture_sub_image
    GL_ARB_invalidate_subdata
    GL_ARB_multi_bind
    GL_ARB_robustness
    GL_ARB_separate_shader_objects
    GL_ARB_texture_filter_anisotropic
    GL_ARB_texture_storage
    GL_ARB_texture_storage_multisample
    GL_ARB_vertex_array_object
    GL_KHR_debug
Using driver workarounds:
    no-forward-compatible-core-context
    nv-egl-incorrect-gl11-function-pointers
    no-layout-qualifiers-on-old-glsl
    nv-zero-context-profile-mask
    nv-implementation-color-read-format-dsa-broken
    nv-cubemap-inconsistent-compressed-image-size
    nv-cubemap-broken-full-compressed-image-query
    nv-compressed-block-size-in-bits
I1211 21:54:10.326699 22447 ResourceManager.cpp:234] ResourceManager::loadStage : Not loading semantic mesh
I1211 21:54:10.326766 22447 ResourceManager.cpp:262] ResourceManager::loadStage : start load render asset data/scene_datasets/mp3d/pLe4wQe7qrG/pLe4wQe7qrG.glb.
I1211 21:54:10.326781 22447 ResourceManager.cpp:569] ResourceManager::loadStageInternal : Attempting to load stage data/scene_datasets/mp3d/pLe4wQe7qrG/pLe4wQe7qrG.glb 
I1211 21:54:10.326823 22447 ResourceManager.cpp:1119] Importing Basis files as BC7 for pLe4wQe7qrG.glb
I1211 21:54:10.327136 22445 ResourceManager.cpp:234] ResourceManager::loadStage : Not loading semantic mesh
I1211 21:54:10.327185 22445 ResourceManager.cpp:262] ResourceManager::loadStage : start load render asset data/scene_datasets/mp3d/oLBMNvg9in8/oLBMNvg9in8.glb.
I1211 21:54:10.327203 22445 ResourceManager.cpp:569] ResourceManager::loadStageInternal : Attempting to load stage data/scene_datasets/mp3d/oLBMNvg9in8/oLBMNvg9in8.glb 
I1211 21:54:10.327248 22445 ResourceManager.cpp:1119] Importing Basis files as BC7 for oLBMNvg9in8.glb
Renderer: Tesla V100-PCIE-32GB/PCIe/SSE2 by NVIDIA Corporation
OpenGL version: 4.6.0 NVIDIA 530.30.02
Using optional features:
    GL_ARB_ES2_compatibility
    GL_ARB_direct_state_access
    GL_ARB_get_texture_sub_image
    GL_ARB_invalidate_subdata
    GL_ARB_multi_bind
    GL_ARB_robustness
    GL_ARB_separate_shader_objects
    GL_ARB_texture_filter_anisotropic
    GL_ARB_texture_storage
    GL_ARB_texture_storage_multisample
    GL_ARB_vertex_array_object
    GL_KHR_debug
Using driver workarounds:
    no-forward-compatible-core-context
    nv-egl-incorrect-gl11-function-pointers
    no-layout-qualifiers-on-old-glsl
    nv-zero-context-profile-mask
    nv-implementation-color-read-format-dsa-broken
    nv-cubemap-inconsistent-compressed-image-size
    nv-cubemap-broken-full-compressed-image-query
    nv-compressed-block-size-in-bits
Renderer: Tesla V100-PCIE-32GB/PCIe/SSE2 by NVIDIA Corporation
OpenGL version: 4.6.0 NVIDIA 530.30.02
Using optional features:
    GL_ARB_ES2_compatibility
    GL_ARB_direct_state_access
    GL_ARB_get_texture_sub_image
    GL_ARB_invalidate_subdata
    GL_ARB_multi_bind
    GL_ARB_robustness
    GL_ARB_separate_shader_objects
    GL_ARB_texture_filter_anisotropic
    GL_ARB_texture_storage
    GL_ARB_texture_storage_multisample
    GL_ARB_vertex_array_object
    GL_KHR_debug
Using driver workarounds:
    no-forward-compatible-core-context
    nv-egl-incorrect-gl11-function-pointers
    no-layout-qualifiers-on-old-glsl
    nv-zero-context-profile-mask
    nv-implementation-color-read-format-dsa-broken
    nv-cubemap-inconsistent-compressed-image-size
    nv-cubemap-broken-full-compressed-image-query
    nv-compressed-block-size-in-bits
I1211 21:54:10.399861 22443 ResourceManager.cpp:234] ResourceManager::loadStage : Not loading semantic mesh
I1211 21:54:10.399955 22443 ResourceManager.cpp:262] ResourceManager::loadStage : start load render asset data/scene_datasets/mp3d/TbHJrupSAjP/TbHJrupSAjP.glb.
I1211 21:54:10.399973 22443 ResourceManager.cpp:569] ResourceManager::loadStageInternal : Attempting to load stage data/scene_datasets/mp3d/TbHJrupSAjP/TbHJrupSAjP.glb 
I1211 21:54:10.400027 22443 ResourceManager.cpp:1119] Importing Basis files as BC7 for TbHJrupSAjP.glb
Renderer: Tesla V100-PCIE-32GB/PCIe/SSE2 by NVIDIA Corporation
OpenGL version: 4.6.0 NVIDIA 530.30.02
Using optional features:
    GL_ARB_ES2_compatibility
    GL_ARB_direct_state_access
    GL_ARB_get_texture_sub_image
    GL_ARB_invalidate_subdata
    GL_ARB_multi_bind
    GL_ARB_robustness
    GL_ARB_separate_shader_objects
    GL_ARB_texture_filter_anisotropic
    GL_ARB_texture_storage
    GL_ARB_texture_storage_multisample
    GL_ARB_vertex_array_object
    GL_KHR_debug
Using driver workarounds:
    no-forward-compatible-core-context
    nv-egl-incorrect-gl11-function-pointers
    no-layout-qualifiers-on-old-glsl
    nv-zero-context-profile-mask
    nv-implementation-color-read-format-dsa-broken
    nv-cubemap-inconsistent-compressed-image-size
    nv-cubemap-broken-full-compressed-image-query
    nv-compressed-block-size-in-bits
I1211 21:54:10.400838 22442 ResourceManager.cpp:234] ResourceManager::loadStage : Not loading semantic mesh
I1211 21:54:10.400908 22442 ResourceManager.cpp:262] ResourceManager::loadStage : start load render asset data/scene_datasets/mp3d/X7HyMhZNoso/X7HyMhZNoso.glb.
I1211 21:54:10.400928 22442 ResourceManager.cpp:569] ResourceManager::loadStageInternal : Attempting to load stage data/scene_datasets/mp3d/X7HyMhZNoso/X7HyMhZNoso.glb 
I1211 21:54:10.400977 22442 ResourceManager.cpp:1119] Importing Basis files as BC7 for X7HyMhZNoso.glb
I1211 21:54:10.401583 22444 ResourceManager.cpp:234] ResourceManager::loadStage : Not loading semantic mesh
I1211 21:54:10.401633 22444 ResourceManager.cpp:262] ResourceManager::loadStage : start load render asset data/scene_datasets/mp3d/8194nk5LbLH/8194nk5LbLH.glb.
I1211 21:54:10.401649 22444 ResourceManager.cpp:569] ResourceManager::loadStageInternal : Attempting to load stage data/scene_datasets/mp3d/8194nk5LbLH/8194nk5LbLH.glb 
I1211 21:54:10.401723 22444 ResourceManager.cpp:1119] Importing Basis files as BC7 for 8194nk5LbLH.glb
Renderer: Tesla V100-PCIE-32GB/PCIe/SSE2 by NVIDIA Corporation
OpenGL version: 4.6.0 NVIDIA 530.30.02
Using optional features:
    GL_ARB_ES2_compatibility
    GL_ARB_direct_state_access
    GL_ARB_get_texture_sub_image
    GL_ARB_invalidate_subdata
    GL_ARB_multi_bind
    GL_ARB_robustness
    GL_ARB_separate_shader_objects
    GL_ARB_texture_filter_anisotropic
    GL_ARB_texture_storage
    GL_ARB_texture_storage_multisample
    GL_ARB_vertex_array_object
    GL_KHR_debug
Using driver workarounds:
    no-forward-compatible-core-context
    nv-egl-incorrect-gl11-function-pointers
    no-layout-qualifiers-on-old-glsl
    nv-zero-context-profile-mask
    nv-implementation-color-read-format-dsa-broken
    nv-cubemap-inconsistent-compressed-image-size
    nv-cubemap-broken-full-compressed-image-query
    nv-compressed-block-size-in-bits
I1211 21:54:10.408118 22448 ResourceManager.cpp:234] ResourceManager::loadStage : Not loading semantic mesh
I1211 21:54:10.408154 22448 ResourceManager.cpp:262] ResourceManager::loadStage : start load render asset data/scene_datasets/mp3d/zsNo4HB9uLZ/zsNo4HB9uLZ.glb.
I1211 21:54:10.408167 22448 ResourceManager.cpp:569] ResourceManager::loadStageInternal : Attempting to load stage data/scene_datasets/mp3d/zsNo4HB9uLZ/zsNo4HB9uLZ.glb 
I1211 21:54:10.408205 22448 ResourceManager.cpp:1119] Importing Basis files as BC7 for zsNo4HB9uLZ.glb
Renderer: Tesla V100-PCIE-32GB/PCIe/SSE2 by NVIDIA Corporation
OpenGL version: 4.6.0 NVIDIA 530.30.02
Using optional features:
    GL_ARB_ES2_compatibility
    GL_ARB_direct_state_access
    GL_ARB_get_texture_sub_image
    GL_ARB_invalidate_subdata
    GL_ARB_multi_bind
    GL_ARB_robustness
    GL_ARB_separate_shader_objects
    GL_ARB_texture_filter_anisotropic
    GL_ARB_texture_storage
    GL_ARB_texture_storage_multisample
    GL_ARB_vertex_array_object
    GL_KHR_debug
Using driver workarounds:
    no-forward-compatible-core-context
    nv-egl-incorrect-gl11-function-pointers
    no-layout-qualifiers-on-old-glsl
    nv-zero-context-profile-mask
    nv-implementation-color-read-format-dsa-broken
    nv-cubemap-inconsistent-compressed-image-size
    nv-cubemap-broken-full-compressed-image-query
    nv-compressed-block-size-in-bits
Renderer: Tesla V100-PCIE-32GB/PCIe/SSE2 by NVIDIA Corporation
OpenGL version: 4.6.0 NVIDIA 530.30.02
Using optional features:
    GL_ARB_ES2_compatibility
    GL_ARB_direct_state_access
    GL_ARB_get_texture_sub_image
    GL_ARB_invalidate_subdata
    GL_ARB_multi_bind
    GL_ARB_robustness
    GL_ARB_separate_shader_objects
    GL_ARB_texture_filter_anisotropic
    GL_ARB_texture_storage
    GL_ARB_texture_storage_multisample
    GL_ARB_vertex_array_object
    GL_KHR_debug
Using driver workarounds:
    no-forward-compatible-core-context
    nv-egl-incorrect-gl11-function-pointers
    no-layout-qualifiers-on-old-glsl
    nv-zero-context-profile-mask
    nv-implementation-color-read-format-dsa-broken
    nv-cubemap-inconsistent-compressed-image-size
    nv-cubemap-broken-full-compressed-image-query
    nv-compressed-block-size-in-bits
I1211 21:54:10.412752 22441 ResourceManager.cpp:234] ResourceManager::loadStage : Not loading semantic mesh
I1211 21:54:10.412820 22441 ResourceManager.cpp:262] ResourceManager::loadStage : start load render asset data/scene_datasets/mp3d/x8F5xyUWy9e/x8F5xyUWy9e.glb.
I1211 21:54:10.412837 22441 ResourceManager.cpp:569] ResourceManager::loadStageInternal : Attempting to load stage data/scene_datasets/mp3d/x8F5xyUWy9e/x8F5xyUWy9e.glb 
I1211 21:54:10.412890 22441 ResourceManager.cpp:1119] Importing Basis files as BC7 for x8F5xyUWy9e.glb
I1211 21:54:10.413308 22446 ResourceManager.cpp:234] ResourceManager::loadStage : Not loading semantic mesh
I1211 21:54:10.413369 22446 ResourceManager.cpp:262] ResourceManager::loadStage : start load render asset data/scene_datasets/mp3d/Z6MFQCViBuw/Z6MFQCViBuw.glb.
I1211 21:54:10.413388 22446 ResourceManager.cpp:569] ResourceManager::loadStageInternal : Attempting to load stage data/scene_datasets/mp3d/Z6MFQCViBuw/Z6MFQCViBuw.glb 
I1211 21:54:10.413439 22446 ResourceManager.cpp:1119] Importing Basis files as BC7 for Z6MFQCViBuw.glb
W1211 21:54:11.996145 22441 Simulator.cpp:248] :
---
 The active scene does not contain semantic annotations. 
---
W1211 21:54:12.013789 22447 Simulator.cpp:248] :
---
 The active scene does not contain semantic annotations. 
---
I1211 21:54:12.051254 22447 simulator.py:213] Loaded navmesh data/scene_datasets/mp3d/pLe4wQe7qrG/pLe4wQe7qrG.navmesh
2023-12-11 21:54:12,054 Initializing task VLN-v0
I1211 21:54:12.101428 22441 simulator.py:213] Loaded navmesh data/scene_datasets/mp3d/x8F5xyUWy9e/x8F5xyUWy9e.navmesh
2023-12-11 21:54:12,104 Initializing task VLN-v0
W1211 21:54:12.545831 22444 Simulator.cpp:248] :
---
 The active scene does not contain semantic annotations. 
---
I1211 21:54:12.619147 22444 simulator.py:213] Loaded navmesh data/scene_datasets/mp3d/8194nk5LbLH/8194nk5LbLH.navmesh
2023-12-11 21:54:12,622 Initializing task VLN-v0
W1211 21:54:13.006529 22448 Simulator.cpp:248] :
---
 The active scene does not contain semantic annotations. 
---
I1211 21:54:13.166131 22448 simulator.py:213] Loaded navmesh data/scene_datasets/mp3d/zsNo4HB9uLZ/zsNo4HB9uLZ.navmesh
2023-12-11 21:54:13,169 Initializing task VLN-v0
W1211 21:54:14.121754 22442 Simulator.cpp:248] :
---
 The active scene does not contain semantic annotations. 
---
I1211 21:54:14.302967 22442 simulator.py:213] Loaded navmesh data/scene_datasets/mp3d/X7HyMhZNoso/X7HyMhZNoso.navmesh
2023-12-11 21:54:14,306 Initializing task VLN-v0
W1211 21:54:15.604887 22443 Simulator.cpp:248] :
---
 The active scene does not contain semantic annotations. 
---
I1211 21:54:15.889359 22443 simulator.py:213] Loaded navmesh data/scene_datasets/mp3d/TbHJrupSAjP/TbHJrupSAjP.navmesh
2023-12-11 21:54:15,892 Initializing task VLN-v0
W1211 21:54:16.473452 22445 Simulator.cpp:248] :
---
 The active scene does not contain semantic annotations. 
---
I1211 21:54:16.888556 22445 simulator.py:213] Loaded navmesh data/scene_datasets/mp3d/oLBMNvg9in8/oLBMNvg9in8.navmesh
2023-12-11 21:54:16,893 Initializing task VLN-v0
W1211 21:54:20.307300 22446 Simulator.cpp:248] :
---
 The active scene does not contain semantic annotations. 
---
I1211 21:54:20.468102 22446 simulator.py:213] Loaded navmesh data/scene_datasets/mp3d/Z6MFQCViBuw/Z6MFQCViBuw.navmesh
2023-12-11 21:54:20,473 Initializing task VLN-v0
2023-12-11 21:54:24,358 Loaded weights from checkpoint: experiments/checkpoints/intuit/hpc2/cma_pm_aug/ckpt.2.pth
2023-12-11 21:54:24,358 Finished setting up actor critic model.
I1211 22:03:05.173142 22441 PhysicsManager.cpp:33] Deconstructing PhysicsManager
I1211 22:03:05.173307 22441 SemanticScene.h:41] Deconstructing SemanticScene
I1211 22:03:05.175251 22441 SceneManager.h:25] Deconstructing SceneManager
I1211 22:03:05.175282 22441 SceneGraph.h:26] Deconstructing SceneGraph
I1211 22:03:05.176169 22441 Sensor.h:87] Deconstructing Sensor
I1211 22:03:05.176476 22441 Sensor.h:87] Deconstructing Sensor
I1211 22:03:05.178179 22441 Renderer.cpp:34] Deconstructing Renderer
I1211 22:03:05.178225 22441 WindowlessContext.h:17] Deconstructing WindowlessContext
I1211 22:03:05.183323 22441 MetadataMediator.cpp:56] MetadataMediator::setActiveSceneDatasetName : Old active dataset default changed to default successfully.
I1211 22:03:05.183985 22441 AttributesManagerBase.h:283] AttributesManager<T>::createFromJsonOrDefaultInternal  (Physics Manager) : Proposing JSON name : ./data/default.physics_config.json from original name : ./data/default.physics_config.json | This file  does not exist.
I1211 22:03:05.184072 22441 PhysicsAttributesManager.cpp:27] File (./data/default.physics_config.json) not found, so new default physics manager attributes created and registered.
I1211 22:03:05.184098 22441 AbstractObjectAttributesManagerBase.h:175] AbstractObjectAttributesManager<T>::createObject  (Stage) : Making attributes with handle : data/scene_datasets/mp3d/2azQ1b91cZZ/2azQ1b91cZZ.glb
I1211 22:03:05.184119 22441 ManagedContainerBase.cpp:19] ManagedContainerBase::convertFilenameToJSON : Filename : data/scene_datasets/mp3d/2azQ1b91cZZ/2azQ1b91cZZ.glb changed to proposed JSON configuration filename : data/scene_datasets/mp3d/2azQ1b91cZZ/2azQ1b91cZZ.stage_config.json
I1211 22:03:05.184864 22441 AttributesManagerBase.h:283] AttributesManager<T>::createFromJsonOrDefaultInternal  (Stage) : Proposing JSON name : data/scene_datasets/mp3d/2azQ1b91cZZ/2azQ1b91cZZ.stage_config.json from original name : data/scene_datasets/mp3d/2azQ1b91cZZ/2azQ1b91cZZ.glb | This file  does not exist.
I1211 22:03:05.186192 22441 AbstractObjectAttributesManagerBase.h:181] AbstractObjectAttributesManager<T>::createObject  (Stage) : Done making attributes with handle : data/scene_datasets/mp3d/2azQ1b91cZZ/2azQ1b91cZZ.glb
I1211 22:03:05.186223 22441 AbstractObjectAttributesManagerBase.h:188] File (data/scene_datasets/mp3d/2azQ1b91cZZ/2azQ1b91cZZ.glb) exists but is not a recognized config filename extension, so new default Stage attributes created and registered.
I1211 22:03:05.186252 22441 Simulator.cpp:156] Loading navmesh from data/scene_datasets/mp3d/2azQ1b91cZZ/2azQ1b91cZZ.navmesh
I1211 22:03:05.205348 22441 Simulator.cpp:158] Loaded.
I1211 22:03:05.205402 22441 SceneGraph.h:93] Created DrawableGroup: 
Renderer: Tesla V100-PCIE-32GB/PCIe/SSE2 by NVIDIA Corporation
OpenGL version: 4.6.0 NVIDIA 530.30.02
Using optional features:
    GL_ARB_ES2_compatibility
    GL_ARB_direct_state_access
    GL_ARB_get_texture_sub_image
    GL_ARB_invalidate_subdata
    GL_ARB_multi_bind
    GL_ARB_robustness
    GL_ARB_separate_shader_objects
    GL_ARB_texture_filter_anisotropic
    GL_ARB_texture_storage
    GL_ARB_texture_storage_multisample
    GL_ARB_vertex_array_object
    GL_KHR_debug
Using driver workarounds:
    no-forward-compatible-core-context
    nv-egl-incorrect-gl11-function-pointers
    no-layout-qualifiers-on-old-glsl
    nv-zero-context-profile-mask
    nv-implementation-color-read-format-dsa-broken
    nv-cubemap-inconsistent-compressed-image-size
    nv-cubemap-broken-full-compressed-image-query
    nv-compressed-block-size-in-bits
I1211 22:03:05.211156 22441 ResourceManager.cpp:234] ResourceManager::loadStage : Not loading semantic mesh
I1211 22:03:05.211200 22441 ResourceManager.cpp:262] ResourceManager::loadStage : start load render asset data/scene_datasets/mp3d/2azQ1b91cZZ/2azQ1b91cZZ.glb.
I1211 22:03:05.211218 22441 ResourceManager.cpp:569] ResourceManager::loadStageInternal : Attempting to load stage data/scene_datasets/mp3d/2azQ1b91cZZ/2azQ1b91cZZ.glb 
I1211 22:03:05.211254 22441 ResourceManager.cpp:1119] Importing Basis files as BC7 for 2azQ1b91cZZ.glb
W1211 22:03:12.574676 22441 Simulator.cpp:248] :
---
 The active scene does not contain semantic annotations. 
---
I1211 22:03:12.968934 22441 simulator.py:213] Loaded navmesh data/scene_datasets/mp3d/2azQ1b91cZZ/2azQ1b91cZZ.navmesh
I1211 22:14:46.218504 22442 PhysicsManager.cpp:33] Deconstructing PhysicsManager
I1211 22:14:46.218755 22442 SemanticScene.h:41] Deconstructing SemanticScene
I1211 22:14:46.227099 22442 SceneManager.h:25] Deconstructing SceneManager
I1211 22:14:46.227133 22442 SceneGraph.h:26] Deconstructing SceneGraph
I1211 22:14:46.228152 22442 Sensor.h:87] Deconstructing Sensor
I1211 22:14:46.228587 22442 Sensor.h:87] Deconstructing Sensor
I1211 22:14:46.243356 22442 Renderer.cpp:34] Deconstructing Renderer
I1211 22:14:46.243400 22442 WindowlessContext.h:17] Deconstructing WindowlessContext
I1211 22:14:46.254333 22442 MetadataMediator.cpp:56] MetadataMediator::setActiveSceneDatasetName : Old active dataset default changed to default successfully.
I1211 22:14:46.254910 22442 AttributesManagerBase.h:283] AttributesManager<T>::createFromJsonOrDefaultInternal  (Physics Manager) : Proposing JSON name : ./data/default.physics_config.json from original name : ./data/default.physics_config.json | This file  does not exist.
I1211 22:14:46.255003 22442 PhysicsAttributesManager.cpp:27] File (./data/default.physics_config.json) not found, so new default physics manager attributes created and registered.
I1211 22:14:46.255054 22442 AbstractObjectAttributesManagerBase.h:175] AbstractObjectAttributesManager<T>::createObject  (Stage) : Making attributes with handle : data/scene_datasets/mp3d/EU6Fwq7SyZv/EU6Fwq7SyZv.glb
I1211 22:14:46.255075 22442 ManagedContainerBase.cpp:19] ManagedContainerBase::convertFilenameToJSON : Filename : data/scene_datasets/mp3d/EU6Fwq7SyZv/EU6Fwq7SyZv.glb changed to proposed JSON configuration filename : data/scene_datasets/mp3d/EU6Fwq7SyZv/EU6Fwq7SyZv.stage_config.json
I1211 22:14:46.255978 22442 AttributesManagerBase.h:283] AttributesManager<T>::createFromJsonOrDefaultInternal  (Stage) : Proposing JSON name : data/scene_datasets/mp3d/EU6Fwq7SyZv/EU6Fwq7SyZv.stage_config.json from original name : data/scene_datasets/mp3d/EU6Fwq7SyZv/EU6Fwq7SyZv.glb | This file  does not exist.
I1211 22:14:46.257087 22442 AbstractObjectAttributesManagerBase.h:181] AbstractObjectAttributesManager<T>::createObject  (Stage) : Done making attributes with handle : data/scene_datasets/mp3d/EU6Fwq7SyZv/EU6Fwq7SyZv.glb
I1211 22:14:46.257122 22442 AbstractObjectAttributesManagerBase.h:188] File (data/scene_datasets/mp3d/EU6Fwq7SyZv/EU6Fwq7SyZv.glb) exists but is not a recognized config filename extension, so new default Stage attributes created and registered.
I1211 22:14:46.257148 22442 Simulator.cpp:156] Loading navmesh from data/scene_datasets/mp3d/EU6Fwq7SyZv/EU6Fwq7SyZv.navmesh
I1211 22:14:46.258184 22442 Simulator.cpp:158] Loaded.
I1211 22:14:46.258225 22442 SceneGraph.h:93] Created DrawableGroup: 
Renderer: Tesla V100-PCIE-32GB/PCIe/SSE2 by NVIDIA Corporation
OpenGL version: 4.6.0 NVIDIA 530.30.02
Using optional features:
    GL_ARB_ES2_compatibility
    GL_ARB_direct_state_access
    GL_ARB_get_texture_sub_image
    GL_ARB_invalidate_subdata
    GL_ARB_multi_bind
    GL_ARB_robustness
    GL_ARB_separate_shader_objects
    GL_ARB_texture_filter_anisotropic
    GL_ARB_texture_storage
    GL_ARB_texture_storage_multisample
    GL_ARB_vertex_array_object
    GL_KHR_debug
Using driver workarounds:
    no-forward-compatible-core-context
    nv-egl-incorrect-gl11-function-pointers
    no-layout-qualifiers-on-old-glsl
    nv-zero-context-profile-mask
    nv-implementation-color-read-format-dsa-broken
    nv-cubemap-inconsistent-compressed-image-size
    nv-cubemap-broken-full-compressed-image-query
    nv-compressed-block-size-in-bits
I1211 22:14:46.265697 22442 ResourceManager.cpp:234] ResourceManager::loadStage : Not loading semantic mesh
I1211 22:14:46.265744 22442 ResourceManager.cpp:262] ResourceManager::loadStage : start load render asset data/scene_datasets/mp3d/EU6Fwq7SyZv/EU6Fwq7SyZv.glb.
I1211 22:14:46.265758 22442 ResourceManager.cpp:569] ResourceManager::loadStageInternal : Attempting to load stage data/scene_datasets/mp3d/EU6Fwq7SyZv/EU6Fwq7SyZv.glb 
I1211 22:14:46.265787 22442 ResourceManager.cpp:1119] Importing Basis files as BC7 for EU6Fwq7SyZv.glb
W1211 22:14:51.817409 22442 Simulator.cpp:248] :
---
 The active scene does not contain semantic annotations. 
---
I1211 22:14:52.044099 22442 simulator.py:213] Loaded navmesh data/scene_datasets/mp3d/EU6Fwq7SyZv/EU6Fwq7SyZv.navmesh
I1211 22:16:39.926016 22443 PhysicsManager.cpp:33] Deconstructing PhysicsManager
I1211 22:16:39.926173 22443 SemanticScene.h:41] Deconstructing SemanticScene
I1211 22:16:39.930616 22443 SceneManager.h:25] Deconstructing SceneManager
I1211 22:16:39.930635 22443 SceneGraph.h:26] Deconstructing SceneGraph
I1211 22:16:39.931286 22443 Sensor.h:87] Deconstructing Sensor
I1211 22:16:39.931527 22443 Sensor.h:87] Deconstructing Sensor
I1211 22:16:39.945056 22443 Renderer.cpp:34] Deconstructing Renderer
I1211 22:16:39.945111 22443 WindowlessContext.h:17] Deconstructing WindowlessContext
I1211 22:16:39.963521 22443 MetadataMediator.cpp:56] MetadataMediator::setActiveSceneDatasetName : Old active dataset default changed to default successfully.
I1211 22:16:39.963954 22443 AttributesManagerBase.h:283] AttributesManager<T>::createFromJsonOrDefaultInternal  (Physics Manager) : Proposing JSON name : ./data/default.physics_config.json from original name : ./data/default.physics_config.json | This file  does not exist.
I1211 22:16:39.964020 22443 PhysicsAttributesManager.cpp:27] File (./data/default.physics_config.json) not found, so new default physics manager attributes created and registered.
I1211 22:16:39.964037 22443 AbstractObjectAttributesManagerBase.h:175] AbstractObjectAttributesManager<T>::createObject  (Stage) : Making attributes with handle : data/scene_datasets/mp3d/QUCTc6BB5sX/QUCTc6BB5sX.glb
I1211 22:16:39.964052 22443 ManagedContainerBase.cpp:19] ManagedContainerBase::convertFilenameToJSON : Filename : data/scene_datasets/mp3d/QUCTc6BB5sX/QUCTc6BB5sX.glb changed to proposed JSON configuration filename : data/scene_datasets/mp3d/QUCTc6BB5sX/QUCTc6BB5sX.stage_config.json
I1211 22:16:39.965051 22443 AttributesManagerBase.h:283] AttributesManager<T>::createFromJsonOrDefaultInternal  (Stage) : Proposing JSON name : data/scene_datasets/mp3d/QUCTc6BB5sX/QUCTc6BB5sX.stage_config.json from original name : data/scene_datasets/mp3d/QUCTc6BB5sX/QUCTc6BB5sX.glb | This file  does not exist.
I1211 22:16:39.982197 22443 AbstractObjectAttributesManagerBase.h:181] AbstractObjectAttributesManager<T>::createObject  (Stage) : Done making attributes with handle : data/scene_datasets/mp3d/QUCTc6BB5sX/QUCTc6BB5sX.glb
I1211 22:16:39.982218 22443 AbstractObjectAttributesManagerBase.h:188] File (data/scene_datasets/mp3d/QUCTc6BB5sX/QUCTc6BB5sX.glb) exists but is not a recognized config filename extension, so new default Stage attributes created and registered.
I1211 22:16:39.982237 22443 Simulator.cpp:156] Loading navmesh from data/scene_datasets/mp3d/QUCTc6BB5sX/QUCTc6BB5sX.navmesh
I1211 22:16:39.994177 22443 Simulator.cpp:158] Loaded.
I1211 22:16:39.994208 22443 SceneGraph.h:93] Created DrawableGroup: 
Renderer: Tesla V100-PCIE-32GB/PCIe/SSE2 by NVIDIA Corporation
OpenGL version: 4.6.0 NVIDIA 530.30.02
Using optional features:
    GL_ARB_ES2_compatibility
    GL_ARB_direct_state_access
    GL_ARB_get_texture_sub_image
    GL_ARB_invalidate_subdata
    GL_ARB_multi_bind
    GL_ARB_robustness
    GL_ARB_separate_shader_objects
    GL_ARB_texture_filter_anisotropic
    GL_ARB_texture_storage
    GL_ARB_texture_storage_multisample
    GL_ARB_vertex_array_object
    GL_KHR_debug
Using driver workarounds:
    no-forward-compatible-core-context
    nv-egl-incorrect-gl11-function-pointers
    no-layout-qualifiers-on-old-glsl
    nv-zero-context-profile-mask
    nv-implementation-color-read-format-dsa-broken
    nv-cubemap-inconsistent-compressed-image-size
    nv-cubemap-broken-full-compressed-image-query
    nv-compressed-block-size-in-bits
I1211 22:16:40.004240 22443 ResourceManager.cpp:234] ResourceManager::loadStage : Not loading semantic mesh
